 tbb

 Timestamp is 59c13503 (Tue Sep 19 11:17:23 2017)

 Preferred load address is 0000000180000000

 Start         Length     Name                   Class
 0001:00000000 00000040H .text$di                CODE
 0001:00000040 000359c0H .text$mn                CODE
 0001:00035a00 00000020H .text$mn$00             CODE
 0001:00035a20 000010c0H .text$x                 CODE
 0001:00036ae0 0000006eH .text$yd                CODE
 0002:00000000 00000308H .idata$5                DATA
 0002:00000308 00000010H .00cfg                  DATA
 0002:00000318 00000008H .CRT$XCA                DATA
 0002:00000320 00000018H .CRT$XCU                DATA
 0002:00000338 00000008H .CRT$XCZ                DATA
 0002:00000340 00000008H .CRT$XIA                DATA
 0002:00000348 00000018H .CRT$XIC                DATA
 0002:00000360 00000008H .CRT$XIZ                DATA
 0002:00000368 00000008H .CRT$XPA                DATA
 0002:00000370 00000010H .CRT$XPX                DATA
 0002:00000380 00000008H .CRT$XPXA               DATA
 0002:00000388 00000008H .CRT$XPZ                DATA
 0002:00000390 00000008H .CRT$XTA                DATA
 0002:00000398 00000008H .CRT$XTZ                DATA
 0002:000003a0 0000bd50H .rdata                  DATA
 0002:0000c0f0 000020bcH .rdata$r                DATA
 0002:0000e1ac 000003d4H .rdata$zzzdbg           DATA
 0002:0000e580 00000008H .rtc$IAA                DATA
 0002:0000e588 00000008H .rtc$IZZ                DATA
 0002:0000e590 00000008H .rtc$TAA                DATA
 0002:0000e598 00000008H .rtc$TZZ                DATA
 0002:0000e5a0 00004628H .xdata                  DATA
 0002:00012bc8 000006b8H .xdata$x                DATA
 0002:00013280 00003dc4H .edata                  DATA
 0002:00017044 00000014H .idata$2                DATA
 0002:00017058 00000018H .idata$3                DATA
 0002:00017070 00000308H .idata$4                DATA
 0002:00017378 00000730H .idata$6                DATA
 0003:00000000 00002ae0H .data                   DATA
 0003:00002ae0 00000c40H .data$r                 DATA
 0003:00003720 0000298cH .bss                    DATA
 0004:00000000 00003fc0H .pdata                  DATA
 0005:00000000 00000084H .gfids$x                DATA
 0005:00000084 000000f4H .gfids$y                DATA
 0006:00000000 000000a0H .rsrc$01                DATA
 0006:000000a0 00000558H .rsrc$02                DATA

  Address         Publics by Value              Rva+Base               Lib:Object

 0000:00000000       __dynamic_value_reloc_table 0000000000000000     <absolute>
 0000:00000000       __guard_iat_count          0000000000000000     <absolute>
 0000:00000000       __guard_iat_table          0000000000000000     <absolute>
 0000:00000000       __guard_fids_count         0000000000000000     <absolute>
 0000:00000000       __guard_longjmp_table      0000000000000000     <absolute>
 0000:00000000       __guard_longjmp_count      0000000000000000     <absolute>
 0000:00000000       __guard_fids_table         0000000000000000     <absolute>
 0000:00000100       __guard_flags              0000000000000100     <absolute>
 0000:00000000       __ImageBase                0000000180000000     <linker-defined>
 0001:00000040       ?internal_grow_predicate@hash_map_segment_base@internal@tbb@@QEBA_NXZ 0000000180001040 f   concurrent_hash_map.obj
 0001:00000070       ?note_affinity@task@tbb@@UEAAXG@Z 0000000180001070 f i task.obj
 0001:00000070       ?internal_destroy@reader_writer_lock@interface5@tbb@@AEAAXXZ 0000000180001070 f i reader_writer_lock.obj
 0001:00000070       ?finalize@filter@tbb@@UEAAXPEAX@Z 0000000180001070 f i pipeline.obj
 0001:00000070       ?destroy_condvar_noop@internal@tbb@@YAXPEAU_RTL_CONDITION_VARIABLE@@@Z 0000000180001070 f i condition_variable.obj
 0001:00000070       ?__global_delete@@YAXPEAX_K@Z 0000000180001070 f i * CIL library *:* CIL module *
 0001:00000070       __except_validate_context_record 0000000180001070 f i libvcruntime:jbcxrval.obj
 0001:00000070       _guard_check_icall_nop     0000000180001070 f i LIBCMT:guard_support.obj
 0001:00000070       ?__empty_global_delete@@YAXPEAX_K@Z 0000000180001070 f i concurrent_hash_map.obj
 0001:00000070       ?unregister_master@private_server@rml@internal@tbb@@UEAAXPEAX@Z 0000000180001070 f i private_server.obj
 0001:00000070       ?apply_active@stack_size_control@internal@tbb@@EEBAXXZ 0000000180001070 f i tbb_main.obj
 0001:00000070       ?independent_thread_number_changed@private_server@rml@internal@tbb@@UEAAXH@Z 0000000180001070 f i private_server.obj
 0001:00000070       ?register_master@private_server@rml@internal@tbb@@UEAAXAEAPEAX@Z 0000000180001070 f i private_server.obj
 0001:00000070       ??3@YAXPEAX0@Z             0000000180001070 f i concurrent_queue.obj
 0001:00000070       ?inject_token@pipeline@tbb@@AEAAXAEAVtask@2@@Z 0000000180001070 f i pipeline.obj
 0001:00000080       ??0scoped_lock@spin_mutex@tbb@@QEAA@AEAV12@@Z 0000000180001080 f i concurrent_queue.obj
 0001:00000100       ??1scoped_lock@spin_mutex@tbb@@QEAA@XZ 0000000180001100 f i concurrent_queue.obj
 0001:00000110       ??1binary_semaphore@internal@tbb@@QEAA@XZ 0000000180001110 f i concurrent_queue.obj
 0001:00000120       ??1thread_context@concurrent_monitor@internal@tbb@@QEAA@XZ 0000000180001120 f i concurrent_queue.obj
 0001:00000160       ??1micro_queue_pop_finalizer@internal@tbb@@QEAA@XZ 0000000180001160 f i concurrent_queue.obj
 0001:00000230       ?push@micro_queue@internal@tbb@@QEAAXPEBX_KAEAVconcurrent_queue_base_v3@23@W4copy_specifics@423@@Z 0000000180001230 f   concurrent_queue.obj
 0001:000003f0       ?pop@micro_queue@internal@tbb@@QEAA_NPEAX_KAEAVconcurrent_queue_base_v3@23@@Z 00000001800013f0 f   concurrent_queue.obj
 0001:000005d0       ?assign@micro_queue@internal@tbb@@QEAAAEAU123@AEBU123@AEAVconcurrent_queue_base_v3@23@W4copy_specifics@423@@Z 00000001800015d0 f   concurrent_queue.obj
 0001:00000830       ?make_invalid@micro_queue@internal@tbb@@QEAAX_K@Z 0000000180001830 f   concurrent_queue.obj
 0001:000008e0       ??0concurrent_queue_base_v3@internal@tbb@@IEAA@_K@Z 00000001800018e0 f   concurrent_queue.obj
 0001:00000a10       ??_Econcurrent_queue_base_v3@internal@tbb@@MEAAPEAXI@Z 0000000180001a10 f i * CIL library *:* CIL module *
 0001:00000a10       ??_Gconcurrent_queue_base_v3@internal@tbb@@MEAAPEAXI@Z 0000000180001a10 f i concurrent_queue.obj
 0001:00000a60       ??1concurrent_queue_base_v3@internal@tbb@@MEAA@XZ 0000000180001a60 f   concurrent_queue.obj
 0001:00000a90       ?internal_push@concurrent_queue_base_v3@internal@tbb@@IEAAXPEBX@Z 0000000180001a90 f   concurrent_queue.obj
 0001:00000aa0       ?internal_push_move@concurrent_queue_base_v8@internal@tbb@@IEAAXPEBX@Z 0000000180001aa0 f   concurrent_queue.obj
 0001:00000ab0       ?internal_insert_item@concurrent_queue_base_v3@internal@tbb@@IEAAXPEBXW4copy_specifics@123@@Z 0000000180001ab0 f   concurrent_queue.obj
 0001:00000dd0       ?internal_pop@concurrent_queue_base_v3@internal@tbb@@IEAAXPEAX@Z 0000000180001dd0 f   concurrent_queue.obj
 0001:00001190       ?internal_abort@concurrent_queue_base_v3@internal@tbb@@IEAAXXZ 0000000180002190 f   concurrent_queue.obj
 0001:000011c0       ?internal_pop_if_present@concurrent_queue_base_v3@internal@tbb@@IEAA_NPEAX@Z 00000001800021c0 f   concurrent_queue.obj
 0001:00001270       ?internal_push_if_not_full@concurrent_queue_base_v3@internal@tbb@@IEAA_NPEBX@Z 0000000180002270 f   concurrent_queue.obj
 0001:00001280       ?internal_push_move_if_not_full@concurrent_queue_base_v8@internal@tbb@@IEAA_NPEBX@Z 0000000180002280 f   concurrent_queue.obj
 0001:00001290       ?internal_insert_if_not_full@concurrent_queue_base_v3@internal@tbb@@IEAA_NPEBXW4copy_specifics@123@@Z 0000000180002290 f   concurrent_queue.obj
 0001:00001340       ?internal_size@concurrent_queue_base_v3@internal@tbb@@IEBA_JXZ 0000000180002340 f   concurrent_queue.obj
 0001:00001370       ?internal_empty@concurrent_queue_base_v3@internal@tbb@@IEBA_NXZ 0000000180002370 f   concurrent_queue.obj
 0001:000013b0       ?internal_set_capacity@concurrent_queue_base_v3@internal@tbb@@IEAAX_J_K@Z 00000001800023b0 f   concurrent_queue.obj
 0001:000013b0       ?internal_set_capacity@concurrent_queue_base@internal@tbb@@IEAAX_J_K@Z 00000001800023b0 f   concurrent_queue_v2.obj
 0001:000013d0       ?internal_finish_clear@concurrent_queue_base_v3@internal@tbb@@IEAAXXZ 00000001800023d0 f   concurrent_queue.obj
 0001:00001440       ?internal_throw_exception@concurrent_queue_base_v3@internal@tbb@@IEBAXXZ 0000000180002440 f   concurrent_queue.obj
 0001:00001450       ?internal_assign@concurrent_queue_base_v3@internal@tbb@@IEAAXAEBV123@W4copy_specifics@123@@Z 0000000180002450 f   concurrent_queue.obj
 0001:00001500       ?assign@concurrent_queue_base_v3@internal@tbb@@IEAAXAEBV123@@Z 0000000180002500 f   concurrent_queue.obj
 0001:00001510       ?move_content@concurrent_queue_base_v8@internal@tbb@@IEAAXAEAV123@@Z 0000000180002510 f   concurrent_queue.obj
 0001:00001520       ?initialize@concurrent_queue_iterator_base_v3@internal@tbb@@AEAAXAEBVconcurrent_queue_base_v3@23@_K@Z 0000000180002520 f   concurrent_queue.obj
 0001:00001630       ??0concurrent_queue_iterator_base_v3@internal@tbb@@IEAA@AEBVconcurrent_queue_base_v3@12@@Z 0000000180002630 f   concurrent_queue.obj
 0001:00001650       ??0concurrent_queue_iterator_base_v3@internal@tbb@@IEAA@AEBVconcurrent_queue_base_v3@12@_K@Z 0000000180002650 f   concurrent_queue.obj
 0001:00001670       ?assign@concurrent_queue_iterator_base_v3@internal@tbb@@IEAAXAEBV123@@Z 0000000180002670 f   concurrent_queue.obj
 0001:00001740       ?advance@concurrent_queue_iterator_base_v3@internal@tbb@@IEAAXXZ 0000000180002740 f   concurrent_queue.obj
 0001:00001800       ??1concurrent_queue_iterator_base_v3@internal@tbb@@IEAA@XZ 0000000180002800 f   concurrent_queue.obj
 0001:00001830       ??$notify_relaxed@Upredicate_leq@internal@tbb@@@concurrent_monitor@internal@tbb@@QEAAXAEBUpredicate_leq@12@@Z 0000000180002830 f i concurrent_queue.obj
 0001:00001970       ?acquire_segment@helper@concurrent_vector_base_v3@internal@tbb@@SAAEAVsegment_t@234@AEAV234@_K1_N@Z 0000000180002970 f i concurrent_vector.obj
 0001:00001a10       ??1helper@concurrent_vector_base_v3@internal@tbb@@QEAA@XZ 0000000180002a10 f i concurrent_vector.obj
 0001:00001a40       ?extend_segment_table@helper@concurrent_vector_base_v3@internal@tbb@@SAXAEAV234@_K@Z 0000000180002a40 f   concurrent_vector.obj
 0001:00001be0       ?enable_segment@helper@concurrent_vector_base_v3@internal@tbb@@SA_KAEAV234@_K1_N@Z 0000000180002be0 f   concurrent_vector.obj
 0001:00001dc0       ?cleanup@helper@concurrent_vector_base_v3@internal@tbb@@QEAAXXZ 0000000180002dc0 f   concurrent_vector.obj
 0001:000020a0       ??1concurrent_vector_base_v3@internal@tbb@@IEAA@XZ 00000001800030a0 f   concurrent_vector.obj
 0001:000020d0       ?internal_capacity@concurrent_vector_base_v3@internal@tbb@@IEBA_KXZ 00000001800030d0 f   concurrent_vector.obj
 0001:00002110       ?internal_throw_exception@concurrent_vector_base_v3@internal@tbb@@IEBAX_K@Z 0000000180003110 f   concurrent_vector.obj
 0001:00002150       ?internal_reserve@concurrent_vector_base_v3@internal@tbb@@IEAAX_K00@Z 0000000180003150 f   concurrent_vector.obj
 0001:00002250       ?internal_copy@concurrent_vector_base_v3@internal@tbb@@IEAAXAEBV123@_KP6AXPEAXPEBX1@Z@Z 0000000180003250 f   concurrent_vector.obj
 0001:00002380       ?internal_assign@concurrent_vector_base_v3@internal@tbb@@IEAAXAEBV123@_KP6AXPEAX1@ZP6AX2PEBX1@Z5@Z 0000000180003380 f   concurrent_vector.obj
 0001:000025a0       ?internal_push_back@concurrent_vector_base_v3@internal@tbb@@IEAAPEAX_KAEA_K@Z 00000001800035a0 f   concurrent_vector.obj
 0001:00002650       ?internal_grow_to_at_least@concurrent_vector_base_v3@internal@tbb@@IEAAX_K0P6AXPEAXPEBX0@Z2@Z 0000000180003650 f   concurrent_vector.obj
 0001:00002660       ?internal_grow_to_at_least_with_result@concurrent_vector_base_v3@internal@tbb@@IEAA_K_K0P6AXPEAXPEBX0@Z2@Z 0000000180003660 f   concurrent_vector.obj
 0001:000027e0       ?internal_grow_by@concurrent_vector_base_v3@internal@tbb@@IEAA_K_K0P6AXPEAXPEBX0@Z2@Z 00000001800037e0 f   concurrent_vector.obj
 0001:00002820       ?internal_grow@concurrent_vector_base_v3@internal@tbb@@IEAAX_K00P6AXPEAXPEBX0@Z2@Z 0000000180003820 f   concurrent_vector.obj
 0001:00002b20       ?internal_resize@concurrent_vector_base_v3@internal@tbb@@IEAAX_K00PEBXP6AXPEAX0@ZP6AX210@Z@Z 0000000180003b20 f   concurrent_vector.obj
 0001:00002c40       ?internal_clear@concurrent_vector_base_v3@internal@tbb@@IEAA_KP6AXPEAX_K@Z@Z 0000000180003c40 f   concurrent_vector.obj
 0001:00002cf0       ?internal_compact@concurrent_vector_base_v3@internal@tbb@@IEAAPEAX_KPEAXP6AX10@ZP6AX1PEBX0@Z@Z 0000000180003cf0 f   concurrent_vector.obj
 0001:000030c0       ?internal_swap@concurrent_vector_base_v3@internal@tbb@@IEAAXAEAV123@@Z 00000001800040c0 f   concurrent_vector.obj
 0001:000031c0       ??$spin_wait_while@Usegment_not_used_predicate@helper@concurrent_vector_base_v3@internal@tbb@@@internal@tbb@@YAXUsegment_not_used_predicate@helper@concurrent_vector_base_v3@01@@Z 00000001800041c0 f i concurrent_vector.obj
 0001:00003210       ??$apply@Usafe_init_body@helper@concurrent_vector_base_v3@internal@tbb@@@helper@concurrent_vector_base_v3@internal@tbb@@QEAA_KAEBUsafe_init_body@0123@@Z 0000000180004210 f i concurrent_vector.obj
 0001:00003370       ??$apply@Udestroy_body@helper@concurrent_vector_base_v3@internal@tbb@@@helper@concurrent_vector_base_v3@internal@tbb@@QEAA_KAEBUdestroy_body@0123@@Z 0000000180004370 f i concurrent_vector.obj
 0001:00003490       ??$_Uninitialized_fill_n_unchecked1@PEAVsegment_t@concurrent_vector_base_v3@internal@tbb@@_KV1234@@std@@YAPEAVsegment_t@concurrent_vector_base_v3@internal@tbb@@PEAV1234@_KAEBV1234@U?$integral_constant@_N$0A@@0@@Z 0000000180004490 f i concurrent_vector.obj
 0001:000036f0       ?dynamic_load@internal@tbb@@YAPEAUHINSTANCE__@@PEBDQEBUdynamic_link_descriptor@12@_K@Z 00000001800046f0 f   dynamic_link.obj
 0001:00003810       ?dynamic_link@internal@tbb@@YA_NPEBDQEBUdynamic_link_descriptor@12@_KPEAPEAUHINSTANCE__@@H@Z 0000000180004810 f   dynamic_link.obj
 0001:00007280       __itt_fini_ittlib          0000000180008280 f   itt_notify.obj
 0001:00007350       __itt_init_ittlib          0000000180008350 f   itt_notify.obj
 0001:000076b0       ?initialize_handler_pointers@internal@tbb@@YAXXZ 00000001800086b0 f   cache_aligned_allocator.obj
 0001:000077a0       ?initialize_cache_aligned_allocator@internal@tbb@@YAXXZ 00000001800087a0 f   cache_aligned_allocator.obj
 0001:000078e0       ?NFS_GetLineSize@internal@tbb@@YA_KXZ 00000001800088e0 f   cache_aligned_allocator.obj
 0001:000078f0       ?NFS_Allocate@internal@tbb@@YAPEAX_K0PEAX@Z 00000001800088f0 f   cache_aligned_allocator.obj
 0001:00007950       ?NFS_Free@internal@tbb@@YAXPEAX@Z 0000000180008950 f   cache_aligned_allocator.obj
 0001:000079b0       ?allocate_closure_v3@internal@tbb@@YAPEAX_K@Z 00000001800089b0 f   tbb_thread.obj
 0001:000079b0       ?allocate_via_handler_v3@internal@tbb@@YAPEAX_K@Z 00000001800089b0 f   cache_aligned_allocator.obj
 0001:000079e0       ?deallocate_via_handler_v3@internal@tbb@@YAXPEAX@Z 00000001800089e0 f   cache_aligned_allocator.obj
 0001:000079e0       ?free_closure_v3@internal@tbb@@YAXPEAX@Z 00000001800089e0 f   tbb_thread.obj
 0001:000079f0       ?is_malloc_used_v3@internal@tbb@@YA_NXZ 00000001800089f0 f   cache_aligned_allocator.obj
 0001:00007a30       ??_Gtask@tbb@@UEAAPEAXI@Z  0000000180008a30 f i pipeline.obj
 0001:00007a30       ??_Gempty_task@tbb@@UEAAPEAXI@Z 0000000180008a30 f i arena.obj
 0001:00007a30       ??_Eempty_task@tbb@@UEAAPEAXI@Z 0000000180008a30 f i * CIL library *:* CIL module *
 0001:00007a30       ??_Etask@tbb@@UEAAPEAXI@Z  0000000180008a30 f i * CIL library *:* CIL module *
 0001:00007a60       ??_Efilter@tbb@@UEAAPEAXI@Z 0000000180008a60 f i * CIL library *:* CIL module *
 0001:00007a60       ??_Gfilter@tbb@@UEAAPEAXI@Z 0000000180008a60 f i pipeline.obj
 0001:00007aa0       ??0input_buffer@internal@tbb@@QEAA@_N0@Z 0000000180008aa0 f i pipeline.obj
 0001:00007b20       ?put_token@input_buffer@internal@tbb@@QEAA_NAEAUtask_info@23@_N@Z 0000000180008b20 f i pipeline.obj
 0001:00007c80       ?return_item@input_buffer@internal@tbb@@QEAA_NAEAUtask_info@23@_N@Z 0000000180008c80 f i pipeline.obj
 0001:00007d60       ?grow@input_buffer@internal@tbb@@AEAAXK@Z 0000000180008d60 f   pipeline.obj
 0001:00007e70       ??_Gstage_task@internal@tbb@@UEAAPEAXI@Z 0000000180008e70 f i pipeline.obj
 0001:00007e70       ??_Estage_task@internal@tbb@@UEAAPEAXI@Z 0000000180008e70 f i * CIL library *:* CIL module *
 0001:00007ef0       ?execute@stage_task@internal@tbb@@UEAAPEAVtask@3@XZ 0000000180008ef0 f   pipeline.obj
 0001:000082c0       ?execute@pipeline_root_task@internal@tbb@@EEAAPEAVtask@3@XZ 00000001800092c0 f i pipeline.obj
 0001:000084a0       ??_Epipeline_root_task@internal@tbb@@UEAAPEAXI@Z 00000001800094a0 f i * CIL library *:* CIL module *
 0001:000084a0       ??_Gpipeline_root_task@internal@tbb@@UEAAPEAXI@Z 00000001800094a0 f i pipeline.obj
 0001:000084d0       ??1pipeline_cleaner@internal@tbb@@QEAA@XZ 00000001800094d0 f i pipeline.obj
 0001:00008520       ?clear_filters@pipeline@tbb@@AEAAXXZ 0000000180009520 f   pipeline.obj
 0001:000085d0       ??0pipeline@tbb@@QEAA@XZ   00000001800095d0 f   pipeline.obj
 0001:00008600       ??_Gpipeline@tbb@@UEAAPEAXI@Z 0000000180009600 f i pipeline.obj
 0001:00008600       ??_Epipeline@tbb@@UEAAPEAXI@Z 0000000180009600 f i * CIL library *:* CIL module *
 0001:00008640       ??1pipeline@tbb@@UEAA@XZ   0000000180009640 f   pipeline.obj
 0001:00008650       ?clear@pipeline@tbb@@QEAAXXZ 0000000180009650 f   pipeline.obj
 0001:00008740       ??_Ginput_buffer@internal@tbb@@QEAAPEAXI@Z 0000000180009740 f i pipeline.obj
 0001:000087c0       ?add_filter@pipeline@tbb@@QEAAXAEAVfilter@2@@Z 00000001800097c0 f   pipeline.obj
 0001:00008950       ?run@pipeline@tbb@@QEAAX_KAEAVtask_group_context@2@@Z 0000000180009950 f   pipeline.obj
 0001:00008ab0       ?run@pipeline@tbb@@QEAAX_K@Z 0000000180009ab0 f   pipeline.obj
 0001:00008ba0       ??1filter@tbb@@UEAA@XZ     0000000180009ba0 f   pipeline.obj
 0001:00008c40       ?set_end_of_input@filter@tbb@@IEAAXXZ 0000000180009c40 f   pipeline.obj
 0001:00008c70       ?process_item@thread_bound_filter@tbb@@QEAA?AW4result_type@12@XZ 0000000180009c70 f   pipeline.obj
 0001:00008c80       ?try_process_item@thread_bound_filter@tbb@@QEAA?AW4result_type@12@XZ 0000000180009c80 f   pipeline.obj
 0001:00008c90       ?internal_process_item@thread_bound_filter@tbb@@AEAA?AW4result_type@12@_N@Z 0000000180009c90 f   pipeline.obj
 0001:00008ee0       ??$note_done@Vstage_task@internal@tbb@@@input_buffer@internal@tbb@@QEAAXKAEAVstage_task@12@@Z 0000000180009ee0 f i pipeline.obj
 0001:00009050       ?acquire@scoped_lock@queuing_mutex@tbb@@QEAAXAEAV23@@Z 000000018000a050 f   queuing_mutex.obj
 0001:000090f0       ?try_acquire@scoped_lock@queuing_mutex@tbb@@QEAA_NAEAV23@@Z 000000018000a0f0 f   queuing_mutex.obj
 0001:00009130       ?release@scoped_lock@queuing_mutex@tbb@@QEAAXXZ 000000018000a130 f   queuing_mutex.obj
 0001:000091c0       ?internal_construct@queuing_mutex@tbb@@QEAAXXZ 000000018000a1c0 f   queuing_mutex.obj
 0001:000091f0       ?unblock_or_wait_on_internal_lock@scoped_lock@queuing_rw_mutex@tbb@@AEAAX_K@Z 000000018000a1f0 f i queuing_rw_mutex.obj
 0001:00009250       ?acquire@scoped_lock@queuing_rw_mutex@tbb@@QEAAXAEAV23@_N@Z 000000018000a250 f   queuing_rw_mutex.obj
 0001:000093e0       ?try_acquire@scoped_lock@queuing_rw_mutex@tbb@@QEAA_NAEAV23@_N@Z 000000018000a3e0 f   queuing_rw_mutex.obj
 0001:00009440       ?release@scoped_lock@queuing_rw_mutex@tbb@@QEAAXXZ 000000018000a440 f   queuing_rw_mutex.obj
 0001:00009700       ?downgrade_to_reader@scoped_lock@queuing_rw_mutex@tbb@@QEAA_NXZ 000000018000a700 f   queuing_rw_mutex.obj
 0001:000097c0       ?upgrade_to_writer@scoped_lock@queuing_rw_mutex@tbb@@QEAA_NXZ 000000018000a7c0 f   queuing_rw_mutex.obj
 0001:00009b30       ?internal_construct@queuing_rw_mutex@tbb@@QEAAXXZ 000000018000ab30 f   queuing_rw_mutex.obj
 0001:00009b60       ??$spin_wait_until_eq@EH@internal@tbb@@YAXAEDEH@Z 000000018000ab60 f i queuing_rw_mutex.obj
 0001:00009bc0       ??$spin_wait_while_eq@PEAVscoped_lock@queuing_rw_mutex@tbb@@PEAV123@@internal@tbb@@YAXAEDSEAVscoped_lock@queuing_rw_mutex@1@PEAV231@@Z 000000018000abc0 f i queuing_rw_mutex.obj
 0001:00009c20       ??$spin_wait_while_eq@PEAXPEAX@internal@tbb@@YAXAEDSEAXPEAX@Z 000000018000ac20 f i concurrent_vector_v2.obj
 0001:00009c20       ??$spin_wait_while_eq@PEAVscoped_lock@reader_writer_lock@interface5@tbb@@PEAV1234@@internal@tbb@@YAXAEDSEAVscoped_lock@reader_writer_lock@interface5@1@PEAV2341@@Z 000000018000ac20 f i reader_writer_lock.obj
 0001:00009c20       ??$spin_wait_while_eq@PEAVscoped_lock@queuing_rw_mutex@tbb@@PEAX@internal@tbb@@YAXAEDSEAVscoped_lock@queuing_rw_mutex@1@PEAX@Z 000000018000ac20 f i queuing_rw_mutex.obj
 0001:00009c80       ??1scoped_lock_read@reader_writer_lock@interface5@tbb@@QEAA@XZ 000000018000ac80 f i reader_writer_lock.obj
 0001:00009ce0       ?fetch_and_or@interface5@tbb@@YA_KAEAU?$atomic@_K@2@_K@Z 000000018000ace0 f i reader_writer_lock.obj
 0001:00009d60       ?internal_construct@reader_writer_lock@interface5@tbb@@AEAAXXZ 000000018000ad60 f   reader_writer_lock.obj
 0001:00009d80       ?lock@reader_writer_lock@interface5@tbb@@QEAAXXZ 000000018000ad80 f   reader_writer_lock.obj
 0001:00009e00       ?try_lock@reader_writer_lock@interface5@tbb@@QEAA_NXZ 000000018000ae00 f   reader_writer_lock.obj
 0001:00009e70       ?start_write@reader_writer_lock@interface5@tbb@@AEAA_NPEAVscoped_lock@123@@Z 000000018000ae70 f   reader_writer_lock.obj
 0001:00009fc0       ??_Gscoped_lock@reader_writer_lock@interface5@tbb@@QEAAPEAXI@Z 000000018000afc0 f i reader_writer_lock.obj
 0001:0000a000       ?set_next_writer@reader_writer_lock@interface5@tbb@@AEAAXPEAVscoped_lock@123@@Z 000000018000b000 f   reader_writer_lock.obj
 0001:0000a0f0       ?lock_read@reader_writer_lock@interface5@tbb@@QEAAXXZ 000000018000b0f0 f   reader_writer_lock.obj
 0001:0000a180       ?try_lock_read@reader_writer_lock@interface5@tbb@@QEAA_NXZ 000000018000b180 f   reader_writer_lock.obj
 0001:0000a1e0       ?start_read@reader_writer_lock@interface5@tbb@@AEAAXPEAVscoped_lock_read@123@@Z 000000018000b1e0 f   reader_writer_lock.obj
 0001:0000a2d0       ?unlock@reader_writer_lock@interface5@tbb@@QEAAXXZ 000000018000b2d0 f   reader_writer_lock.obj
 0001:0000a350       ?end_write@reader_writer_lock@interface5@tbb@@AEAAXPEAVscoped_lock@123@@Z 000000018000b350 f   reader_writer_lock.obj
 0001:0000a470       ?internal_construct@scoped_lock@reader_writer_lock@interface5@tbb@@AEAAXAEAV234@@Z 000000018000b470 f   reader_writer_lock.obj
 0001:0000a4d0       ?internal_construct@scoped_lock_read@reader_writer_lock@interface5@tbb@@AEAAXAEAV234@@Z 000000018000b4d0 f   reader_writer_lock.obj
 0001:0000a530       ?internal_destroy@scoped_lock@reader_writer_lock@interface5@tbb@@AEAAXXZ 000000018000b530 f   reader_writer_lock.obj
 0001:0000a570       ?internal_destroy@scoped_lock_read@reader_writer_lock@interface5@tbb@@AEAAXXZ 000000018000b570 f   reader_writer_lock.obj
 0001:0000a5d0       ?internal_acquire_writer@spin_rw_mutex_v3@tbb@@AEAA_NXZ 000000018000b5d0 f   spin_rw_mutex.obj
 0001:0000a5d0       ?internal_acquire_writer@spin_rw_mutex@tbb@@CA_NPEAV12@@Z 000000018000b5d0 f   spin_rw_mutex_v2.obj
 0001:0000a690       ?internal_release_writer@spin_rw_mutex_v3@tbb@@AEAAXXZ 000000018000b690 f   spin_rw_mutex.obj
 0001:0000a6c0       ?internal_acquire_reader@spin_rw_mutex_v3@tbb@@AEAAXXZ 000000018000b6c0 f   spin_rw_mutex.obj
 0001:0000a740       ?internal_upgrade@spin_rw_mutex_v3@tbb@@AEAA_NXZ 000000018000b740 f   spin_rw_mutex.obj
 0001:0000a860       ?internal_downgrade@spin_rw_mutex_v3@tbb@@AEAAXXZ 000000018000b860 f   spin_rw_mutex.obj
 0001:0000a890       ?internal_release_reader@spin_rw_mutex@tbb@@CAXPEAV12@@Z 000000018000b890 f   spin_rw_mutex_v2.obj
 0001:0000a890       ?internal_release_reader@spin_rw_mutex_v3@tbb@@AEAAXXZ 000000018000b890 f   spin_rw_mutex.obj
 0001:0000a8c0       ?internal_try_acquire_writer@spin_rw_mutex@tbb@@CA_NPEAV12@@Z 000000018000b8c0 f   spin_rw_mutex_v2.obj
 0001:0000a8c0       ?internal_try_acquire_writer@spin_rw_mutex_v3@tbb@@AEAA_NXZ 000000018000b8c0 f   spin_rw_mutex.obj
 0001:0000a930       ?internal_try_acquire_reader@spin_rw_mutex_v3@tbb@@AEAA_NXZ 000000018000b930 f   spin_rw_mutex.obj
 0001:0000a970       ?internal_construct@spin_rw_mutex_v3@tbb@@AEAAXXZ 000000018000b970 f   spin_rw_mutex.obj
 0001:0000a9a0       ?internal_release@x86_rtm_rw_mutex@internal@interface8@tbb@@AEAAXAEAVscoped_lock@1234@@Z 000000018000b9a0 f   x86_rtm_rw_mutex.obj
 0001:0000aa00       ?internal_acquire_writer@x86_rtm_rw_mutex@internal@interface8@tbb@@AEAAXAEAVscoped_lock@1234@_N@Z 000000018000ba00 f   x86_rtm_rw_mutex.obj
 0001:0000aae0       ?internal_acquire_reader@x86_rtm_rw_mutex@internal@interface8@tbb@@AEAAXAEAVscoped_lock@1234@_N@Z 000000018000bae0 f   x86_rtm_rw_mutex.obj
 0001:0000abc0       ?internal_upgrade@x86_rtm_rw_mutex@internal@interface8@tbb@@AEAA_NAEAVscoped_lock@1234@@Z 000000018000bbc0 f   x86_rtm_rw_mutex.obj
 0001:0000acf0       ?internal_downgrade@x86_rtm_rw_mutex@internal@interface8@tbb@@AEAA_NAEAVscoped_lock@1234@@Z 000000018000bcf0 f   x86_rtm_rw_mutex.obj
 0001:0000ad30       ?internal_try_acquire_writer@x86_rtm_rw_mutex@internal@interface8@tbb@@AEAA_NAEAVscoped_lock@1234@@Z 000000018000bd30 f   x86_rtm_rw_mutex.obj
 0001:0000adc0       ?internal_construct@x86_rtm_rw_mutex@internal@interface8@tbb@@AEAAXXZ 000000018000bdc0 f   x86_rtm_rw_mutex.obj
 0001:0000adf0       ?internal_acquire@scoped_lock@spin_mutex@tbb@@AEAAXAEAV23@@Z 000000018000bdf0 f   spin_mutex.obj
 0001:0000ae90       ?internal_release@scoped_lock@spin_mutex@tbb@@AEAAXXZ 000000018000be90 f   spin_mutex.obj
 0001:0000aec0       ?internal_try_acquire@scoped_lock@spin_mutex@tbb@@AEAA_NAEAV23@@Z 000000018000bec0 f   spin_mutex.obj
 0001:0000af00       ?internal_construct@spin_mutex@tbb@@QEAAXXZ 000000018000bf00 f   spin_mutex.obj
 0001:0000af30       ?internal_construct@critical_section_v4@internal@tbb@@QEAAXXZ 000000018000bf30 f   critical_section.obj
 0001:0000af60       ?internal_acquire@scoped_lock@mutex@tbb@@AEAAXAEAV23@@Z 000000018000bf60 f   mutex.obj
 0001:0000afc0       ?internal_release@scoped_lock@mutex@tbb@@AEAAXXZ 000000018000bfc0 f   mutex.obj
 0001:0000b000       ?internal_try_acquire@scoped_lock@mutex@tbb@@AEAA_NAEAV23@@Z 000000018000c000 f   mutex.obj
 0001:0000b040       ?internal_construct@mutex@tbb@@AEAAXXZ 000000018000c040 f   mutex.obj
 0001:0000b090       ?internal_destroy@mutex@tbb@@AEAAXXZ 000000018000c090 f   mutex.obj
 0001:0000b090       ?internal_destroy@recursive_mutex@tbb@@AEAAXXZ 000000018000c090 f   recursive_mutex.obj
 0001:0000b0d0       ?internal_acquire@scoped_lock@recursive_mutex@tbb@@AEAAXAEAV23@@Z 000000018000c0d0 f   recursive_mutex.obj
 0001:0000b110       ?internal_release@scoped_lock@recursive_mutex@tbb@@AEAAXXZ 000000018000c110 f   recursive_mutex.obj
 0001:0000b140       ?internal_try_acquire@scoped_lock@recursive_mutex@tbb@@AEAA_NAEAV23@@Z 000000018000c140 f   recursive_mutex.obj
 0001:0000b170       ?internal_construct@recursive_mutex@tbb@@AEAAXXZ 000000018000c170 f   recursive_mutex.obj
 0001:0000b1c0       ?init_condvar_using_event@internal@tbb@@YAXPEAUcondition_variable_using_event@1interface5@2@@Z 000000018000c1c0 f   condition_variable.obj
 0001:0000b200       ?sleep_condition_variable_cs_using_event@internal@tbb@@YAHPEAUcondition_variable_using_event@1interface5@2@PEAU_RTL_CRITICAL_SECTION@@K@Z 000000018000c200 f   condition_variable.obj
 0001:0000b310       ?wake_condition_variable_using_event@internal@tbb@@YAXPEAUcondition_variable_using_event@1interface5@2@@Z 000000018000c310 f   condition_variable.obj
 0001:0000b360       ?wake_all_condition_variable_using_event@internal@tbb@@YAXPEAUcondition_variable_using_event@1interface5@2@@Z 000000018000c360 f   condition_variable.obj
 0001:0000b3b0       ?destroy_condvar_using_event@internal@tbb@@YAXPEAUcondition_variable_using_event@1interface5@2@@Z 000000018000c3b0 f   condition_variable.obj
 0001:0000b450       ?init_condvar_module@internal@tbb@@YAXXZ 000000018000c450 f   condition_variable.obj
 0001:0000b4f0       ?internal_initialize_condition_variable@internal@interface5@tbb@@YAXAEATcondvar_impl_t@123@@Z 000000018000c4f0 f   condition_variable.obj
 0001:0000b590       ?internal_destroy_condition_variable@internal@interface5@tbb@@YAXAEATcondvar_impl_t@123@@Z 000000018000c590 f   condition_variable.obj
 0001:0000b5a0       ?internal_condition_variable_notify_one@internal@interface5@tbb@@YAXAEATcondvar_impl_t@123@@Z 000000018000c5a0 f   condition_variable.obj
 0001:0000b5b0       ?internal_condition_variable_notify_all@internal@interface5@tbb@@YAXAEATcondvar_impl_t@123@@Z 000000018000c5b0 f   condition_variable.obj
 0001:0000b5c0       ?internal_condition_variable_wait@internal@interface5@tbb@@YA_NAEATcondvar_impl_t@123@PEAVmutex@3@PEBVinterval_t@tick_count@3@@Z 000000018000c5c0 f   condition_variable.obj
 0001:0000b650       ?join@tbb_thread_v3@internal@tbb@@QEAAXXZ 000000018000c650 f   tbb_thread.obj
 0001:0000b6f0       ?detach@tbb_thread_v3@internal@tbb@@QEAAXXZ 000000018000c6f0 f   tbb_thread.obj
 0001:0000b740       ?internal_start@tbb_thread_v3@internal@tbb@@AEAAXP6AIPEAX@Z0@Z 000000018000c740 f   tbb_thread.obj
 0001:0000b7c0       ?hardware_concurrency@tbb_thread_v3@internal@tbb@@SAIXZ 000000018000c7c0 f   tbb_thread.obj
 0001:0000b7f0       ?thread_get_id_v3@internal@tbb@@YA?AVid@tbb_thread_v3@12@XZ 000000018000c7f0 f   tbb_thread.obj
 0001:0000b810       ?move_v3@internal@tbb@@YAXAEAVtbb_thread_v3@12@0@Z 000000018000c810 f   tbb_thread.obj
 0001:0000b870       ?yield@private_server@rml@internal@tbb@@UEAAXXZ 000000018000c870 f   private_server.obj
 0001:0000b870       ?thread_yield_v3@internal@tbb@@YAXXZ 000000018000c870 f   tbb_thread.obj
 0001:0000b880       ?thread_sleep_v3@internal@tbb@@YAXAEBVinterval_t@tick_count@2@@Z 000000018000c880 f   tbb_thread.obj
 0001:0000b9b0       ?init@thread_context@concurrent_monitor@internal@tbb@@AEAAXXZ 000000018000c9b0 f   concurrent_monitor.obj
 0001:0000ba00       ?prepare_wait@concurrent_monitor@internal@tbb@@QEAAXAEAVthread_context@123@_K@Z 000000018000ca00 f   concurrent_monitor.obj
 0001:0000bae0       ?cancel_wait@concurrent_monitor@internal@tbb@@QEAAXAEAVthread_context@123@@Z 000000018000cae0 f   concurrent_monitor.obj
 0001:0000bba0       ?notify_all_relaxed@concurrent_monitor@internal@tbb@@QEAAXXZ 000000018000cba0 f   concurrent_monitor.obj
 0001:0000bcc0       ?abort_all_relaxed@concurrent_monitor@internal@tbb@@QEAAXXZ 000000018000ccc0 f   concurrent_monitor.obj
 0001:0000bde0       __local_stdio_printf_options 000000018000cde0 f i private_server.obj
 0001:0000bdf0       fprintf                    000000018000cdf0 f i private_server.obj
 0001:0000be40       ?launch@thread_monitor@internal@rml@@SAPEAXP6AIPEAX@Z0_KPEB_K@Z 000000018000ce40 f i private_server.obj
 0001:0000bf40       ?version@private_server@rml@internal@tbb@@UEBAIXZ 000000018000cf40 f i private_server.obj
 0001:0000bf40       ?execute@empty_task@tbb@@EEAAPEAVtask@2@XZ 000000018000cf40 f i arena.obj
 0001:0000bf40       ?_Get_deleter@_Ref_count_base@std@@UEBAPEAXAEBVtype_info@@@Z 000000018000cf40 f i libcpmt:excptptr.obj
 0001:0000bf40       ?version@market@internal@tbb@@EEBAIXZ 000000018000cf40 f i market.obj
 0001:0000bf50       ?request_close_connection@private_server@rml@internal@tbb@@UEAAX_N@Z 000000018000cf50 f i private_server.obj
 0001:0000bfd0       ?default_concurrency@private_server@rml@internal@tbb@@UEBAIXZ 000000018000cfd0 f i private_server.obj
 0001:0000bff0       ?thread_routine@private_worker@rml@internal@tbb@@CAIPEAX@Z 000000018000cff0 f   private_server.obj
 0001:0000c060       ?start_shutdown@private_worker@rml@internal@tbb@@AEAAXXZ 000000018000d060 f   private_server.obj
 0001:0000c120       ?run@private_worker@rml@internal@tbb@@AEAAXXZ 000000018000d120 f   private_server.obj
 0001:0000c2c0       ??0private_server@rml@internal@tbb@@QEAA@AEAVtbb_client@123@@Z 000000018000d2c0 f   private_server.obj
 0001:0000c450       ??_Eprivate_server@rml@internal@tbb@@EEAAPEAXI@Z 000000018000d450 f i * CIL library *:* CIL module *
 0001:0000c450       ??_Gprivate_server@rml@internal@tbb@@EEAAPEAXI@Z 000000018000d450 f i private_server.obj
 0001:0000c490       ??1private_server@rml@internal@tbb@@EEAA@XZ 000000018000d490 f   private_server.obj
 0001:0000c510       ?wake_some@private_server@rml@internal@tbb@@AEAAXH@Z 000000018000d510 f   private_server.obj
 0001:0000c6c0       ?adjust_job_count_estimate@private_server@rml@internal@tbb@@UEAAXH@Z 000000018000d6c0 f   private_server.obj
 0001:0000c6e0       ?open@tbb_factory@rml@internal@tbb@@QEAA?AW4status_type@factory@2@XZ 000000018000d6e0 f   rml_tbb.obj
 0001:0000c810       ??0exception@std@@QEAA@AEBV01@@Z 000000018000d810 f i tbb_misc.obj
 0001:0000c850       ?what@exception@std@@UEBAPEBDXZ 000000018000d850 f i tbb_misc.obj
 0001:0000c870       ??_Grange_error@std@@UEAAPEAXI@Z 000000018000d870 f i tbb_misc.obj
 0001:0000c870       ??_Gexception@std@@UEAAPEAXI@Z 000000018000d870 f i tbb_misc.obj
 0001:0000c870       ??_Ginvalid_argument@std@@UEAAPEAXI@Z 000000018000d870 f i tbb_misc.obj
 0001:0000c870       ??_Ebad_last_alloc@tbb@@UEAAPEAXI@Z 000000018000d870 f i * CIL library *:* CIL module *
 0001:0000c870       ??_Ebad_alloc@std@@UEAAPEAXI@Z 000000018000d870 f i * CIL library *:* CIL module *
 0001:0000c870       ??_E__non_rtti_object@std@@UEAAPEAXI@Z 000000018000d870 f i libvcruntime:rtti.obj
 0001:0000c870       ??_Ebad_array_new_length@std@@UEAAPEAXI@Z 000000018000d870 f i LIBCMT:throw_bad_alloc.obj
 0001:0000c870       ??_Einvalid_multiple_scheduling@tbb@@UEAAPEAXI@Z 000000018000d870 f i * CIL library *:* CIL module *
 0001:0000c870       ??_Eout_of_range@std@@UEAAPEAXI@Z 000000018000d870 f i * CIL library *:* CIL module *
 0001:0000c870       ??_Glength_error@std@@UEAAPEAXI@Z 000000018000d870 f i tbb_misc.obj
 0001:0000c870       ??_Gbad_last_alloc@tbb@@UEAAPEAXI@Z 000000018000d870 f i tbb_misc.obj
 0001:0000c870       ??_Eruntime_error@std@@UEAAPEAXI@Z 000000018000d870 f i * CIL library *:* CIL module *
 0001:0000c870       ??_Erange_error@std@@UEAAPEAXI@Z 000000018000d870 f i * CIL library *:* CIL module *
 0001:0000c870       ??_Gbad_array_new_length@std@@UEAAPEAXI@Z 000000018000d870 f i LIBCMT:throw_bad_alloc.obj
 0001:0000c870       ??_Eimproper_lock@tbb@@UEAAPEAXI@Z 000000018000d870 f i * CIL library *:* CIL module *
 0001:0000c870       ??_Eexception@std@@UEAAPEAXI@Z 000000018000d870 f i * CIL library *:* CIL module *
 0001:0000c870       ??_Gbad_typeid@std@@UEAAPEAXI@Z 000000018000d870 f i libvcruntime:rtti.obj
 0001:0000c870       ??_Einvalid_argument@std@@UEAAPEAXI@Z 000000018000d870 f i * CIL library *:* CIL module *
 0001:0000c870       ??_Gout_of_range@std@@UEAAPEAXI@Z 000000018000d870 f i tbb_misc.obj
 0001:0000c870       ??_Ebad_typeid@std@@UEAAPEAXI@Z 000000018000d870 f i libvcruntime:rtti.obj
 0001:0000c870       ??_Elength_error@std@@UEAAPEAXI@Z 000000018000d870 f i * CIL library *:* CIL module *
 0001:0000c870       ??_Gmissing_wait@tbb@@UEAAPEAXI@Z 000000018000d870 f i tbb_misc.obj
 0001:0000c870       ??_Gbad_alloc@std@@UEAAPEAXI@Z 000000018000d870 f i tbb_misc.obj
 0001:0000c870       ??_Gruntime_error@std@@UEAAPEAXI@Z 000000018000d870 f i tbb_misc.obj
 0001:0000c870       ??_G__non_rtti_object@std@@UEAAPEAXI@Z 000000018000d870 f i libvcruntime:rtti.obj
 0001:0000c870       ??_Ginvalid_multiple_scheduling@tbb@@UEAAPEAXI@Z 000000018000d870 f i tbb_misc.obj
 0001:0000c870       ??_Gbad_exception@std@@UEAAPEAXI@Z 000000018000d870 f i libcpmt:excptptr.obj
 0001:0000c870       ??_Guser_abort@tbb@@UEAAPEAXI@Z 000000018000d870 f i tbb_misc.obj
 0001:0000c870       ??_Euser_abort@tbb@@UEAAPEAXI@Z 000000018000d870 f i * CIL library *:* CIL module *
 0001:0000c870       ??_Emissing_wait@tbb@@UEAAPEAXI@Z 000000018000d870 f i * CIL library *:* CIL module *
 0001:0000c870       ??_Glogic_error@std@@UEAAPEAXI@Z 000000018000d870 f i tbb_misc.obj
 0001:0000c870       ??_Gimproper_lock@tbb@@UEAAPEAXI@Z 000000018000d870 f i tbb_misc.obj
 0001:0000c870       ??_Ebad_exception@std@@UEAAPEAXI@Z 000000018000d870 f i libcpmt:excptptr.obj
 0001:0000c870       ??_Elogic_error@std@@UEAAPEAXI@Z 000000018000d870 f i * CIL library *:* CIL module *
 0001:0000c8c0       ??0bad_alloc@std@@QEAA@XZ  000000018000d8c0 f i tbb_misc.obj
 0001:0000c8e0       ??1out_of_range@std@@UEAA@XZ 000000018000d8e0 f i tbb_misc.obj
 0001:0000c8e0       ??1range_error@std@@UEAA@XZ 000000018000d8e0 f i tbb_misc.obj
 0001:0000c8e0       ??1missing_wait@tbb@@UEAA@XZ 000000018000d8e0 f i tbb_misc.obj
 0001:0000c8e0       ??1bad_last_alloc@tbb@@UEAA@XZ 000000018000d8e0 f i tbb_misc.obj
 0001:0000c8e0       ??1__non_rtti_object@std@@UEAA@XZ 000000018000d8e0 f i libvcruntime:rtti.obj
 0001:0000c8e0       ??1improper_lock@tbb@@UEAA@XZ 000000018000d8e0 f i tbb_misc.obj
 0001:0000c8e0       ??1bad_typeid@std@@UEAA@XZ 000000018000d8e0 f i libvcruntime:rtti.obj
 0001:0000c8e0       ??1user_abort@tbb@@UEAA@XZ 000000018000d8e0 f i tbb_misc.obj
 0001:0000c8e0       ??1runtime_error@std@@UEAA@XZ 000000018000d8e0 f i tbb_misc.obj
 0001:0000c8e0       ??1length_error@std@@UEAA@XZ 000000018000d8e0 f i tbb_misc.obj
 0001:0000c8e0       ??1bad_array_new_length@std@@UEAA@XZ 000000018000d8e0 f i LIBCMT:throw_bad_alloc.obj
 0001:0000c8e0       ??1invalid_argument@std@@UEAA@XZ 000000018000d8e0 f i tbb_misc.obj
 0001:0000c8e0       ??1bad_exception@std@@UEAA@XZ 000000018000d8e0 f i libcpmt:excptptr.obj
 0001:0000c8e0       ??1bad_alloc@std@@UEAA@XZ  000000018000d8e0 f i tbb_misc.obj
 0001:0000c8e0       ??1invalid_multiple_scheduling@tbb@@UEAA@XZ 000000018000d8e0 f i tbb_misc.obj
 0001:0000c900       _snprintf                  000000018000d900 f i tbb_misc.obj
 0001:0000c960       ?set_assertion_handler@tbb@@YAP6AXPEBDH00@ZP6AX0H00@Z@Z 000000018000d960 f   tbb_misc.obj
 0001:0000c970       ?assertion_failure@tbb@@YAXPEBDH00@Z 000000018000d970 f   tbb_misc.obj
 0001:0000ca20       ?runtime_warning@internal@tbb@@YAXPEBDZZ 000000018000da20 f   tbb_misc.obj
 0001:0000cae0       ??0length_error@std@@QEAA@PEBD@Z 000000018000dae0 f i tbb_misc.obj
 0001:0000cb30       ??0runtime_error@std@@QEAA@AEBV01@@Z 000000018000db30 f i tbb_misc.obj
 0001:0000cb70       ?what@bad_last_alloc@tbb@@UEBAPEBDXZ 000000018000db70 f   tbb_misc.obj
 0001:0000cb80       ?what@improper_lock@tbb@@UEBAPEBDXZ 000000018000db80 f   tbb_misc.obj
 0001:0000cb90       ?what@user_abort@tbb@@UEBAPEBDXZ 000000018000db90 f   tbb_misc.obj
 0001:0000cba0       ?what@invalid_multiple_scheduling@tbb@@UEBAPEBDXZ 000000018000dba0 f   tbb_misc.obj
 0001:0000cbb0       ?what@missing_wait@tbb@@UEBAPEBDXZ 000000018000dbb0 f   tbb_misc.obj
 0001:0000cbc0       ?handle_perror@internal@tbb@@YAXHPEBD@Z 000000018000dbc0 f   tbb_misc.obj
 0001:0000cc60       ?handle_win_error@internal@tbb@@YAXH@Z 000000018000dc60 f   tbb_misc.obj
 0001:0000cd00       ?throw_bad_last_alloc_exception_v4@internal@tbb@@YAXXZ 000000018000dd00 f   tbb_misc.obj
 0001:0000cd40       ?throw_exception_v4@internal@tbb@@YAXW4exception_id@12@@Z 000000018000dd40 f   tbb_misc.obj
 0001:0000d2f0       ??0bad_alloc@std@@QEAA@AEBV01@@Z 000000018000e2f0 f i tbb_misc.obj
 0001:0000d330       ??0bad_last_alloc@tbb@@QEAA@AEBV01@@Z 000000018000e330 f i tbb_misc.obj
 0001:0000d370       ??0invalid_argument@std@@QEAA@AEBV01@@Z 000000018000e370 f i tbb_misc.obj
 0001:0000d3b0       ??0logic_error@std@@QEAA@AEBV01@@Z 000000018000e3b0 f i tbb_misc.obj
 0001:0000d3f0       ??0out_of_range@std@@QEAA@AEBV01@@Z 000000018000e3f0 f i tbb_misc.obj
 0001:0000d430       ??0range_error@std@@QEAA@AEBV01@@Z 000000018000e430 f i tbb_misc.obj
 0001:0000d470       ??0missing_wait@tbb@@QEAA@AEBV01@@Z 000000018000e470 f i tbb_misc.obj
 0001:0000d4b0       ??0invalid_multiple_scheduling@tbb@@QEAA@AEBV01@@Z 000000018000e4b0 f i tbb_misc.obj
 0001:0000d4f0       ??0improper_lock@tbb@@QEAA@AEBV01@@Z 000000018000e4f0 f i tbb_misc.obj
 0001:0000d530       ??0length_error@std@@QEAA@AEBV01@@Z 000000018000e530 f i tbb_misc.obj
 0001:0000d570       ??0user_abort@tbb@@QEAA@AEBV01@@Z 000000018000e570 f i tbb_misc.obj
 0001:0000d5b0       ?PrintExtraVersionInfo@internal@tbb@@YAXPEBD0ZZ 000000018000e5b0 f   tbb_misc.obj
 0001:0000d680       ?PrintRMLVersionInfo@internal@tbb@@YAXPEAXPEBD@Z 000000018000e680 f   tbb_misc.obj
 0001:0000d690       TBB_runtime_interface_version 000000018000e690 f   tbb_misc.obj
 0001:0000d930       ?FindProcessorGroupIndex@internal@tbb@@YAHH@Z 000000018000e930 f   tbb_misc_ex.obj
 0001:0000da10       ?AvailableHwConcurrency@internal@tbb@@YAHXZ 000000018000ea10 f   tbb_misc_ex.obj
 0001:0000dac0       ?local_scheduler_weak@governor@internal@tbb@@SAPEAVgeneric_scheduler@23@XZ 000000018000eac0 f i task.obj
 0001:0000db20       ?allocate@allocate_root_proxy@internal@tbb@@SAAEAVtask@3@_K@Z 000000018000eb20 f   task.obj
 0001:0000dbc0       ?free@allocate_root_proxy@internal@tbb@@SAXAEAVtask@3@@Z 000000018000ebc0 f   task.obj
 0001:0000dc50       ?allocate@allocate_root_with_context_proxy@internal@tbb@@QEBAAEAVtask@3@_K@Z 000000018000ec50 f   task.obj
 0001:0000dd70       ?free@allocate_child_proxy@internal@tbb@@QEBAXAEAVtask@3@@Z 000000018000ed70 f   task.obj
 0001:0000dd70       ?free@allocate_root_with_context_proxy@internal@tbb@@QEBAXAEAVtask@3@@Z 000000018000ed70 f   task.obj
 0001:0000de00       ?allocate@allocate_continuation_proxy@internal@tbb@@QEBAAEAVtask@3@_K@Z 000000018000ee00 f   task.obj
 0001:0000de80       ?free@allocate_continuation_proxy@internal@tbb@@QEBAXAEAVtask@3@@Z 000000018000ee80 f   task.obj
 0001:0000df20       ?allocate@allocate_child_proxy@internal@tbb@@QEBAAEAVtask@3@_K@Z 000000018000ef20 f   task.obj
 0001:0000dfa0       ?allocate@allocate_additional_child_of_proxy@internal@tbb@@QEBAAEAVtask@3@_K@Z 000000018000efa0 f   task.obj
 0001:0000e030       ?free@allocate_additional_child_of_proxy@internal@tbb@@QEBAXAEAVtask@3@@Z 000000018000f030 f   task.obj
 0001:0000e110       ?get_initial_auto_partitioner_divisor@internal@tbb@@YA_KXZ 000000018000f110 f   task.obj
 0001:0000e150       ?resize@affinity_partitioner_base_v3@internal@tbb@@AEAAXI@Z 000000018000f150 f   task.obj
 0001:0000e260       ?internal_set_ref_count@task@tbb@@AEAAXH@Z 000000018000f260 f   task.obj
 0001:0000e2a0       ?internal_decrement_ref_count@task@tbb@@AEAA_JXZ 000000018000f2a0 f   task.obj
 0001:0000e2f0       ?self@task@tbb@@SAAEAV12@XZ 000000018000f2f0 f   task.obj
 0001:0000e350       __acrt_uninitialize_command_line 000000018000f350 f   libucrt:argv_data.obj
 0001:0000e350       ?is_owned_by_current_thread@task@tbb@@QEBA_NXZ 000000018000f350 f   task.obj
 0001:0000e360       ?destroy@task_base@internal@interface5@tbb@@SAXAEAVtask@4@@Z 000000018000f360 f   task.obj
 0001:0000e470       ?spawn_and_wait_for_all@task@tbb@@QEAAXAEAVtask_list@2@@Z 000000018000f470 f   task.obj
 0001:0000e510       ?change_group@task@tbb@@QEAAXAEAVtask_group_context@2@@Z 000000018000f510 f   task.obj
 0001:0000e600       ??1exception_ptr@std@@QEAA@XZ 000000018000f600 f i task_group_context.obj
 0001:0000e610       ?_Current_exception@exception_ptr@std@@SA?AV12@XZ 000000018000f610 f i task_group_context.obj
 0001:0000e630       ?_Copy_exception@exception_ptr@std@@SA?AV12@PEAXPEBX@Z 000000018000f630 f i task_group_context.obj
 0001:0000e6a0       ?current_exception@std@@YA?AVexception_ptr@1@XZ 000000018000f6a0 f i task_group_context.obj
 0001:0000e6c0       ??0captured_exception@tbb@@QEAA@AEBV01@@Z 000000018000f6c0 f i task_group_context.obj
 0001:0000e740       ?throw_self@captured_exception@tbb@@UEAAXXZ 000000018000f740 f i task_group_context.obj
 0001:0000e7c0       ??_Ecaptured_exception@tbb@@UEAAPEAXI@Z 000000018000f7c0 f i * CIL library *:* CIL module *
 0001:0000e7c0       ??_Gcaptured_exception@tbb@@UEAAPEAXI@Z 000000018000f7c0 f i task_group_context.obj
 0001:0000e850       ??0tbb_exception@tbb@@QEAA@AEBV01@@Z 000000018000f850 f i task_group_context.obj
 0001:0000e890       ??_Etbb_exception@tbb@@UEAAPEAXI@Z 000000018000f890 f i * CIL library *:* CIL module *
 0001:0000e890       ??_Gtbb_exception@tbb@@UEAAPEAXI@Z 000000018000f890 f i task_group_context.obj
 0001:0000e900       ??0tbb_exception_ptr@internal@tbb@@QEAA@AEBVcaptured_exception@2@@Z 000000018000f900 f i task_group_context.obj
 0001:0000e990       ?lock@spin_mutex@tbb@@QEAAXXZ 000000018000f990 f i task_group_context.obj
 0001:0000e9f0       ?duplicate_string@tbb@@YAPEADPEBD@Z 000000018000f9f0 f i task_group_context.obj
 0001:0000ea60       ??1captured_exception@tbb@@UEAA@XZ 000000018000fa60 f   task_group_context.obj
 0001:0000eab0       ?set@captured_exception@tbb@@QEAAXPEBD0@Z 000000018000fab0 f   task_group_context.obj
 0001:0000eaf0       ?clear@captured_exception@tbb@@QEAAXXZ 000000018000faf0 f   task_group_context.obj
 0001:0000eb30       ?move@captured_exception@tbb@@UEAAPEAV12@XZ 000000018000fb30 f   task_group_context.obj
 0001:0000ebb0       ?destroy@captured_exception@tbb@@UEAAXXZ 000000018000fbb0 f   task_group_context.obj
 0001:0000ec10       ?allocate@captured_exception@tbb@@SAPEAV12@PEBD0@Z 000000018000fc10 f   task_group_context.obj
 0001:0000ec90       ?name@captured_exception@tbb@@UEBAPEBDXZ 000000018000fc90 f   task_group_context.obj
 0001:0000eca0       ?what@captured_exception@tbb@@UEBAPEBDXZ 000000018000fca0 f   task_group_context.obj
 0001:0000ecb0       ?allocate@tbb_exception_ptr@internal@tbb@@SAPEAV123@XZ 000000018000fcb0 f   task_group_context.obj
 0001:0000ecb0       ?allocate@tbb_exception_ptr@internal@tbb@@SAPEAV123@AEBVtbb_exception@3@@Z 000000018000fcb0 f   task_group_context.obj
 0001:0000ed20       ?allocate@tbb_exception_ptr@internal@tbb@@SAPEAV123@AEAVcaptured_exception@3@@Z 000000018000fd20 f   task_group_context.obj
 0001:0000ed70       ??1task_group_context@tbb@@QEAA@XZ 000000018000fd70 f   task_group_context.obj
 0001:0000efe0       ?init@task_group_context@tbb@@IEAAXXZ 000000018000ffe0 f   task_group_context.obj
 0001:0000f040       ?register_with@task_group_context@tbb@@QEAAXPEAVgeneric_scheduler@internal@2@@Z 0000000180010040 f   task_group_context.obj
 0001:0000f170       ?bind_to@task_group_context@tbb@@QEAAXPEAVgeneric_scheduler@internal@2@@Z 0000000180010170 f   task_group_context.obj
 0001:0000f2e0       ?cancel_group_execution@task_group_context@tbb@@QEAA_NXZ 00000001800102e0 f   task_group_context.obj
 0001:0000f330       ?is_group_execution_cancelled@task_group_context@tbb@@QEBA_NXZ 0000000180010330 f   task_group_context.obj
 0001:0000f340       ?reset@task_group_context@tbb@@QEAAXXZ 0000000180010340 f   task_group_context.obj
 0001:0000f3a0       ?capture_fp_settings@task_group_context@tbb@@QEAAXXZ 00000001800103a0 f   task_group_context.obj
 0001:0000f3e0       ?register_pending_exception@task_group_context@tbb@@QEAAXXZ 00000001800103e0 f   task_group_context.obj
 0001:0000f410       ?set_priority@task_group_context@tbb@@QEAAXW4priority_t@2@@Z 0000000180010410 f   task_group_context.obj
 0001:0000f4d0       ?priority@task_group_context@tbb@@QEBA?AW4priority_t@2@XZ 00000001800104d0 f   task_group_context.obj
 0001:0000f4f0       ??$make_exception_ptr@Vcaptured_exception@tbb@@@std@@YA?AVexception_ptr@0@Vcaptured_exception@tbb@@@Z 00000001800104f0 f i task_group_context.obj
 0001:0000f560       ??$spin_wait_until_eq@U?$atomic@_K@tbb@@I@internal@tbb@@YAXAEDU?$atomic@_K@1@I@Z 0000000180010560 f i task_group_context.obj
 0001:0000f5c0       ??$propagate_task_group_state@_K@market@internal@tbb@@QEAA_NPEQtask_group_context@2@_KAEAV32@_K@Z 00000001800105c0 f i task_group_context.obj
 0001:0000f6c0       ??$propagate_task_group_state@_J@market@internal@tbb@@QEAA_NPEQtask_group_context@2@_JAEAV32@_J@Z 00000001800106c0 f i task_group_context.obj
 0001:0000f7f0       ??$propagate_task_group_state@_K@generic_scheduler@internal@tbb@@QEAAXPEQtask_group_context@2@_KAEAV32@_K@Z 00000001800107f0 f i task_group_context.obj
 0001:0000f8f0       ??$propagate_task_group_state@_J@generic_scheduler@internal@tbb@@QEAAXPEQtask_group_context@2@_JAEAV32@_J@Z 00000001800108f0 f i task_group_context.obj
 0001:0000fa00       ?initialize_cilk_interop@internal@tbb@@YA_NXZ 0000000180010a00 f   governor.obj
 0001:0000fa80       ?release_resources@governor@internal@tbb@@CAXXZ 0000000180010a80 f   governor.obj
 0001:0000fb20       ?create_rml_server@governor@internal@tbb@@CAPEAVtbb_server@rml@23@AEAVtbb_client@523@@Z 0000000180010b20 f   governor.obj
 0001:0000fbd0       ?assume_scheduler@governor@internal@tbb@@SAXPEAVgeneric_scheduler@23@@Z 0000000180010bd0 f   governor.obj
 0001:0000fc10       ?is_set@governor@internal@tbb@@SA_NPEAVgeneric_scheduler@23@@Z 0000000180010c10 f   governor.obj
 0001:0000fc60       ?sign_on@governor@internal@tbb@@SAXPEAVgeneric_scheduler@23@@Z 0000000180010c60 f   governor.obj
 0001:0000fce0       ?init_scheduler@governor@internal@tbb@@SAPEAVgeneric_scheduler@23@H_K_N@Z 0000000180010ce0 f   governor.obj
 0001:0000fe60       ?terminate_scheduler@governor@internal@tbb@@SAXPEAVgeneric_scheduler@23@PEBVtask_scheduler_init@3@@Z 0000000180010e60 f   governor.obj
 0001:0000ff50       ?stack_op_handler@governor@internal@tbb@@SAHW4__cilk_tbb_stack_op@@PEAX@Z 0000000180010f50 f   governor.obj
 0001:0000fff0       ?initialize@task_scheduler_init@tbb@@QEAAXH@Z 0000000180010ff0 f   governor.obj
 0001:00010000       ?initialize@task_scheduler_init@tbb@@QEAAXH_K@Z 0000000180011000 f   governor.obj
 0001:00010300       ?terminate@task_scheduler_init@tbb@@QEAAXXZ 0000000180011300 f   governor.obj
 0001:00010420       ?default_num_threads@task_scheduler_init@tbb@@SAHXZ 0000000180011420 f   governor.obj
 0001:00010440       ??$atomic_do_once@P6A_NXZ@internal@tbb@@YAXAEBQ6A_NXZAEAU?$atomic@W4do_once_state@internal@tbb@@@1@@Z 0000000180011440 f i governor.obj
 0001:00010500       ??1scoped_lock@spin_rw_mutex_v3@tbb@@QEAA@XZ 0000000180011500 f i market.obj
 0001:00010530       ?max_job_count@market@internal@tbb@@EEBAIXZ 0000000180011530 f i market.obj
 0001:00010540       ?min_stack_size@market@internal@tbb@@EEBA_KXZ 0000000180011540 f i market.obj
 0001:00010550       ?policy@market@internal@tbb@@EEBA?AW4policy_type@client@rml@@XZ 0000000180011550 f i market.obj
 0001:00010550       _get_startup_argv_mode     0000000180011550 f i LIBCMT:argv_mode.obj
 0001:00010550       ?length@charNode@@UEBAHXZ  0000000180011550 f i libvcruntime:undname.obj
 0001:00010560       ?recall_by_mandatory_request@arena@internal@tbb@@QEBA_NXZ 0000000180011560 f i market.obj
 0001:00010580       ??0market@internal@tbb@@AEAA@II_K@Z 0000000180011580 f   market.obj
 0001:00010690       ?global_market@market@internal@tbb@@CAAEAV123@_NI_K@Z 0000000180011690 f   market.obj
 0001:00010960       ?release@market@internal@tbb@@QEAAX_N@Z 0000000180011960 f   market.obj
 0001:00010a20       ?set_active_num_workers@market@internal@tbb@@SAXI@Z 0000000180011a20 f   market.obj
 0001:00010cb0       ?create_arena@market@internal@tbb@@SAPEAVarena@23@HH_K@Z 0000000180011cb0 f   market.obj
 0001:00010d60       ?try_destroy_arena@market@internal@tbb@@QEAAXPEAVarena@23@_K@Z 0000000180011d60 f   market.obj
 0001:00010eb0       ?arena_in_need@market@internal@tbb@@AEAAPEAVarena@23@PEAV423@@Z 0000000180011eb0 f   market.obj
 0001:00010f80       ?update_allotment@market@internal@tbb@@AEAAX_J@Z 0000000180011f80 f   market.obj
 0001:000110d0       ?mandatory_concurrency_enable@market@internal@tbb@@QEAA_NPEAVarena@23@@Z 00000001800120d0 f   market.obj
 0001:000111b0       ?mandatory_concurrency_disable@market@internal@tbb@@QEAAXPEAVarena@23@@Z 00000001800121b0 f   market.obj
 0001:00011340       ?adjust_demand@market@internal@tbb@@QEAAXAEAVarena@23@H@Z 0000000180012340 f   market.obj
 0001:00011620       ?process@market@internal@tbb@@EEAAXAEAVjob@rml@@@Z 0000000180012620 f   market.obj
 0001:000116c0       ?cleanup@market@internal@tbb@@EEAAXAEAVjob@rml@@@Z 00000001800126c0 f   market.obj
 0001:000117c0       ?acknowledge_close_connection@market@internal@tbb@@EEAAXXZ 00000001800127c0 f   market.obj
 0001:000117f0       ?create_one_job@market@internal@tbb@@EEAAPEAVjob@rml@@XZ 00000001800127f0 f   market.obj
 0001:00011870       ?update_arena_top_priority@market@internal@tbb@@AEAAXAEAVarena@23@_J@Z 0000000180012870 f   market.obj
 0001:00011980       ?lower_arena_priority@market@internal@tbb@@QEAA_NAEAVarena@23@_J_K@Z 0000000180012980 f   market.obj
 0001:00011a90       ?update_arena_priority@market@internal@tbb@@QEAA_NAEAVarena@23@_J@Z 0000000180012a90 f   market.obj
 0001:00011c30       ?throw_self@tbb_exception_ptr@internal@tbb@@QEAAXXZ 0000000180012c30 f i arena.obj
 0001:00011c60       ??1cpu_ctl_env_helper@internal@tbb@@QEAA@XZ 0000000180012c60 f i arena.obj
 0001:00011c80       ?occupy_free_slot_in_range@arena@internal@tbb@@QEAA_KAEAVgeneric_scheduler@23@_K1@Z 0000000180012c80 f   arena.obj
 0001:00011d60       ?process@arena@internal@tbb@@QEAAXAEAVgeneric_scheduler@23@@Z 0000000180012d60 f   arena.obj
 0001:00011fa0       ??0arena@internal@tbb@@QEAA@AEAVmarket@12@II@Z 0000000180012fa0 f   arena.obj
 0001:00012170       ??1?$padded@Uarena_base@internal@tbb@@$0IA@@internal@tbb@@QEAA@XZ 0000000180013170 f i arena.obj
 0001:000121a0       ?allocate_arena@arena@internal@tbb@@SAAEAV123@AEAVmarket@23@II@Z 00000001800131a0 f   arena.obj
 0001:00012280       ?free_arena@arena@internal@tbb@@QEAAXXZ 0000000180013280 f   arena.obj
 0001:00012420       ?restore_priorities_if_need@arena@internal@tbb@@AEAAXXZ 0000000180013420 f   arena.obj
 0001:000124d0       ?is_out_of_work@arena@internal@tbb@@QEAA_NXZ 00000001800134d0 f   arena.obj
 0001:00012840       ?enqueue_task@arena@internal@tbb@@QEAAXAEAVtask@3@_JAEAVFastRandom@23@@Z 0000000180013840 f   arena.obj
 0001:00012920       ??1nested_arena_context@internal@tbb@@QEAA@XZ 0000000180013920 f i arena.obj
 0001:000129b0       ?nested_arena_entry@generic_scheduler@internal@tbb@@QEAAXPEAVarena@23@_KAEAUnested_arena_context@23@_N@Z 00000001800139b0 f   arena.obj
 0001:00012bc0       ?nested_arena_exit@generic_scheduler@internal@tbb@@QEAAXAEAUnested_arena_context@23@@Z 0000000180013bc0 f   arena.obj
 0001:00012cf0       ??1auto_empty_task@internal@tbb@@QEAA@XZ 0000000180013cf0 f i arena.obj
 0001:00012d20       ?internal_initialize@task_arena_base@internal@interface7@tbb@@IEAAXXZ 0000000180013d20 f   arena.obj
 0001:00012ef0       ?internal_terminate@task_arena_base@internal@interface7@tbb@@IEAAXXZ 0000000180013ef0 f   arena.obj
 0001:00012f30       ?internal_attach@task_arena_base@internal@interface7@tbb@@IEAAXXZ 0000000180013f30 f   arena.obj
 0001:00012fb0       ?internal_enqueue@task_arena_base@internal@interface7@tbb@@IEBAXAEAVtask@4@_J@Z 0000000180013fb0 f   arena.obj
 0001:00013000       ?execute@delegated_task@internal@interface7@tbb@@EEAAPEAVtask@4@XZ 0000000180014000 f i arena.obj
 0001:000130c0       ??_Gdelegated_task@internal@interface7@tbb@@EEAAPEAXI@Z 00000001800140c0 f i arena.obj
 0001:000130c0       ??_Edelegated_task@internal@interface7@tbb@@EEAAPEAXI@Z 00000001800140c0 f i * CIL library *:* CIL module *
 0001:00013120       ?internal_execute@task_arena_base@internal@interface7@tbb@@IEBAXAEAVdelegate_base@234@@Z 0000000180014120 f   arena.obj
 0001:00013820       ?execute@wait_task@internal@interface7@tbb@@EEAAPEAVtask@4@XZ 0000000180014820 f i arena.obj
 0001:00013890       ??_Ewait_task@internal@interface7@tbb@@UEAAPEAXI@Z 0000000180014890 f i * CIL library *:* CIL module *
 0001:00013890       ??_Gwait_task@internal@interface7@tbb@@UEAAPEAXI@Z 0000000180014890 f i arena.obj
 0001:000138c0       ?internal_wait@task_arena_base@internal@interface7@tbb@@IEBAXXZ 00000001800148c0 f   arena.obj
 0001:00013c00       ?internal_current_slot@task_arena_base@internal@interface7@tbb@@KAHXZ 0000000180014c00 f   arena.obj
 0001:00013c30       ?push@?$task_stream@$02@internal@tbb@@QEAAXPEAVtask@3@HAEAVFastRandom@23@@Z 0000000180014c30 f i arena.obj
 0001:00013da0       ??1?$task_stream@$02@internal@tbb@@QEAA@XZ 0000000180014da0 f i arena.obj
 0001:00013e20       ?initialize@?$task_stream@$02@internal@tbb@@QEAAXI@Z 0000000180014e20 f i arena.obj
 0001:00013f10       ??0?$padded@U?$queue_and_mutex@PEAVtask@tbb@@Vspin_mutex@2@@internal@tbb@@$0IA@@internal@tbb@@QEAA@XZ 0000000180014f10 f i arena.obj
 0001:00013f80       ??1?$padded@U?$queue_and_mutex@PEAVtask@tbb@@Vspin_mutex@2@@internal@tbb@@$0IA@@internal@tbb@@QEAA@XZ 0000000180014f80 f i arena.obj
 0001:00013fc0       ?_Growmap@?$deque@PEAVtask@tbb@@V?$tbb_allocator@PEAVtask@tbb@@@2@@std@@IEAAX_K@Z 0000000180014fc0 f i arena.obj
 0001:00014100       ?_Tidy@?$deque@PEAVtask@tbb@@V?$tbb_allocator@PEAVtask@tbb@@@2@@std@@IEAAXXZ 0000000180015100 f i arena.obj
 0001:00014190       ??$advertise_new_work@$01@arena@internal@tbb@@QEAAXXZ 0000000180015190 f i arena.obj
 0001:00014250       ??$on_thread_leaving@$00@arena@internal@tbb@@QEAAXXZ 0000000180015250 f i arena.obj
 0001:000142e0       ??$notify_relaxed@Vdelegated_task@internal@interface7@tbb@@@concurrent_monitor@internal@tbb@@QEAAXAEBVdelegated_task@1interface7@2@@Z 00000001800152e0 f i arena.obj
 0001:00014430       ??$occupy_free_slot@$0A@@arena@internal@tbb@@QEAA_KAEAVgeneric_scheduler@12@@Z 0000000180015430 f i arena.obj
 0001:000144f0       ??$_Uninitialized_default_fill_n1@PEAPEAPEAVtask@tbb@@_KV?$tbb_allocator@PEAPEAVtask@tbb@@@2@@std@@YAXPEAPEAPEAVtask@tbb@@_KAEAU?$_Wrap_alloc@V?$tbb_allocator@PEAPEAVtask@tbb@@@tbb@@@0@U?$integral_constant@_N$0A@@0@@Z 00000001800154f0 f i arena.obj
 0001:00014510       ??$_Uninitialized_copy_al_unchecked1@PEAPEAPEAVtask@tbb@@PEAPEAPEAV12@V?$tbb_allocator@PEAPEAVtask@tbb@@@2@@std@@YAPEAPEAPEAVtask@tbb@@PEAPEAPEAV12@00AEAU?$_Wrap_alloc@V?$tbb_allocator@PEAPEAVtask@tbb@@@tbb@@@0@U_General_ptr_iterator_tag@0@U_Any_tag@0@@Z 0000000180015510 f i arena.obj
 0001:00014550       ?allocate_task_pool@arena_slot@internal@tbb@@QEAAX_K@Z 0000000180015550 f i scheduler.obj
 0001:000145e0       ?internal_pop@mail_outbox@internal@tbb@@AEAAPEAUtask_proxy@23@XZ 00000001800155e0 f i scheduler.obj
 0001:000146a0       ?commit_relocated_tasks@generic_scheduler@internal@tbb@@QEAAX_K@Z 00000001800156a0 f i scheduler.obj
 0001:000146f0       ??1scheduler@internal@tbb@@UEAA@XZ 00000001800156f0 f   scheduler.obj
 0001:00014700       ??0generic_scheduler@internal@tbb@@IEAA@AEAVmarket@12@@Z 0000000180015700 f   scheduler.obj
 0001:00014930       ??_E?$custom_scheduler@UDefaultSchedulerTraits@internal@tbb@@@internal@tbb@@UEAAPEAXI@Z 0000000180015930 f i * CIL library *:* CIL module *
 0001:00014930       ??_E?$custom_scheduler@UIntelSchedulerTraits@internal@tbb@@@internal@tbb@@UEAAPEAXI@Z 0000000180015930 f i * CIL library *:* CIL module *
 0001:00014930       ??_G?$custom_scheduler@UDefaultSchedulerTraits@internal@tbb@@@internal@tbb@@UEAAPEAXI@Z 0000000180015930 f i scheduler.obj
 0001:00014930       ??_Egeneric_scheduler@internal@tbb@@UEAAPEAXI@Z 0000000180015930 f i * CIL library *:* CIL module *
 0001:00014930       ??_Ggeneric_scheduler@internal@tbb@@UEAAPEAXI@Z 0000000180015930 f i scheduler.obj
 0001:00014930       ??_G?$custom_scheduler@UIntelSchedulerTraits@internal@tbb@@@internal@tbb@@UEAAPEAXI@Z 0000000180015930 f i scheduler.obj
 0001:00014960       ?cleanup_local_context_list@generic_scheduler@internal@tbb@@QEAAXXZ 0000000180015960 f   scheduler.obj
 0001:00014a90       ?free_scheduler@generic_scheduler@internal@tbb@@QEAAXXZ 0000000180015a90 f   scheduler.obj
 0001:00014b60       ?allocate_task@generic_scheduler@internal@tbb@@QEAAAEAVtask@3@_KPEAV43@PEAVtask_group_context@3@@Z 0000000180015b60 f   scheduler.obj
 0001:00014ca0       ?free_nonlocal_small_task@generic_scheduler@internal@tbb@@QEAAXAEAVtask@3@@Z 0000000180015ca0 f   scheduler.obj
 0001:00014d40       ?prepare_task_pool@generic_scheduler@internal@tbb@@QEAA_K_K@Z 0000000180015d40 f   scheduler.obj
 0001:00014ec0       ?acquire_task_pool@generic_scheduler@internal@tbb@@QEBAXXZ 0000000180015ec0 f i scheduler.obj
 0001:00014f80       ?release_task_pool@generic_scheduler@internal@tbb@@QEBAXXZ 0000000180015f80 f i scheduler.obj
 0001:00014fc0       ?lock_task_pool@generic_scheduler@internal@tbb@@QEBAPEAPEAVtask@3@PEAUarena_slot@23@@Z 0000000180015fc0 f i scheduler.obj
 0001:00015090       ?prepare_for_spawning@generic_scheduler@internal@tbb@@QEAAPEAVtask@3@PEAV43@@Z 0000000180016090 f i scheduler.obj
 0001:000151e0       ?local_spawn@generic_scheduler@internal@tbb@@QEAAXAEAVtask@3@AEAPEAV43@@Z 00000001800161e0 f   scheduler.obj
 0001:000154d0       ?local_spawn_root_and_wait@generic_scheduler@internal@tbb@@QEAAXAEAVtask@3@AEAPEAV43@@Z 00000001800164d0 f   scheduler.obj
 0001:000155c0       ?spawn@generic_scheduler@internal@tbb@@UEAAXAEAVtask@3@AEAPEAV43@@Z 00000001800165c0 f   scheduler.obj
 0001:00015610       ?spawn_root_and_wait@generic_scheduler@internal@tbb@@UEAAXAEAVtask@3@AEAPEAV43@@Z 0000000180016610 f   scheduler.obj
 0001:00015660       ?enqueue@generic_scheduler@internal@tbb@@UEAAXAEAVtask@3@PEAX@Z 0000000180016660 f   scheduler.obj
 0001:000156c0       ??1auto_indicator@internal@tbb@@QEAA@XZ 00000001800166c0 f i scheduler.obj
 0001:000156d0       ?winnow_task_pool@generic_scheduler@internal@tbb@@QEAAPEAVtask@3@XZ 00000001800166d0 f   scheduler.obj
 0001:00015940       ?reload_tasks@generic_scheduler@internal@tbb@@QEAAPEAVtask@3@AEAPEAV43@AEAPEAPEAV43@_J@Z 0000000180016940 f   scheduler.obj
 0001:00015bc0       ?reload_tasks@generic_scheduler@internal@tbb@@QEAAPEAVtask@3@XZ 0000000180016bc0 f   scheduler.obj
 0001:00015cf0       ?get_task@generic_scheduler@internal@tbb@@QEAAPEAVtask@3@XZ 0000000180016cf0 f i scheduler.obj
 0001:00015e90       ?steal_task@generic_scheduler@internal@tbb@@QEAAPEAVtask@3@AEAUarena_slot@23@@Z 0000000180016e90 f   scheduler.obj
 0001:00015ff0       ?get_mailbox_task@generic_scheduler@internal@tbb@@QEAAPEAVtask@3@XZ 0000000180016ff0 f   scheduler.obj
 0001:000160d0       ?leave_task_pool@generic_scheduler@internal@tbb@@QEAAXXZ 00000001800170d0 f   scheduler.obj
 0001:00016130       ?create_master@generic_scheduler@internal@tbb@@SAPEAV123@PEAVarena@23@@Z 0000000180017130 f   scheduler.obj
 0001:00016380       ?cleanup_master@generic_scheduler@internal@tbb@@QEAAX_N@Z 0000000180017380 f   scheduler.obj
 0001:00016580       ?copy_memory@?$fast_reverse_vector@PEAVtask@tbb@@$0BA@@internal@tbb@@QEBAXPEAPEAVtask@3@@Z 0000000180017580 f i scheduler.obj
 0001:00016640       ??1?$fast_reverse_vector@PEAVtask@tbb@@$0BA@@internal@tbb@@QEAA@XZ 0000000180017640 f i scheduler.obj
 0001:000166a0       ?allocate_scheduler@?$custom_scheduler@UIntelSchedulerTraits@internal@tbb@@@internal@tbb@@SAPEAVgeneric_scheduler@23@AEAVmarket@23@@Z 00000001800176a0 f i scheduler.obj
 0001:00016740       ?wait_for_all@?$custom_scheduler@UIntelSchedulerTraits@internal@tbb@@@internal@tbb@@EEAAXAEAVtask@3@PEAV43@@Z 0000000180017740 f i scheduler.obj
 0001:00016790       ?allocate_scheduler@?$custom_scheduler@UDefaultSchedulerTraits@internal@tbb@@@internal@tbb@@SAPEAVgeneric_scheduler@23@AEAVmarket@23@@Z 0000000180017790 f i scheduler.obj
 0001:00016830       ?wait_for_all@?$custom_scheduler@UDefaultSchedulerTraits@internal@tbb@@@internal@tbb@@EEAAXAEAVtask@3@PEAV43@@Z 0000000180017830 f i scheduler.obj
 0001:00016880       ?local_wait_for_all@?$custom_scheduler@UDefaultSchedulerTraits@internal@tbb@@@internal@tbb@@EEAAXAEAVtask@3@PEAV43@@Z 0000000180017880 f i scheduler.obj
 0001:00016f00       ?receive_or_steal_task@?$custom_scheduler@UDefaultSchedulerTraits@internal@tbb@@@internal@tbb@@UEAAPEAVtask@3@AEA_J@Z 0000000180017f00 f i scheduler.obj
 0001:000174c0       ?local_wait_for_all@?$custom_scheduler@UIntelSchedulerTraits@internal@tbb@@@internal@tbb@@EEAAXAEAVtask@3@PEAV43@@Z 00000001800184c0 f i scheduler.obj
 0001:00017b50       ?receive_or_steal_task@?$custom_scheduler@UIntelSchedulerTraits@internal@tbb@@@internal@tbb@@UEAAPEAVtask@3@AEA_J@Z 0000000180018b50 f i scheduler.obj
 0001:00018070       ??$advertise_new_work@$0A@@arena@internal@tbb@@QEAAXXZ 0000000180019070 f i scheduler.obj
 0001:00018120       ?tally_completion_of_predecessor@?$custom_scheduler@UIntelSchedulerTraits@internal@tbb@@@internal@tbb@@AEAAXAEAVtask@3@AEAPEAV43@@Z 0000000180019120 f i scheduler.obj
 0001:00018230       ?tally_completion_of_predecessor@?$custom_scheduler@UDefaultSchedulerTraits@internal@tbb@@@internal@tbb@@AEAAXAEAVtask@3@AEAPEAV43@@Z 0000000180019230 f i scheduler.obj
 0001:00018360       ?pop@?$task_stream@$02@internal@tbb@@QEAAPEAVtask@3@HAEAI@Z 0000000180019360 f i scheduler.obj
 0001:00018480       ?begin@?$deque@PEAVtask@tbb@@V?$tbb_allocator@PEAVtask@tbb@@@2@@std@@QEAA?AV?$_Deque_iterator@V?$_Deque_val@U?$_Deque_simple_types@PEAVtask@tbb@@@std@@@std@@@2@XZ 0000000180019480 f i scheduler.obj
 0001:000184a0       ?clear@observer_list@internal@tbb@@QEAAXXZ 00000001800194a0 f   observer_proxy.obj
 0001:00018560       ?insert@observer_list@internal@tbb@@QEAAXPEAVobserver_proxy@23@@Z 0000000180019560 f   observer_proxy.obj
 0001:000185c0       ?remove_ref@observer_list@internal@tbb@@QEAAXPEAVobserver_proxy@23@@Z 00000001800195c0 f   observer_proxy.obj
 0001:00018670       ?do_notify_entry_observers@observer_list@internal@tbb@@AEAAXAEAPEAVobserver_proxy@23@_N@Z 0000000180019670 f   observer_proxy.obj
 0001:000187b0       ?do_notify_exit_observers@observer_list@internal@tbb@@AEAAXPEAVobserver_proxy@23@_N@Z 00000001800197b0 f   observer_proxy.obj
 0001:000188f0       ?observe@task_scheduler_observer_v3@internal@tbb@@QEAAX_N@Z 00000001800198f0 f   observer_proxy.obj
 0001:00018b80       ?max_num_workers@market@internal@tbb@@SAIXZ 0000000180019b80 f i tbb_main.obj
 0001:00018c10       ?add_ref@__TBB_InitOnce@internal@tbb@@SAXXZ 0000000180019c10 f   tbb_main.obj
 0001:00018c80       ITT_DoOneTimeInitialization 0000000180019c80 f   tbb_main.obj
 0001:00018d40       ?DoOneTimeInitializations@internal@tbb@@YAXXZ 0000000180019d40 f   tbb_main.obj
 0001:00018f50       DllMain                    0000000180019f50 f   tbb_main.obj
 0001:00019010       ?itt_store_pointer_with_release_v3@internal@tbb@@YAXPEAX0@Z 000000018001a010 f   tbb_main.obj
 0001:00019050       ?itt_load_pointer_with_acquire_v3@internal@tbb@@YAPEAXPEBX@Z 000000018001a050 f   tbb_main.obj
 0001:00019070       ?call_itt_notify_v5@internal@tbb@@YAXHPEAX@Z 000000018001a070 f   tbb_main.obj
 0001:000190c0       ?itt_load_pointer_v3@internal@tbb@@YAPEAXPEBX@Z 000000018001a0c0 f   tbb_main.obj
 0001:000190c0       ??C?$shared_ptr@V__ExceptionPtr@@@std@@QEBAPEAV__ExceptionPtr@@XZ 000000018001a0c0 f   libcpmt:excptptr.obj
 0001:000190d0       ?itt_set_sync_name_v3@internal@tbb@@YAXPEAXPEB_W@Z 000000018001a0d0 f   tbb_main.obj
 0001:000190e0       ?is_first_arg_preferred@control_storage@internal@tbb@@MEBA_N_K0@Z 000000018001a0e0 f i tbb_main.obj
 0001:000190f0       ?active_value@control_storage@internal@tbb@@MEBA_KXZ 000000018001a0f0 f i tbb_main.obj
 0001:00019110       ?default_value@allowed_parallelism_control@internal@tbb@@EEBA_KXZ 000000018001a110 f i tbb_main.obj
 0001:00019140       ?is_first_arg_preferred@allowed_parallelism_control@internal@tbb@@EEBA_N_K0@Z 000000018001a140 f i tbb_main.obj
 0001:00019150       ?apply_active@allowed_parallelism_control@internal@tbb@@EEBAXXZ 000000018001a150 f i tbb_main.obj
 0001:00019160       ?active_value@allowed_parallelism_control@internal@tbb@@EEBA_KXZ 000000018001a160 f i tbb_main.obj
 0001:000191a0       ?default_value@stack_size_control@internal@tbb@@EEBA_KXZ 000000018001a1a0 f i tbb_main.obj
 0001:000191b0       ?internal_create@global_control@interface9@tbb@@AEAAXXZ 000000018001a1b0 f   tbb_main.obj
 0001:00019320       ?internal_destroy@global_control@interface9@tbb@@AEAAXXZ 000000018001a320 f   tbb_main.obj
 0001:000194f0       ?active_value@global_control@interface9@tbb@@CA_KH@Z 000000018001a4f0 f   tbb_main.obj
 0001:000195a0       ?internal_grow_to_at_least@concurrent_vector_base@internal@tbb@@IEAAX_K0P6AXPEAX0@Z@Z 000000018001a5a0 f   concurrent_vector_v2.obj
 0001:000195e0       ?extend_segment@helper@concurrent_vector_base@internal@tbb@@CAXAEAV234@@Z 000000018001a5e0 f   concurrent_vector_v2.obj
 0001:000196a0       ?internal_capacity@concurrent_vector_base@internal@tbb@@IEBA_KXZ 000000018001a6a0 f   concurrent_vector_v2.obj
 0001:000196f0       ?internal_reserve@concurrent_vector_base@internal@tbb@@IEAAX_K00@Z 000000018001a6f0 f   concurrent_vector_v2.obj
 0001:000198a0       ?internal_copy@concurrent_vector_base@internal@tbb@@IEAAXAEBV123@_KP6AXPEAXPEBX1@Z@Z 000000018001a8a0 f   concurrent_vector_v2.obj
 0001:000199f0       ?internal_assign@concurrent_vector_base@internal@tbb@@IEAAXAEBV123@_KP6AXPEAX1@ZP6AX2PEBX1@Z5@Z 000000018001a9f0 f   concurrent_vector_v2.obj
 0001:00019c00       ?internal_push_back@concurrent_vector_base@internal@tbb@@IEAAPEAX_KAEA_K@Z 000000018001ac00 f   concurrent_vector_v2.obj
 0001:00019d50       ?internal_grow_by@concurrent_vector_base@internal@tbb@@IEAA_K_K0P6AXPEAX0@Z@Z 000000018001ad50 f   concurrent_vector_v2.obj
 0001:00019d80       ?internal_grow@concurrent_vector_base@internal@tbb@@IEAAX_K00P6AXPEAX0@Z@Z 000000018001ad80 f   concurrent_vector_v2.obj
 0001:00019f40       ?internal_clear@concurrent_vector_base@internal@tbb@@IEAAXP6AXPEAX_K@Z_N@Z 000000018001af40 f   concurrent_vector_v2.obj
 0001:0001a050       ??1push_finalizer@micro_queue@internal@tbb@@QEAA@XZ 000000018001b050 f i concurrent_queue_v2.obj
 0001:0001a060       ??1pop_finalizer@micro_queue@internal@tbb@@QEAA@XZ 000000018001b060 f i concurrent_queue_v2.obj
 0001:0001a130       ?push@micro_queue@internal@tbb@@QEAAXPEBX_KAEAVconcurrent_queue_base@23@@Z 000000018001b130 f   concurrent_queue_v2.obj
 0001:0001a290       ?pop@micro_queue@internal@tbb@@QEAA_NPEAX_KAEAVconcurrent_queue_base@23@@Z 000000018001b290 f   concurrent_queue_v2.obj
 0001:0001a410       ??0concurrent_queue_base@internal@tbb@@IEAA@_K@Z 000000018001b410 f   concurrent_queue_v2.obj
 0001:0001a4e0       ??_Gconcurrent_queue_base@internal@tbb@@MEAAPEAXI@Z 000000018001b4e0 f i concurrent_queue_v2.obj
 0001:0001a4e0       ??_Econcurrent_queue_base@internal@tbb@@MEAAPEAXI@Z 000000018001b4e0 f i * CIL library *:* CIL module *
 0001:0001a520       ??1concurrent_queue_base@internal@tbb@@MEAA@XZ 000000018001b520 f   concurrent_queue_v2.obj
 0001:0001a590       ?internal_push@concurrent_queue_base@internal@tbb@@IEAAXPEBX@Z 000000018001b590 f   concurrent_queue_v2.obj
 0001:0001a660       ?internal_pop@concurrent_queue_base@internal@tbb@@IEAAXPEAX@Z 000000018001b660 f   concurrent_queue_v2.obj
 0001:0001a6c0       ?internal_pop_if_present@concurrent_queue_base@internal@tbb@@IEAA_NPEAX@Z 000000018001b6c0 f   concurrent_queue_v2.obj
 0001:0001a780       ?internal_push_if_not_full@concurrent_queue_base@internal@tbb@@IEAA_NPEBX@Z 000000018001b780 f   concurrent_queue_v2.obj
 0001:0001a850       ?internal_size@concurrent_queue_base@internal@tbb@@IEBA_JXZ 000000018001b850 f   concurrent_queue_v2.obj
 0001:0001a870       ??0concurrent_queue_iterator_base@internal@tbb@@IEAA@AEBVconcurrent_queue_base@12@@Z 000000018001b870 f   concurrent_queue_v2.obj
 0001:0001a950       ?assign@concurrent_queue_iterator_base@internal@tbb@@IEAAXAEBV123@@Z 000000018001b950 f   concurrent_queue_v2.obj
 0001:0001a9e0       ?advance@concurrent_queue_iterator_base@internal@tbb@@IEAAXXZ 000000018001b9e0 f   concurrent_queue_v2.obj
 0001:0001aa80       ??1concurrent_queue_iterator_base@internal@tbb@@IEAA@XZ 000000018001ba80 f   concurrent_queue_v2.obj
 0001:0001aab0       ?internal_itt_releasing@spin_rw_mutex@tbb@@CAXPEAV12@@Z 000000018001bab0 f   spin_rw_mutex_v2.obj
 0001:0001aac0       ?internal_release_writer@spin_rw_mutex@tbb@@CAXPEAV12@@Z 000000018001bac0 f   spin_rw_mutex_v2.obj
 0001:0001ab00       ?internal_acquire_reader@spin_rw_mutex@tbb@@CAXPEAV12@@Z 000000018001bb00 f   spin_rw_mutex_v2.obj
 0001:0001abb0       ?internal_upgrade@spin_rw_mutex@tbb@@CA_NPEAV12@@Z 000000018001bbb0 f   spin_rw_mutex_v2.obj
 0001:0001acd0       ?internal_downgrade@spin_rw_mutex@tbb@@CAXPEAV12@@Z 000000018001bcd0 f   spin_rw_mutex_v2.obj
 0001:0001ad10       ?internal_try_acquire_reader@spin_rw_mutex@tbb@@CA_NPEAV12@@Z 000000018001bd10 f   spin_rw_mutex_v2.obj
 0001:0001ad90       ?destroy@task@tbb@@QEAAXAEAV12@@Z 000000018001bd90 f   task_v2.obj
 0001:0001ada0       __TBB_machine_fetchadd1    000000018001bda0     atomic_support.obj
 0001:0001ada8       __TBB_machine_fetchstore1  000000018001bda8     atomic_support.obj
 0001:0001adb0       __TBB_machine_cmpswp1      000000018001bdb0     atomic_support.obj
 0001:0001adb8       __TBB_machine_fetchadd2    000000018001bdb8     atomic_support.obj
 0001:0001adc8       __TBB_machine_fetchstore2  000000018001bdc8     atomic_support.obj
 0001:0001add0       __TBB_machine_cmpswp2      000000018001bdd0     atomic_support.obj
 0001:0001ade0       __TBB_machine_pause        000000018001bde0     atomic_support.obj
 0001:0001adf0       __TBB_get_cpu_ctl_env      000000018001bdf0     intel64_misc.obj
 0001:0001adf8       __TBB_set_cpu_ctl_env      000000018001bdf8     intel64_misc.obj
 0001:0001ae00       __TBB_machine_try_lock_elided 000000018001be00     itsx.obj
 0001:0001ae10       __TBB_machine_unlock_elided 000000018001be10     itsx.obj
 0001:0001ae18       __TBB_machine_begin_transaction 000000018001be18     itsx.obj
 0001:0001ae28       __TBB_machine_end_transaction 000000018001be28     itsx.obj
 0001:0001ae30       __TBB_machine_transaction_conflict_abort 000000018001be30     itsx.obj
 0001:0001ae38       __TBB_machine_is_in_transaction 000000018001be38     itsx.obj
 0001:0001ae44       ??$?0AEAPEAUEHExceptionRecord@@_N@?$_Ref_count_obj_alloc@V__ExceptionPtr@@U?$_StaticAllocator@H@@@std@@QEAA@AEBU?$_StaticAllocator@H@@AEAPEAUEHExceptionRecord@@$$QEA_N@Z 000000018001be44 f i libcpmt:excptptr.obj
 0001:0001aec4       ??$allocate_shared@V__ExceptionPtr@@U?$_StaticAllocator@H@@AEAPEAUEHExceptionRecord@@_N@std@@YA?AV?$shared_ptr@V__ExceptionPtr@@@0@AEBU?$_StaticAllocator@H@@AEAPEAUEHExceptionRecord@@$$QEA_N@Z 000000018001bec4 f i libcpmt:excptptr.obj
 0001:0001af50       ??$make_shared@V__ExceptionPtr@@AEAPEAUEHExceptionRecord@@_N@std@@YA?AV?$shared_ptr@V__ExceptionPtr@@@0@AEAPEAUEHExceptionRecord@@$$QEA_N@Z 000000018001bf50 f i libcpmt:excptptr.obj
 0001:0001afec       ??0__ExceptionPtr@@QEAA@PEBUEHExceptionRecord@@_N@Z 000000018001bfec f   libcpmt:excptptr.obj
 0001:0001b170       ??0bad_exception@std@@QEAA@AEBV01@@Z 000000018001c170 f i libcpmt:excptptr.obj
 0001:0001b1b0       ??0bad_exception@std@@QEAA@XZ 000000018001c1b0 f i libcpmt:excptptr.obj
 0001:0001b1d0       ??1_Ref_count_base@std@@UEAA@XZ 000000018001c1d0 f i libcpmt:excptptr.obj
 0001:0001b1dc       ??1__ExceptionPtr@@QEAA@XZ 000000018001c1dc f   libcpmt:excptptr.obj
 0001:0001b2b8       ??4?$shared_ptr@V__ExceptionPtr@@@std@@QEAAAEAV01@$$QEAV01@@Z 000000018001c2b8 f i libcpmt:excptptr.obj
 0001:0001b354       ??_G?$_Ref_count_obj@V__ExceptionPtr@@@std@@UEAAPEAXI@Z 000000018001c354 f i libcpmt:excptptr.obj
 0001:0001b354       ??_E?$_Ref_count_obj@V__ExceptionPtr@@@std@@UEAAPEAXI@Z 000000018001c354 f i libcpmt:excptptr.obj
 0001:0001b354       ??_G?$_Ref_count_obj_alloc@V__ExceptionPtr@@U?$_StaticAllocator@H@@@std@@UEAAPEAXI@Z 000000018001c354 f i libcpmt:excptptr.obj
 0001:0001b354       ??_E?$_Ref_count_obj_alloc@V__ExceptionPtr@@U?$_StaticAllocator@H@@@std@@UEAAPEAXI@Z 000000018001c354 f i libcpmt:excptptr.obj
 0001:0001b380       ??_G?$shared_ptr@V__ExceptionPtr@@@std@@QEAAPEAXI@Z 000000018001c380 f i libcpmt:excptptr.obj
 0001:0001b410       ??_E_Ref_count_base@std@@UEAAPEAXI@Z 000000018001c410 f i libcpmt:excptptr.obj
 0001:0001b410       ??_G_Ref_count_base@std@@UEAAPEAXI@Z 000000018001c410 f i libcpmt:excptptr.obj
 0001:0001b43c       ?_CallCopyCtor@__ExceptionPtr@@AEBAXPEAX0_KQEBU_s_CatchableType@@@Z 000000018001c43c f   libcpmt:excptptr.obj
 0001:0001b528       ?_CallMemberFunction0@@YAXPEAXP6AX0@Z@Z 000000018001c528 f i libcpmt:excptptr.obj
 0001:0001b52c       ?_CallMemberFunction1@@YAXPEAXP6AX0@Z0@Z 000000018001c52c f i libcpmt:excptptr.obj
 0001:0001b538       ?_CallMemberFunction2@@YAXPEAXP6AX0@Z0H@Z 000000018001c538 f i libcpmt:excptptr.obj
 0001:0001b548       ?_CopyException@__ExceptionPtr@@SA?AV?$shared_ptr@V__ExceptionPtr@@@std@@PEBXPEBU_s_ThrowInfo@@_N@Z 000000018001c548 f   libcpmt:excptptr.obj
 0001:0001b660       ?_CurrentException@__ExceptionPtr@@SA?AV?$shared_ptr@V__ExceptionPtr@@@std@@XZ 000000018001c660 f   libcpmt:excptptr.obj
 0001:0001b6ec       ?_Delete_this@?$_Ref_count_obj@V__ExceptionPtr@@@std@@EEAAXXZ 000000018001c6ec f i libcpmt:excptptr.obj
 0001:0001b724       ?_Delete_this@?$_Ref_count_obj_alloc@V__ExceptionPtr@@U?$_StaticAllocator@H@@@std@@EEAAXXZ 000000018001c724 f i libcpmt:excptptr.obj
 0001:0001b758       ?_Destroy@?$_Ref_count_obj@V__ExceptionPtr@@@std@@EEAAXXZ 000000018001c758 f i libcpmt:excptptr.obj
 0001:0001b758       ?_Destroy@?$_Ref_count_obj_alloc@V__ExceptionPtr@@U?$_StaticAllocator@H@@@std@@EEAAXXZ 000000018001c758 f i libcpmt:excptptr.obj
 0001:0001b764       ?_InitBadAllocException@__ExceptionPtr@@CA?AV?$shared_ptr@V__ExceptionPtr@@@std@@XZ 000000018001c764 f   libcpmt:excptptr.obj
 0001:0001b7cc       ?_Reset0@?$_Ptr_base@V__ExceptionPtr@@@std@@QEAAXPEAV__ExceptionPtr@@PEAV_Ref_count_base@2@@Z 000000018001c7cc f i libcpmt:excptptr.obj
 0001:0001b85c       ?_RethrowException@__ExceptionPtr@@QEBAXXZ 000000018001c85c f   libcpmt:excptptr.obj
 0001:0001ba90       ?__ExceptionPtrCopy@@YAXPEAXPEBX@Z 000000018001ca90 f   libcpmt:excptptr.obj
 0001:0001bac0       ?__ExceptionPtrCopyException@@YAXPEAXPEBX1@Z 000000018001cac0 f   libcpmt:excptptr.obj
 0001:0001bb3c       ?__ExceptionPtrCreate@@YAXPEAX@Z 000000018001cb3c f   libcpmt:excptptr.obj
 0001:0001bb4c       ?__ExceptionPtrCurrentException@@YAXPEAX@Z 000000018001cb4c f   libcpmt:excptptr.obj
 0001:0001bbd0       ?__ExceptionPtrDestroy@@YAXPEAX@Z 000000018001cbd0 f   libcpmt:excptptr.obj
 0001:0001bbd8       ?__ExceptionPtrRethrow@@YAXPEBX@Z 000000018001cbd8 f   libcpmt:excptptr.obj
 0001:0001bbec       ?_Xlength_error@std@@YAXPEBD@Z 000000018001cbec f   libcpmt:xthrow.obj
 0001:0001bc20       __security_check_cookie    000000018001cc20 f   LIBCMT:_amdsecgs_.obj
 0001:0001bc44       ??3@YAXPEAX_K@Z            000000018001cc44 f   LIBCMT:delete_scalar_size.obj
 0001:0001bc44       ??_V@YAXPEAX@Z             000000018001cc44 f   LIBCMT:delete_array.obj
 0001:0001bc4c       ??_Gtype_info@@UEAAPEAXI@Z 000000018001cc4c f i LIBCMT:std_type_info_static.obj
 0001:0001bc4c       ??_Etype_info@@UEAAPEAXI@Z 000000018001cc4c f i LIBCMT:std_type_info_static.obj
 0001:0001bc78       __raise_securityfailure    000000018001cc78 f   LIBCMT:gs_report.obj
 0001:0001bcac       __report_gsfailure         000000018001ccac f   LIBCMT:gs_report.obj
 0001:0001bd80       __report_rangecheckfailure 000000018001cd80 f   LIBCMT:gs_report.obj
 0001:0001bd94       __report_securityfailure   000000018001cd94 f   LIBCMT:gs_report.obj
 0001:0001bf14       ??2@YAPEAX_K@Z             000000018001cf14 f   LIBCMT:new_scalar.obj
 0001:0001bf50       ?__scrt_initialize_type_info@@YAXXZ 000000018001cf50 f   LIBCMT:tncleanup.obj
 0001:0001bf60       ?__scrt_uninitialize_type_info@@YAXXZ 000000018001cf60 f   LIBCMT:tncleanup.obj
 0001:0001bf6c       ??_V@YAXPEAX_K@Z           000000018001cf6c f   LIBCMT:delete_array_size.obj
 0001:0001bf74       ??_M@YAXPEAX_K1P6AX0@Z@Z   000000018001cf74 f   LIBCMT:ehvecdtr.obj
 0001:0001bfe0       ?__ArrayUnwind@@YAXPEAX_K1P6AX0@Z@Z 000000018001cfe0 f   LIBCMT:ehvecdtr.obj
 0001:0001c044       ??_U@YAPEAX_K@Z            000000018001d044 f   LIBCMT:new_array.obj
 0001:0001c04c       ??_L@YAXPEAX_K1P6AX0@Z2@Z  000000018001d04c f   LIBCMT:ehvecctr.obj
 0001:0001c0bc       __scrt_acquire_startup_lock 000000018001d0bc f   LIBCMT:utility.obj
[...]
 0004:00003c54       $pdata$?catch$2@?0??push@micro_queue@internal@tbb@@QEAAXPEBX_KAEAVconcurrent_queue_base_v3@23@W4copy_specifics@423@@Z@4HA 000000018005ac54     concurrent_queue.obj
 0004:00003c60       $pdata$?catch$3@?0??push@micro_queue@internal@tbb@@QEAAXPEBX_KAEAVconcurrent_queue_base_v3@23@W4copy_specifics@423@@Z@4HA 000000018005ac60     concurrent_queue.obj
 0004:00003c6c       $pdata$?catch$0@?0??assign@micro_queue@internal@tbb@@QEAAAEAU123@AEBU123@AEAVconcurrent_queue_base_v3@23@W4copy_specifics@423@@Z@4HA 000000018005ac6c     concurrent_queue.obj
 0004:00003c78       $pdata$?catch$6@?0??internal_insert_item@concurrent_queue_base_v3@internal@tbb@@IEAAXPEBXW4copy_specifics@123@@Z@4HA 000000018005ac78     concurrent_queue.obj
 0004:00003c84       $pdata$?catch$5@?0??internal_insert_item@concurrent_queue_base_v3@internal@tbb@@IEAAXPEBXW4copy_specifics@123@@Z@4HA 000000018005ac84     concurrent_queue.obj
 0004:00003c90       $pdata$?catch$8@?0??internal_pop@concurrent_queue_base_v3@internal@tbb@@IEAAXPEAX@Z@4HA 000000018005ac90     concurrent_queue.obj
 0004:00003c9c       $pdata$?catch$7@?0??internal_pop@concurrent_queue_base_v3@internal@tbb@@IEAAXPEAX@Z@4HA 000000018005ac9c     concurrent_queue.obj
 0004:00003ca8       $pdata$?catch$4@?0??internal_compact@concurrent_vector_base_v3@internal@tbb@@IEAAPEAX_KPEAXP6AX10@ZP6AX1PEBX0@Z@Z@4HA 000000018005aca8     concurrent_vector.obj
 0004:00003cb4       $pdata$?dtor$0@?0??add_filter@pipeline@tbb@@QEAAXAEAVfilter@2@@Z@4HA 000000018005acb4     pipeline.obj
 0004:00003cc0       $pdata$?dtor$1@?0??add_filter@pipeline@tbb@@QEAAXAEAVfilter@2@@Z@4HA 000000018005acc0     pipeline.obj
 0004:00003ccc       $pdata$?dtor$2@?0??add_filter@pipeline@tbb@@QEAAXAEAVfilter@2@@Z@4HA 000000018005accc     pipeline.obj
 0004:00003cd8       $pdata$?dtor$3@?0??add_filter@pipeline@tbb@@QEAAXAEAVfilter@2@@Z@4HA 000000018005acd8     pipeline.obj
 0004:00003ce4       $pdata$?dtor$0@?0???0private_server@rml@internal@tbb@@QEAA@AEAVtbb_client@123@@Z@4HA 000000018005ace4     private_server.obj
 0004:00003cf0       $pdata$?catch$0@?0??register_pending_exception@task_group_context@tbb@@QEAAXXZ@4HA 000000018005acf0     task_group_context.obj
 0004:00003cfc       $pdata$?catch$1@?0??register_pending_exception@task_group_context@tbb@@QEAAXXZ@4HA 000000018005acfc     task_group_context.obj
 0004:00003d08       $pdata$?catch$2@?0??register_pending_exception@task_group_context@tbb@@QEAAXXZ@4HA 000000018005ad08     task_group_context.obj
 0004:00003d14       $pdata$?dtor$0@?0??create_rml_server@governor@internal@tbb@@CAPEAVtbb_server@rml@23@AEAVtbb_client@523@@Z@4HA 000000018005ad14     governor.obj
 0004:00003d20       $pdata$?dtor$1@?0??global_market@market@internal@tbb@@CAAEAV123@_NI_K@Z@4HA 000000018005ad20     market.obj
 0004:00003d2c       $pdata$?dtor$0@?0??allocate_arena@arena@internal@tbb@@SAAEAV123@AEAVmarket@23@II@Z@4HA 000000018005ad2c     arena.obj
 0004:00003d38       $pdata$?catch$16@?0??internal_execute@task_arena_base@internal@interface7@tbb@@IEBAXAEAVdelegate_base@234@@Z@4HA 000000018005ad38     arena.obj
 0004:00003d44       $pdata$?dtor$0@?0??initialize@?$task_stream@$02@internal@tbb@@QEAAXI@Z@4HA 000000018005ad44     arena.obj
 0004:00003d50       $pdata$?dtor$0@?0??allocate_scheduler@?$custom_scheduler@UIntelSchedulerTraits@internal@tbb@@@internal@tbb@@SAPEAVgeneric_scheduler@23@AEAVmarket@23@@Z@4HA 000000018005ad50     scheduler.obj
 0004:00003d50       $pdata$?dtor$0@?0??allocate_scheduler@?$custom_scheduler@UDefaultSchedulerTraits@internal@tbb@@@internal@tbb@@SAPEAVgeneric_scheduler@23@AEAVmarket@23@@Z@4HA 000000018005ad50     scheduler.obj
 0004:00003d5c       $pdata$?catch$4@?0??local_wait_for_all@?$custom_scheduler@UDefaultSchedulerTraits@internal@tbb@@@internal@tbb@@EEAAXAEAVtask@3@PEAV43@@Z@4HA 000000018005ad5c     scheduler.obj
 0004:00003d68       $pdata$?catch$5@?0??local_wait_for_all@?$custom_scheduler@UDefaultSchedulerTraits@internal@tbb@@@internal@tbb@@EEAAXAEAVtask@3@PEAV43@@Z@4HA 000000018005ad68     scheduler.obj
 0004:00003d74       $pdata$?catch$6@?0??local_wait_for_all@?$custom_scheduler@UDefaultSchedulerTraits@internal@tbb@@@internal@tbb@@EEAAXAEAVtask@3@PEAV43@@Z@4HA 000000018005ad74     scheduler.obj
 0004:00003d80       $pdata$?catch$4@?0??local_wait_for_all@?$custom_scheduler@UIntelSchedulerTraits@internal@tbb@@@internal@tbb@@EEAAXAEAVtask@3@PEAV43@@Z@4HA 000000018005ad80     scheduler.obj
 0004:00003d8c       $pdata$?catch$5@?0??local_wait_for_all@?$custom_scheduler@UIntelSchedulerTraits@internal@tbb@@@internal@tbb@@EEAAXAEAVtask@3@PEAV43@@Z@4HA 000000018005ad8c     scheduler.obj
 0004:00003d98       $pdata$?catch$6@?0??local_wait_for_all@?$custom_scheduler@UIntelSchedulerTraits@internal@tbb@@@internal@tbb@@EEAAXAEAVtask@3@PEAV43@@Z@4HA 000000018005ad98     scheduler.obj
 0004:00003da4       $pdata$?dtor$1@?0???$?0AEAPEAUEHExceptionRecord@@_N@?$_Ref_count_obj_alloc@V__ExceptionPtr@@U?$_StaticAllocator@H@@@std@@QEAA@AEBU?$_StaticAllocator@H@@AEAPEAUEHExceptionRecord@@$$QEA_N@Z@4HA 000000018005ada4     libcpmt:excptptr.obj
 0004:00003db0       $pdata$?dtor$11@?0???$allocate_shared@V__ExceptionPtr@@U?$_StaticAllocator@H@@AEAPEAUEHExceptionRecord@@_N@std@@YA?AV?$shared_ptr@V__ExceptionPtr@@@0@AEBU?$_StaticAllocator@H@@AEAPEAUEHExceptionRecord@@$$QEA_N@Z@4HA 000000018005adb0     libcpmt:excptptr.obj
 0004:00003dbc       $pdata$?catch$18@?0???$allocate_shared@V__ExceptionPtr@@U?$_StaticAllocator@H@@AEAPEAUEHExceptionRecord@@_N@std@@YA?AV?$shared_ptr@V__ExceptionPtr@@@0@AEBU?$_StaticAllocator@H@@AEAPEAUEHExceptionRecord@@$$QEA_N@Z@4HA 000000018005adbc     libcpmt:excptptr.obj
 0004:00003dc8       $pdata$?dtor$0@?0???$make_shared@V__ExceptionPtr@@AEAPEAUEHExceptionRecord@@_N@std@@YA?AV?$shared_ptr@V__ExceptionPtr@@@0@AEAPEAUEHExceptionRecord@@$$QEA_N@Z@4HA 000000018005adc8     libcpmt:excptptr.obj
 0004:00003dd4       $pdata$?dtor$5@?0???$make_shared@V__ExceptionPtr@@AEAPEAUEHExceptionRecord@@_N@std@@YA?AV?$shared_ptr@V__ExceptionPtr@@@0@AEAPEAUEHExceptionRecord@@$$QEA_N@Z@4HA 000000018005add4     libcpmt:excptptr.obj
 0004:00003de0       $pdata$?catch$0@?0??_CallCopyCtor@__ExceptionPtr@@AEBAXPEAX0_KQEBU_s_CatchableType@@@Z@4HA 000000018005ade0     libcpmt:excptptr.obj
 0004:00003dec       $pdata$?catch$3@?0??_CopyException@__ExceptionPtr@@SA?AV?$shared_ptr@V__ExceptionPtr@@@std@@PEBXPEBU_s_ThrowInfo@@_N@Z@4HA 000000018005adec     libcpmt:excptptr.obj
 0004:00003df8       $pdata$?catch$4@?0??_CopyException@__ExceptionPtr@@SA?AV?$shared_ptr@V__ExceptionPtr@@@std@@PEBXPEBU_s_ThrowInfo@@_N@Z@4HA 000000018005adf8     libcpmt:excptptr.obj
 0004:00003e04       $pdata$?catch$6@?0??_CurrentException@__ExceptionPtr@@SA?AV?$shared_ptr@V__ExceptionPtr@@@std@@XZ@4HA 000000018005ae04     libcpmt:excptptr.obj
 0004:00003e10       $pdata$?catch$5@?0??_CurrentException@__ExceptionPtr@@SA?AV?$shared_ptr@V__ExceptionPtr@@@std@@XZ@4HA 000000018005ae10     libcpmt:excptptr.obj
 0004:00003e1c       $pdata$?fin$0@?0???_M@YAXPEAX_K1P6AX0@Z@Z@4HA 000000018005ae1c     LIBCMT:ehvecdtr.obj
 0004:00003e28       $pdata$?filt$0@?0??__ArrayUnwind@@YAXPEAX_K1P6AX0@Z@Z@4HA 000000018005ae28     LIBCMT:ehvecdtr.obj
 0004:00003e34       $pdata$?fin$0@?0???_L@YAXPEAX_K1P6AX0@Z2@Z@4HA 000000018005ae34     LIBCMT:ehvecctr.obj
 0004:00003e40       $pdata$__scrt_is_nonwritable_in_current_image$filt$0 000000018005ae40     LIBCMT:utility.obj
 0004:00003e4c       $pdata$?fin$0@?0??dllmain_crt_process_attach@@YAHQEAUHINSTANCE__@@QEAX@Z@4HA 000000018005ae4c     LIBCMT:dll_dllmain.obj
 0004:00003e58       $pdata$?fin$0@?0??dllmain_crt_process_detach@@YAH_N@Z@4HA 000000018005ae58     LIBCMT:dll_dllmain.obj
 0004:00003e64       $pdata$?filt$0@?0??dllmain_dispatch@@YAHQEAUHINSTANCE__@@KQEAX@Z@4HA 000000018005ae64     LIBCMT:dll_dllmain.obj
 0004:00003e70       $pdata$__CxxCallCatchBlock$filt$0 000000018005ae70     libvcruntime:frame.obj
 0004:00003e7c       $pdata$__CxxCallCatchBlock$fin$1 000000018005ae7c     libvcruntime:frame.obj
 0004:00003e88       $pdata$__DestructExceptionObject$filt$0 000000018005ae88     libvcruntime:frame.obj
 0004:00003e94       $pdata$__FrameUnwindToState$filt$0 000000018005ae94     libvcruntime:frame.obj
 0004:00003ea0       $pdata$__FrameUnwindToState$fin$1 000000018005aea0     libvcruntime:frame.obj
 0004:00003eac       $pdata$_CallSETranslator$filt$0 000000018005aeac     libvcruntime:trnsctrl.obj
 0004:00003eb8       $pdata$__unDName$fin$0     000000018005aeb8     libvcruntime:undname.obj
 0004:00003ec4       $pdata$?filt$0@?0???$thread_start@P6AIPEAX@Z@@YAKQEAX@Z@4HA 000000018005aec4     libucrt:thread.obj
 0004:00003ed0       $pdata$?filt$0@?0??common_exit@@YAXHW4_crt_exit_cleanup_mode@@W4_crt_exit_return_mode@@@Z@4HA 000000018005aed0     libucrt:exit.obj
 0004:00003edc       $pdata$?fin$1@?0??common_exit@@YAXHW4_crt_exit_cleanup_mode@@W4_crt_exit_return_mode@@@Z@4HA 000000018005aedc     libucrt:exit.obj
 0004:00003ee8       $pdata$?fin$0@?0???$?RV<lambda_a81aa23bb2c9577c1e55b9d0b57d9de4>@@AEAV<lambda_9a20e10065b92b5193c3597a66cba9d4>@@V<lambda_cb3a421ff86d8a5f008440ee6b28fa9c>@@@?$__crt_seh_guarded_call@H@@QEAAH$$QEAV<lambda_a81aa23bb2c9577c1e55b9d0b57d9de4>@@AEAV<lambda_9a20e10065b92b5193c3597a66cba9d4>@@$$QEAV<lambda_cb3a421ff86d8a5f008440ee6b28fa9c>@@@Z@4HA 000000018005aee8     libucrt:fputs.obj
 0004:00003ee8       $pdata$?fin$0@?0???$?RV<lambda_aa279a7bcb127014629d5b1d62c7325d>@@AEAV<lambda_0a64b6a4deda75c01876f29c44fc5eb3>@@V<lambda_3323e69fbefe9d1a11713e670d47cdfa>@@@?$__crt_seh_guarded_call@H@@QEAAH$$QEAV<lambda_aa279a7bcb127014629d5b1d62c7325d>@@AEAV<lambda_0a64b6a4deda75c01876f29c44fc5eb3>@@$$QEAV<lambda_3323e69fbefe9d1a11713e670d47cdfa>@@@Z@4HA 000000018005aee8     libucrt:output.obj
 0004:00003ef4       $pdata$common_flush_all$fin$0 000000018005aef4     libucrt:fflush.obj
 0004:00003f00       $pdata$common_flush_all$fin$1 000000018005af00     libucrt:fflush.obj
 0004:00003f0c       $pdata$fflush$fin$0        000000018005af0c     libucrt:fflush.obj
 0004:00003f0c       $pdata$fclose$fin$0        000000018005af0c     libucrt:fclose.obj
 0004:00003f18       $pdata$?fin$0@?0???$common_getenv@D@@YAPEADQEBD@Z@4HA 000000018005af18     libucrt:getenv.obj
 0004:00003f24       $pdata$_query_new_handler$fin$0 000000018005af24     libucrt:new_handler.obj
 0004:00003f30       $pdata$?fin$0@?0???$?RV<lambda_e24bbb7b643b32fcea6fa61b31d4c984>@@AEAV<lambda_275893d493268fdec8709772e3fcec0e>@@V<lambda_9d71df4d7cf3f480f8d633942495c3b0>@@@?$__crt_seh_guarded_call@H@@QEAAH$$QEAV<lambda_e24bbb7b643b32fcea6fa61b31d4c984>@@AEAV<lambda_275893d493268fdec8709772e3fcec0e>@@$$QEAV<lambda_9d71df4d7cf3f480f8d633942495c3b0>@@@Z@4HA 000000018005af30     libucrt:onexit.obj
 0004:00003f3c       $pdata$?fin$0@?0???$?RV<lambda_99476a1ad63dd22509b5d3e65b0ffc95>@@AEAV<lambda_ad1ced32f4ac17aa236e5ef05d6b3b7c>@@V<lambda_f7424dd8d45958661754dc4f2697e9c3>@@@?$__crt_seh_guarded_call@X@@QEAAX$$QEAV<lambda_99476a1ad63dd22509b5d3e65b0ffc95>@@AEAV<lambda_ad1ced32f4ac17aa236e5ef05d6b3b7c>@@$$QEAV<lambda_f7424dd8d45958661754dc4f2697e9c3>@@@Z@4HA 000000018005af3c     libucrt:mbctype.obj
 0004:00003f3c       $pdata$?fin$0@?0???$?RV<lambda_46352004c1216016012b18bd6f87e700>@@AEAV<lambda_3bd07e1a1191394380780325891bf33f>@@V<lambda_334532d3f185bcaa59b5be82d7d22bff>@@@?$__crt_seh_guarded_call@X@@QEAAX$$QEAV<lambda_46352004c1216016012b18bd6f87e700>@@AEAV<lambda_3bd07e1a1191394380780325891bf33f>@@$$QEAV<lambda_334532d3f185bcaa59b5be82d7d22bff>@@@Z@4HA 000000018005af3c     libucrt:per_thread_data.obj
 0004:00003f3c       $pdata$?fin$0@?0???$?RV<lambda_72d1df2b273a38828b1ce30cbf4cdab5>@@AEAV<lambda_876a65b173b8412d3a47c70a915b0cf4>@@V<lambda_41932305e351933ebe8f8be3ed8bb5dc>@@@?$__crt_seh_guarded_call@X@@QEAAX$$QEAV<lambda_72d1df2b273a38828b1ce30cbf4cdab5>@@AEAV<lambda_876a65b173b8412d3a47c70a915b0cf4>@@$$QEAV<lambda_41932305e351933ebe8f8be3ed8bb5dc>@@@Z@4HA 000000018005af3c     libucrt:per_thread_data.obj
 0004:00003f3c       $pdata$?fin$0@?0???$?RV<lambda_b8c45f8f788dd370798f47cfe8ac3a86>@@AEAV<lambda_4e60a939b0d047cfe11ddc22648dfba9>@@V<lambda_332c3edc96d0294ec56c57d38c1cdfd5>@@@?$__crt_seh_guarded_call@H@@QEAAH$$QEAV<lambda_b8c45f8f788dd370798f47cfe8ac3a86>@@AEAV<lambda_4e60a939b0d047cfe11ddc22648dfba9>@@$$QEAV<lambda_332c3edc96d0294ec56c57d38c1cdfd5>@@@Z@4HA 000000018005af3c     libucrt:onexit.obj
 0004:00003f3c       $pdata$?fin$0@?0???$?RV<lambda_fb3a7dec4e47f37f22dae91bb15c9095>@@AEAV<lambda_698284760c8add0bfb0756c19673e34b>@@V<lambda_dfb8eca1e75fef3034a8fb18dd509707>@@@?$__crt_seh_guarded_call@X@@QEAAX$$QEAV<lambda_fb3a7dec4e47f37f22dae91bb15c9095>@@AEAV<lambda_698284760c8add0bfb0756c19673e34b>@@$$QEAV<lambda_dfb8eca1e75fef3034a8fb18dd509707>@@@Z@4HA 000000018005af3c     libucrt:per_thread_data.obj
 0004:00003f3c       $pdata$?fin$0@?0???$?RV<lambda_5e887d1dcbef67a5eb4283622ba103bf>@@AEAV<lambda_4466841279450cc726390878d4a41900>@@V<lambda_341c25c0346d94847f1f3c463c57e077>@@@?$__crt_seh_guarded_call@X@@QEAAX$$QEAV<lambda_5e887d1dcbef67a5eb4283622ba103bf>@@AEAV<lambda_4466841279450cc726390878d4a41900>@@$$QEAV<lambda_341c25c0346d94847f1f3c463c57e077>@@@Z@4HA 000000018005af3c     libucrt:per_thread_data.obj
 0004:00003f3c       $pdata$?fin$0@?0???$?RV<lambda_c36588078e9f5dfd39652860aa6b3aaf>@@AEAV<lambda_ec61778202f4f5fc7e7711acc23c3bca>@@V<lambda_dc9d2797ccde5d239b4a0efae8ebd7db>@@@?$__crt_seh_guarded_call@P6AXH@Z@@QEAAP6AXH@Z$$QEAV<lambda_c36588078e9f5dfd39652860aa6b3aaf>@@AEAV<lambda_ec61778202f4f5fc7e7711acc23c3bca>@@$$QEAV<lambda_dc9d2797ccde5d239b4a0efae8ebd7db>@@@Z@4HA 000000018005af3c     libucrt:signal.obj
 0004:00003f48       $pdata$_fcloseall$fin$0    000000018005af48     libucrt:closeall.obj
 0004:00003f54       $pdata$__acrt_uninitialize_locale$fin$0 000000018005af54     libucrt:wsetlocale.obj
 0004:00003f54       $pdata$__acrt_update_thread_locale_data$fin$0 000000018005af54     libucrt:locale_refcounting.obj
 0004:00003f60       $pdata$raise$fin$0         000000018005af60     libucrt:signal.obj
 0004:00003f6c       $pdata$?fin$0@?0???$common_lseek@_J@@YA_JH_JH@Z@4HA 000000018005af6c     libucrt:lseek.obj
 0004:00003f6c       $pdata$_write$fin$0        000000018005af6c     libucrt:write.obj
 0004:00003f78       $pdata$__acrt_update_thread_multibyte_data$fin$0 000000018005af78     libucrt:mbctype.obj
 0004:00003f84       $pdata$__acrt_lowio_ensure_fh_exists$fin$0 000000018005af84     libucrt:osfinfo.obj
 0004:00003f84       $pdata$__acrt_initialize_lowio$fin$0 000000018005af84     libucrt:ioinit.obj
 0004:00003f90       $pdata$?fin$0@?0???$?RV<lambda_b521505b218e5242e90febf6bfebc422>@@AEAV<lambda_6978c1fb23f02e42e1d9e99668cc68aa>@@V<lambda_314360699dd331753a4119843814e9a7>@@@?$__crt_seh_guarded_call@H@@QEAAH$$QEAV<lambda_b521505b218e5242e90febf6bfebc422>@@AEAV<lambda_6978c1fb23f02e42e1d9e99668cc68aa>@@$$QEAV<lambda_314360699dd331753a4119843814e9a7>@@@Z@4HA 000000018005af90     libucrt:commit.obj
 0004:00003f90       $pdata$?fin$0@?0???$?RV<lambda_bfedae4ebbf01fab1bb6dcc6a9e276e0>@@AEAV<lambda_2fe9b910cf3cbf4a0ab98a02ba45b3ec>@@V<lambda_237c231691f317818eb88cc1d5d642d6>@@@?$__crt_seh_guarded_call@H@@QEAAH$$QEAV<lambda_bfedae4ebbf01fab1bb6dcc6a9e276e0>@@AEAV<lambda_2fe9b910cf3cbf4a0ab98a02ba45b3ec>@@$$QEAV<lambda_237c231691f317818eb88cc1d5d642d6>@@@Z@4HA 000000018005af90     libucrt:close.obj
 0004:00003f9c       $pdata$_ctrlfp$filt$0      000000018005af9c     libucrt:fpctrl.obj
 0004:00003f9c       $pdata$common_control87$filt$0 000000018005af9c     libucrt:ieee.obj
 0004:00003fa8       $pdata$_IsNonwritableInCurrentImage$filt$0 000000018005afa8     LIBCMT:pesect.obj
 0004:00003fa8       $pdata$__RTtypeid$filt$0   000000018005afa8     libvcruntime:rtti.obj
 0004:00003fb4       $pdata$??__F?m_badAllocExceptionPtr@__ExceptionPtr@@0V?$shared_ptr@V__ExceptionPtr@@@std@@A@@YAXXZ 000000018005afb4     libcpmt:excptptr.obj
 0005:00000000       __guard_fids__beginthreadex 000000018005b000     libucrt:thread.obj
 0005:00000004       __guard_fids__             000000018005b004     libucrt:initialization.obj
 0005:00000064       __guard_fids___acrt_initialize_ptd 000000018005b064     libucrt:per_thread_data.obj
 0005:00000068       __guard_fids__             000000018005b068     libucrt:stdio_initializer.obj
 0005:0000006c       __guard_fids__             000000018005b06c     libucrt:stdio_initializer.obj
 0005:00000070       __guard_fids_??$expand_argument_wildcards@D@@YAHQEAD0AEAV?$argument_list@D@?A0xca0879c4@@@Z 000000018005b070     libucrt:argv_wildcards.obj
 0005:00000074       __guard_fids__             000000018005b074     libucrt:locale_initializer.obj
 0005:00000078       __guard_fids__             000000018005b078     libucrt:multibyte_initializer.obj
 0005:0000007c       __guard_fids__             000000018005b07c     libucrt:console_output_initializer.obj
 0005:00000080       __guard_fids__             000000018005b080     libucrt:fma3_initializer.obj
 0005:00000084       __guard_fids_??__E?m_badAllocExceptionPtr@__ExceptionPtr@@0V?$shared_ptr@V__ExceptionPtr@@@std@@A@@YAXXZ 000000018005b084     libcpmt:excptptr.obj
 0005:00000088       __guard_fids__             000000018005b088     libcpmt:excptptr.obj
 0005:00000090       __guard_fids__             000000018005b090     libcpmt:excptptr.obj
 0005:00000098       __guard_fids__             000000018005b098     libcpmt:excptptr.obj
 0005:000000a0       __guard_fids__             000000018005b0a0     libcpmt:excptptr.obj
 0005:000000b0       __guard_fids__             000000018005b0b0     libcpmt:excptptr.obj
 0005:000000c0       __guard_fids__             000000018005b0c0     libcpmt:excptptr.obj
 0005:000000d0       __guard_fids__             000000018005b0d0     libcpmt:excptptr.obj
 0005:000000d4       __guard_fids__             000000018005b0d4     libcpmt:xthrow.obj
 0005:000000dc       __guard_fids__             000000018005b0dc     libcpmt:xthrow.obj
 0005:000000e4       __guard_fids__             000000018005b0e4     libcpmt:xthrow.obj
 0005:000000ec       __guard_fids__             000000018005b0ec     libcpmt:xthrow.obj
 0005:000000f4       __guard_fids__             000000018005b0f4     libcpmt:xthrow.obj
 0005:000000fc       __guard_fids__             000000018005b0fc     LIBCMT:std_type_info_static.obj
 0005:00000100       __guard_fids_?dllmain_crt_process_attach@@YAHQEAUHINSTANCE__@@QEAX@Z 000000018005b100     LIBCMT:dll_dllmain.obj
 0005:00000108       __guard_fids_?dllmain_dispatch@@YAHQEAUHINSTANCE__@@KQEAX@Z 000000018005b108     LIBCMT:dll_dllmain.obj
 0005:0000010c       __guard_fids__             000000018005b10c     LIBCMT:throw_bad_alloc.obj
 0005:00000114       __guard_fids__             000000018005b114     LIBCMT:guard_support.obj
 0005:00000118       __guard_fids__             000000018005b118     libvcruntime:frame.obj
 0005:0000011c       __guard_fids___std_type_info_name 000000018005b11c     libvcruntime:std_type_info.obj
 0005:00000124       __guard_fids__             000000018005b124     libvcruntime:rtti.obj
 0005:0000012c       __guard_fids__             000000018005b12c     libvcruntime:rtti.obj
 0005:00000134       __guard_fids__UnwindNestedFrames 000000018005b134     libvcruntime:trnsctrl.obj
 0005:00000138       __guard_fids___vcrt_initialize_ptd 000000018005b138     libvcruntime:per_thread_data.obj
 0005:0000013c       __guard_fids__             000000018005b13c     libvcruntime:undname.obj
 0005:00000148       __guard_fids__             000000018005b148     libvcruntime:undname.obj
 0005:00000154       __guard_fids__             000000018005b154     libvcruntime:undname.obj
 0005:00000160       __guard_fids__             000000018005b160     libvcruntime:undname.obj
 0005:0000016c       __guard_fids__             000000018005b16c     libvcruntime:undname.obj
 0006:000000a0       $R000000                   000000018005c0a0     tbb_resource.res
 0006:00000478       $R0003D8                   000000018005c478     tbb_resource.res
