 tbbmalloc_proxy

 Timestamp is 59c1350e (Tue Sep 19 11:17:34 2017)

 Preferred load address is 0000000180000000

 Start         Length     Name                   Class
 0001:00000000 00000060H .text$di                CODE
 0001:00000060 00012a00H .text$mn                CODE
 0001:00012a60 00000020H .text$mn$00             CODE
 0001:00012a80 00000290H .text$x                 CODE
 0001:00012d10 00000003H .text$yd                CODE
 0002:00000000 000002b8H .idata$5                DATA
 0002:000002b8 00000010H .00cfg                  DATA
 0002:000002c8 00000008H .CRT$XCA                DATA
 0002:000002d0 00000008H .CRT$XCU                DATA
 0002:000002d8 00000008H .CRT$XCZ                DATA
 0002:000002e0 00000008H .CRT$XIA                DATA
 0002:000002e8 00000020H .CRT$XIC                DATA
 0002:00000308 00000008H .CRT$XIZ                DATA
 0002:00000310 00000008H .CRT$XLA                DATA
 0002:00000318 00000008H .CRT$XLZ                DATA
 0002:00000320 00000008H .CRT$XPA                DATA
 0002:00000328 00000010H .CRT$XPX                DATA
 0002:00000338 00000008H .CRT$XPXA               DATA
 0002:00000340 00000008H .CRT$XPZ                DATA
 0002:00000348 00000008H .CRT$XTA                DATA
 0002:00000350 00000010H .CRT$XTZ                DATA
 0002:00000360 00007dc8H .rdata                  DATA
 0002:00008128 00000028H .rdata$T                DATA
 0002:00008150 0000016cH .rdata$r                DATA
 0002:000082bc 0000044cH .rdata$zzzdbg           DATA
 0002:00008708 00000008H .rtc$IAA                DATA
 0002:00008710 00000008H .rtc$IZZ                DATA
 0002:00008718 00000008H .rtc$TAA                DATA
 0002:00008720 00000008H .rtc$TZZ                DATA
 0002:00008728 00000eb8H .xdata                  DATA
 0002:000095e0 00000090H .xdata$x                DATA
 0002:00009670 0000005cH .edata                  DATA
 0002:000096cc 00000028H .idata$2                DATA
 0002:000096f4 00000014H .idata$3                DATA
 0002:00009708 000002b8H .idata$4                DATA
 0002:000099c0 00000690H .idata$6                DATA
 0003:00000000 00000aa0H .data                   DATA
 0003:00000aa0 00000070H .data$r                 DATA
 0003:00000b10 00002c24H .bss                    DATA
 0004:00000000 000012c0H .pdata                  DATA
 0005:00000000 00000080H .gfids$x                DATA
 0005:00000080 0000002cH .gfids$y                DATA
 0006:00000000 00000004H .tls                    DATA
 0006:00000004 00000004H .tls$                   DATA
 0006:00000008 00000001H .tls$ZZZ                DATA
 0007:00000000 000000a0H .rsrc$01                DATA
 0007:000000a0 00000540H .rsrc$02                DATA

  Address         Publics by Value              Rva+Base               Lib:Object

 0000:00000000       __guard_iat_table          0000000000000000     <absolute>
 0000:00000000       __dynamic_value_reloc_table 0000000000000000     <absolute>
 0000:00000000       __guard_iat_count          0000000000000000     <absolute>
 0000:00000000       __guard_longjmp_table      0000000000000000     <absolute>
 0000:00000000       __guard_longjmp_count      0000000000000000     <absolute>
 0000:00000000       __guard_fids_count         0000000000000000     <absolute>
 0000:00000000       ___safe_se_handler_table   0000000000000000     <absolute>
 0000:00000000       ___safe_se_handler_count   0000000000000000     <absolute>
 0000:00000000       __guard_fids_table         0000000000000000     <absolute>
 0000:00000100       __guard_flags              0000000000000100     <absolute>
 0000:00000000       __ImageBase                0000000180000000     <linker-defined>
 0001:00000060       __local_stdio_printf_options 0000000180001060 f i proxy.obj
 0001:00000070       fprintf                    0000000180001070 f i proxy.obj
 0001:000000c0       ?safer_aligned_malloc@@YAPEAX_K0@Z 00000001800010c0 f   proxy.obj
 0001:000000e0       ?safer_expand@@YAPEAXPEAX_K@Z 00000001800010e0 f   proxy.obj
 0001:000000f0       ?__TBB_malloc_safer_free_msvcr90d@@YAXPEAX@Z 00000001800010f0 f   proxy.obj
 0001:00000100       ?__TBB_malloc_safer__msize_msvcr90d@@YA_KPEAX@Z 0000000180001100 f   proxy.obj
 0001:00000110       ?__TBB_malloc_safer__aligned_msize_msvcr90d@@YA_KPEAX_K1@Z 0000000180001110 f   proxy.obj
 0001:00000120       ?__TBB_malloc_safer_realloc_msvcr90d@@YAPEAXPEAX_K@Z 0000000180001120 f   proxy.obj
 0001:00000150       ?__TBB_malloc_safer__aligned_realloc_msvcr90d@@YAPEAXPEAX_K1@Z 0000000180001150 f   proxy.obj
 0001:00000180       ?__TBB_malloc_safer_free_msvcr90@@YAXPEAX@Z 0000000180001180 f   proxy.obj
 0001:00000190       ?__TBB_malloc_safer__msize_msvcr90@@YA_KPEAX@Z 0000000180001190 f   proxy.obj
 0001:000001a0       ?__TBB_malloc_safer__aligned_msize_msvcr90@@YA_KPEAX_K1@Z 00000001800011a0 f   proxy.obj
 0001:000001b0       ?__TBB_malloc_safer_realloc_msvcr90@@YAPEAXPEAX_K@Z 00000001800011b0 f   proxy.obj
 0001:000001e0       ?__TBB_malloc_safer__aligned_realloc_msvcr90@@YAPEAXPEAX_K1@Z 00000001800011e0 f   proxy.obj
 0001:00000210       ?__TBB_malloc_safer_free_msvcr100d@@YAXPEAX@Z 0000000180001210 f   proxy.obj
 0001:00000220       ?__TBB_malloc_safer__msize_msvcr100d@@YA_KPEAX@Z 0000000180001220 f   proxy.obj
 0001:00000230       ?__TBB_malloc_safer__aligned_msize_msvcr100d@@YA_KPEAX_K1@Z 0000000180001230 f   proxy.obj
 0001:00000240       ?__TBB_malloc_safer_realloc_msvcr100d@@YAPEAXPEAX_K@Z 0000000180001240 f   proxy.obj
 0001:00000270       ?__TBB_malloc_safer__aligned_realloc_msvcr100d@@YAPEAXPEAX_K1@Z 0000000180001270 f   proxy.obj
 0001:000002a0       ?__TBB_malloc_safer_free_msvcr100@@YAXPEAX@Z 00000001800012a0 f   proxy.obj
 0001:000002b0       ?__TBB_malloc_safer__msize_msvcr100@@YA_KPEAX@Z 00000001800012b0 f   proxy.obj
 0001:000002c0       ?__TBB_malloc_safer__aligned_msize_msvcr100@@YA_KPEAX_K1@Z 00000001800012c0 f   proxy.obj
 0001:000002d0       ?__TBB_malloc_safer_realloc_msvcr100@@YAPEAXPEAX_K@Z 00000001800012d0 f   proxy.obj
 0001:00000300       ?__TBB_malloc_safer__aligned_realloc_msvcr100@@YAPEAXPEAX_K1@Z 0000000180001300 f   proxy.obj
 0001:00000330       ?__TBB_malloc_safer_free_msvcr110d@@YAXPEAX@Z 0000000180001330 f   proxy.obj
 0001:00000340       ?__TBB_malloc_safer__msize_msvcr110d@@YA_KPEAX@Z 0000000180001340 f   proxy.obj
 0001:00000350       ?__TBB_malloc_safer__aligned_msize_msvcr110d@@YA_KPEAX_K1@Z 0000000180001350 f   proxy.obj
 0001:00000360       ?__TBB_malloc_safer_realloc_msvcr110d@@YAPEAXPEAX_K@Z 0000000180001360 f   proxy.obj
 0001:00000390       ?__TBB_malloc_safer__aligned_realloc_msvcr110d@@YAPEAXPEAX_K1@Z 0000000180001390 f   proxy.obj
 0001:000003c0       ?__TBB_malloc_safer_free_msvcr110@@YAXPEAX@Z 00000001800013c0 f   proxy.obj
 0001:000003d0       ?__TBB_malloc_safer__msize_msvcr110@@YA_KPEAX@Z 00000001800013d0 f   proxy.obj
 0001:000003e0       ?__TBB_malloc_safer__aligned_msize_msvcr110@@YA_KPEAX_K1@Z 00000001800013e0 f   proxy.obj
 0001:000003f0       ?__TBB_malloc_safer_realloc_msvcr110@@YAPEAXPEAX_K@Z 00000001800013f0 f   proxy.obj
 0001:00000420       ?__TBB_malloc_safer__aligned_realloc_msvcr110@@YAPEAXPEAX_K1@Z 0000000180001420 f   proxy.obj
 0001:00000450       ?__TBB_malloc_safer_free_msvcr120d@@YAXPEAX@Z 0000000180001450 f   proxy.obj
 0001:00000460       ?__TBB_malloc_safer__msize_msvcr120d@@YA_KPEAX@Z 0000000180001460 f   proxy.obj
 0001:00000470       ?__TBB_malloc_safer__aligned_msize_msvcr120d@@YA_KPEAX_K1@Z 0000000180001470 f   proxy.obj
 0001:00000480       ?__TBB_malloc_safer_realloc_msvcr120d@@YAPEAXPEAX_K@Z 0000000180001480 f   proxy.obj
 0001:000004b0       ?__TBB_malloc_safer__aligned_realloc_msvcr120d@@YAPEAXPEAX_K1@Z 00000001800014b0 f   proxy.obj
 0001:000004e0       ?__TBB_malloc_safer_free_msvcr120@@YAXPEAX@Z 00000001800014e0 f   proxy.obj
 0001:000004f0       ?__TBB_malloc_safer__msize_msvcr120@@YA_KPEAX@Z 00000001800014f0 f   proxy.obj
 0001:00000500       ?__TBB_malloc_safer__aligned_msize_msvcr120@@YA_KPEAX_K1@Z 0000000180001500 f   proxy.obj
 0001:00000510       ?__TBB_malloc_safer_realloc_msvcr120@@YAPEAXPEAX_K@Z 0000000180001510 f   proxy.obj
 0001:00000540       ?__TBB_malloc_safer__aligned_realloc_msvcr120@@YAPEAXPEAX_K1@Z 0000000180001540 f   proxy.obj
 0001:00000570       ?__TBB_malloc_safer_free_ucrtbase@@YAXPEAX@Z 0000000180001570 f   proxy.obj
 0001:00000580       ?__TBB_malloc_safer__msize_ucrtbase@@YA_KPEAX@Z 0000000180001580 f   proxy.obj
 0001:00000590       ?__TBB_malloc_safer__aligned_msize_ucrtbase@@YA_KPEAX_K1@Z 0000000180001590 f   proxy.obj
 0001:000005a0       ?__TBB_malloc_safer_realloc_ucrtbase@@YAPEAXPEAX_K@Z 00000001800015a0 f   proxy.obj
 0001:000005d0       ?__TBB_malloc_safer__aligned_realloc_ucrtbase@@YAPEAXPEAX_K1@Z 00000001800015d0 f   proxy.obj
 0001:00000600       ??0exception@std@@QEAA@AEBV01@@Z 0000000180001600 f i proxy.obj
 0001:00000640       ?what@exception@std@@UEBAPEBDXZ 0000000180001640 f i proxy.obj
 0001:00000660       ??_Eexception@std@@UEAAPEAXI@Z 0000000180001660 f i * CIL library *:* CIL module *
 0001:00000660       ??_Gexception@std@@UEAAPEAXI@Z 0000000180001660 f i proxy.obj
 0001:00000660       ??_Ebad_alloc@std@@UEAAPEAXI@Z 0000000180001660 f i * CIL library *:* CIL module *
 0001:00000660       ??_Gbad_alloc@std@@UEAAPEAXI@Z 0000000180001660 f i proxy.obj
 0001:000006b0       ??1bad_alloc@std@@UEAA@XZ  00000001800016b0 f i proxy.obj
 0001:000006d0       ?operator_new_arr@@YAPEAX_K@Z 00000001800016d0 f   proxy.obj
 0001:000006d0       ?operator_new@@YAPEAX_K@Z  00000001800016d0 f   proxy.obj
 0001:00000720       ??0bad_alloc@std@@QEAA@AEBV01@@Z 0000000180001720 f i proxy.obj
 0001:00000760       ?operator_delete_arr@@YAXPEAX@Z 0000000180001760 f   proxy.obj
 0001:00000760       ?operator_delete@@YAXPEAX@Z 0000000180001760 f   proxy.obj
 0001:00000770       ?operator_new_t@@YAPEAX_KAEBUnothrow_t@std@@@Z 0000000180001770 f   proxy.obj
 0001:00000770       ?operator_new_arr_t@@YAPEAX_KAEBUnothrow_t@std@@@Z 0000000180001770 f   proxy.obj
 0001:00000780       ?doMallocReplacement@@YAXXZ 0000000180001780 f   proxy.obj
 0001:00002230       DllMain                    0000000180003230 f   proxy.obj
 0001:00002260       __TBB_malloc_proxy         0000000180003260 f   proxy.obj
 0001:00002260       __except_validate_context_record 0000000180003260 f   libvcruntime:jbcxrval.obj
 0001:00002260       _guard_check_icall_nop     0000000180003260 f   LIBCMT:guard_support.obj
 0001:00002270       sprintf                    0000000180003270 f i tbb_function_replacement.obj
 0001:000022d0       ?CreateBuffer@MemoryProvider@@AEAAPEAUMemoryBuffer@1@_K@Z 00000001800032d0 f i tbb_function_replacement.obj
 0001:00002410       ?GetLocation@MemoryProvider@@QEAA_K_K@Z 0000000180003410 f i tbb_function_replacement.obj
 0001:00002490       ?CheckOpcodes@@YAIPEAPEBDPEAX@Z 0000000180003490 f   tbb_function_replacement.obj
 0001:000029e0       ?ReplaceFunctionA@@YA?AW4FRR_TYPE@@PEBD0P6AXXZPEAPEBDPEAP6AXXZ@Z 00000001800039e0 f   tbb_function_replacement.obj
 0001:00002ab6       scalable_calloc            0000000180003ab6 f   tbbmalloc:tbbmalloc.dll
 0001:00002abc       scalable_malloc            0000000180003abc f   tbbmalloc:tbbmalloc.dll
 0001:00002ae0       __security_check_cookie    0000000180003ae0 f   LIBCMT:_amdsecgs_.obj
 0001:00002b04       ??3@YAXPEAX_K@Z            0000000180003b04 f   LIBCMT:delete_scalar_size.obj
 0001:00002b0c       ??_Gtype_info@@UEAAPEAXI@Z 0000000180003b0c f i LIBCMT:std_type_info_static.obj
 0001:00002b0c       ??_Etype_info@@UEAAPEAXI@Z 0000000180003b0c f i LIBCMT:std_type_info_static.obj
 0001:00002c80       _Init_thread_footer        0000000180003c80 f   LIBCMT:thread_safe_statics.obj
 0001:00002ce0       _Init_thread_header        0000000180003ce0 f   LIBCMT:thread_safe_statics.obj
 0001:00002d48       _Init_thread_notify        0000000180003d48 f   LIBCMT:thread_safe_statics.obj
 0001:00002da4       _Init_thread_wait          0000000180003da4 f   LIBCMT:thread_safe_statics.obj
 0001:00002e3c       __raise_securityfailure    0000000180003e3c f   LIBCMT:gs_report.obj
 0001:00002e70       __report_gsfailure         0000000180003e70 f   LIBCMT:gs_report.obj
 0001:00002f44       __report_rangecheckfailure 0000000180003f44 f   LIBCMT:gs_report.obj
 0001:00002f58       __report_securityfailure   0000000180003f58 f   LIBCMT:gs_report.obj
 0001:000030d8       __scrt_acquire_startup_lock 00000001800040d8 f   LIBCMT:utility.obj
 0001:00003114       __scrt_dllmain_after_initialize_c 0000000180004114 f   LIBCMT:utility.obj
 0001:00003148       __scrt_dllmain_before_initialize_c 0000000180004148 f   LIBCMT:utility.obj
 0001:00003160       __scrt_dllmain_crt_thread_attach 0000000180004160 f   LIBCMT:utility.obj
 0001:00003188       __scrt_dllmain_crt_thread_detach 0000000180004188 f   LIBCMT:utility.obj
 0001:000031a0       __scrt_dllmain_exception_filter 00000001800041a0 f   LIBCMT:utility.obj
 0001:00003204       __scrt_dllmain_uninitialize_c 0000000180004204 f   LIBCMT:utility.obj
 0001:00003234       __scrt_dllmain_uninitialize_critical 0000000180004234 f   LIBCMT:utility.obj
 0001:00003248       __scrt_initialize_crt      0000000180004248 f   LIBCMT:utility.obj
 0001:00003294       __scrt_initialize_onexit_tables 0000000180004294 f   LIBCMT:utility.obj
 0001:00003360       __scrt_is_nonwritable_in_current_image 0000000180004360 f   LIBCMT:utility.obj
 0001:000033fc       __scrt_release_startup_lock 00000001800043fc f   LIBCMT:utility.obj
 0001:00003420       __scrt_uninitialize_crt    0000000180004420 f   LIBCMT:utility.obj
 0001:0000344c       _onexit                    000000018000444c f   LIBCMT:utility.obj
 0001:0000349c       atexit                     000000018000449c f   LIBCMT:utility.obj
 0001:00003800       _DllMainCRTStartup         0000000180004800 f   LIBCMT:dll_dllmain.obj
 0001:00003840       ??3@YAXPEAX@Z              0000000180004840 f   LIBCMT:delete_scalar.obj
 0001:00003848       __crt_debugger_hook        0000000180004848 f   LIBCMT:utility_desktop.obj
 0001:00003850       __scrt_fastfail            0000000180004850 f   LIBCMT:utility_desktop.obj
 0001:00003998       _guard_check_icall         0000000180004998 f i LIBCMT:checkcfg.obj
 0001:000039a0       __isa_available_init       00000001800049a0 f   LIBCMT:_cpu_disp_.obj
 0001:00003b68       _get_startup_argv_mode     0000000180004b68 f   LIBCMT:argv_mode.obj
 0001:00003b70       __scrt_is_ucrt_dll_in_use  0000000180004b70 f   LIBCMT:ucrt_detection.obj
 0001:00003b7c       __security_init_cookie     0000000180004b7c f   LIBCMT:gs_support.obj
 0001:00003c28       ?__scrt_initialize_type_info@@YAXXZ 0000000180004c28 f   LIBCMT:tncleanup.obj
 0001:00003c38       ?__scrt_uninitialize_type_info@@YAXXZ 0000000180004c38 f   LIBCMT:tncleanup.obj
 0001:00003c44       __local_stdio_scanf_options 0000000180004c44 f i LIBCMT:default_local_stdio_options.obj
 0001:00003c4c       __scrt_initialize_default_local_stdio_options 0000000180004c4c f   LIBCMT:default_local_stdio_options.obj
 0001:00003c68       __scrt_get_dyn_tls_init_callback 0000000180004c68 f   LIBCMT:dyn_tls_init.obj
 0001:00003c70       _RTC_Initialize            0000000180004c70 f   LIBCMT:_initsect_.obj
 0001:00003cbc       _RTC_Terminate             0000000180004cbc f   LIBCMT:_initsect_.obj
 0001:00003d10       __std_exception_copy       0000000180004d10 f   libvcruntime:std_exception.obj
 0001:00003da0       __std_exception_destroy    0000000180004da0 f   libvcruntime:std_exception.obj
 0001:00003dc8       __DestructExceptionObject  0000000180004dc8 f   libvcruntime:frame.obj
 0001:00003e50       ?_CallMemberFunction0@@YAXPEAXP6AX0@Z@Z 0000000180004e50 f i libvcruntime:frame.obj
 0001:0000401c       __vcrt_FlsAlloc            000000018000501c f   libvcruntime:winapi_downlevel.obj
 0001:00004070       __vcrt_FlsFree             0000000180005070 f   libvcruntime:winapi_downlevel.obj
 0001:000040c4       __vcrt_FlsGetValue         00000001800050c4 f   libvcruntime:winapi_downlevel.obj
 0001:00004118       __vcrt_FlsSetValue         0000000180005118 f   libvcruntime:winapi_downlevel.obj
 0001:00004180       __vcrt_InitializeCriticalSectionEx 0000000180005180 f   libvcruntime:winapi_downlevel.obj
 0001:000041f8       __vcrt_initialize_winapi_thunks 00000001800051f8 f   libvcruntime:winapi_downlevel.obj
 0001:00004244       __vcrt_uninitialize_winapi_thunks 0000000180005244 f   libvcruntime:winapi_downlevel.obj
 0001:00004284       __vcrt_initialize          0000000180005284 f   libvcruntime:initialization.obj
 0001:000042b8       __vcrt_thread_attach       00000001800052b8 f   libvcruntime:initialization.obj
 0001:000042cc       __vcrt_thread_detach       00000001800052cc f   libvcruntime:initialization.obj
 0001:000042e0       __vcrt_uninitialize        00000001800052e0 f   libvcruntime:initialization.obj
 0001:00004300       __vcrt_uninitialize_critical 0000000180005300 f   libvcruntime:initialization.obj
 0001:00004310       __C_specific_handler       0000000180005310 f   libvcruntime:_chandler_.obj
 0001:00004520       memset                     0000000180005520 f   libvcruntime:memset.obj
 0001:000046c0       __std_type_info_destroy_list 00000001800056c0 f   libvcruntime:std_type_info.obj
 0001:00004700       memmove                    0000000180005700 f   libvcruntime:memcpy.obj
 0001:00004700       memcpy                     0000000180005700 f   libvcruntime:memcpy.obj
 0001:00004b38       __vcrt_freefls             0000000180005b38 f   libvcruntime:per_thread_data.obj
 0001:00004b58       __vcrt_freeptd             0000000180005b58 f   libvcruntime:per_thread_data.obj
 0001:00004ba8       __vcrt_getptd_noexit       0000000180005ba8 f   libvcruntime:per_thread_data.obj
 0001:00004c60       __vcrt_initialize_ptd      0000000180005c60 f   libvcruntime:per_thread_data.obj
 0001:00004ca0       __vcrt_uninitialize_ptd    0000000180005ca0 f   libvcruntime:per_thread_data.obj
 0001:00004ce0       _CallSettingFrame          0000000180005ce0 f   libvcruntime:handlers.obj
 0001:00004d20       _CxxThrowException         0000000180005d20 f   libvcruntime:throw.obj
 0001:00004e10       _local_unwind              0000000180005e10 f   libvcruntime:_jmpuwind_.obj
 0001:00004e40       _NLG_Notify                0000000180005e40 f   libvcruntime:_jmpuwind_.obj
 0001:00004e60       __NLG_Dispatch2            0000000180005e60 f   libvcruntime:_jmpuwind_.obj
 0001:00004e70       __NLG_Return2              0000000180005e70 f   libvcruntime:_jmpuwind_.obj
 0001:00004e74       __vcrt_initialize_locks    0000000180005e74 f   libvcruntime:locks.obj
 0001:00004ebc       __vcrt_uninitialize_locks  0000000180005ebc f   libvcruntime:locks.obj
 0001:00004ef4       __vcrt_initialize_pure_virtual_call_handler 0000000180005ef4 f   libvcruntime:purevirt_data.obj
 0001:00005148       __acrt_initialize_thread_local_exit_callback 0000000180006148 f   libucrt:exit.obj
 0001:00005150       _cexit                     0000000180006150 f   libucrt:exit.obj
 0001:00005160       _exit                      0000000180006160 f   libucrt:exit.obj
 0001:0000516c       _is_c_termination_complete 000000018000616c f   libucrt:exit.obj
 0001:00005174       exit                       0000000180006174 f   libucrt:exit.obj
 0001:00005180       __acrt_initialize_stdio    0000000180006180 f   libucrt:_file.obj
 0001:000052a0       __acrt_iob_func            00000001800062a0 f   libucrt:_file.obj
 0001:000052b4       __acrt_uninitialize_stdio  00000001800062b4 f   libucrt:_file.obj
 0001:00005310       _lock_file                 0000000180006310 f   libucrt:_file.obj
 0001:0000531c       _unlock_file               000000018000631c f   libucrt:_file.obj
 0001:00005328       ??$?RV<lambda_aa279a7bcb127014629d5b1d62c7325d>@@AEAV<lambda_0a64b6a4deda75c01876f29c44fc5eb3>@@V<lambda_3323e69fbefe9d1a11713e670d47cdfa>@@@?$__crt_seh_guarded_call@H@@QEAAH$$QEAV<lambda_aa279a7bcb127014629d5b1d62c7325d>@@AEAV<lambda_0a64b6a4deda75c01876f29c44fc5eb3>@@$$QEAV<lambda_3323e69fbefe9d1a11713e670d47cdfa>@@@Z 0000000180006328 f i libucrt:output.obj
 0001:00005368       ??$ensure_buffer_is_big_enough@D@formatting_buffer@__crt_stdio_output@@QEAA_N_K@Z 0000000180006368 f i libucrt:output.obj
 0001:00005414       ??$is_wide_character_specifier@D@__crt_stdio_output@@YA_N_KDW4length_modifier@0@@Z 0000000180006414 f i libucrt:output.obj
 0001:00005444       ??$type_case_integer_parse_into_buffer@I@?$output_processor@DV?$stream_output_adapter@D@__crt_stdio_output@@V?$standard_base@DV?$stream_output_adapter@D@__crt_stdio_output@@@2@@__crt_stdio_output@@AEAAXII_N@Z 0000000180006444 f i libucrt:output.obj
 0001:00005444       ??$type_case_integer_parse_into_buffer@I@?$output_processor@DV?$string_output_adapter@D@__crt_stdio_output@@V?$standard_base@DV?$string_output_adapter@D@__crt_stdio_output@@@2@@__crt_stdio_output@@AEAAXII_N@Z 0000000180006444 f i libucrt:output.obj
 0001:000054e0       ??$type_case_integer_parse_into_buffer@_K@?$output_processor@DV?$stream_output_adapter@D@__crt_stdio_output@@V?$standard_base@DV?$stream_output_adapter@D@__crt_stdio_output@@@2@@__crt_stdio_output@@AEAAX_KI_N@Z 00000001800064e0 f i libucrt:output.obj
 0001:000054e0       ??$type_case_integer_parse_into_buffer@_K@?$output_processor@DV?$string_output_adapter@D@__crt_stdio_output@@V?$standard_base@DV?$string_output_adapter@D@__crt_stdio_output@@@2@@__crt_stdio_output@@AEAAX_KI_N@Z 00000001800064e0 f i libucrt:output.obj
 0001:0000557c       ??$write_multiple_characters@V?$stream_output_adapter@D@__crt_stdio_output@@D@__crt_stdio_output@@YAXAEBV?$stream_output_adapter@D@0@DHQEAH@Z 000000018000657c f i libucrt:output.obj
 0001:00005600       ??$write_multiple_characters@V?$string_output_adapter@D@__crt_stdio_output@@D@__crt_stdio_output@@YAXAEBV?$string_output_adapter@D@0@DHQEAH@Z 0000000180006600 f i libucrt:output.obj
 0001:0000565c       ??0?$output_processor@DV?$string_output_adapter@D@__crt_stdio_output@@V?$standard_base@DV?$string_output_adapter@D@__crt_stdio_output@@@2@@__crt_stdio_output@@QEAA@AEBV?$string_output_adapter@D@1@_KQEBDQEAU__crt_locale_pointers@@QEAD@Z 000000018000665c f i libucrt:output.obj
 0001:0000565c       ??0?$output_processor@DV?$stream_output_adapter@D@__crt_stdio_output@@V?$standard_base@DV?$stream_output_adapter@D@__crt_stdio_output@@@2@@__crt_stdio_output@@QEAA@AEBV?$stream_output_adapter@D@1@_KQEBDQEAU__crt_locale_pointers@@QEAD@Z 000000018000665c f i libucrt:output.obj
 0001:000056d8       ??0_LocaleUpdate@@QEAA@QEAU__crt_locale_pointers@@@Z 00000001800066d8 f i libucrt:output.obj
 0001:00005858       ?force_decimal_point@__crt_stdio_output@@YAXPEADQEAU__crt_locale_pointers@@@Z 0000000180006858 f i libucrt:output.obj
 0001:000058c8       ?parse_int_from_format_string@?$output_processor@DV?$stream_output_adapter@D@__crt_stdio_output@@V?$standard_base@DV?$stream_output_adapter@D@__crt_stdio_output@@@2@@__crt_stdio_output@@AEAA_NQEAH@Z 00000001800068c8 f i libucrt:output.obj
 0001:000058c8       ?parse_int_from_format_string@?$output_processor@DV?$string_output_adapter@D@__crt_stdio_output@@V?$standard_base@DV?$string_output_adapter@D@__crt_stdio_output@@@2@@__crt_stdio_output@@AEAA_NQEAH@Z 00000001800068c8 f i libucrt:output.obj
 0001:0000594c       ?process@?$output_processor@DV?$stream_output_adapter@D@__crt_stdio_output@@V?$standard_base@DV?$stream_output_adapter@D@__crt_stdio_output@@@2@@__crt_stdio_output@@QEAAHXZ 000000018000694c f i libucrt:output.obj
 0001:00005b5c       ?process@?$output_processor@DV?$string_output_adapter@D@__crt_stdio_output@@V?$standard_base@DV?$string_output_adapter@D@__crt_stdio_output@@@2@@__crt_stdio_output@@QEAAHXZ 0000000180006b5c f i libucrt:output.obj
 0001:00005d60       ?state_case_normal@?$output_processor@DV?$stream_output_adapter@D@__crt_stdio_output@@V?$standard_base@DV?$stream_output_adapter@D@__crt_stdio_output@@@2@@__crt_stdio_output@@AEAA_NXZ 0000000180006d60 f i libucrt:output.obj
 0001:00005dd0       ?state_case_normal@?$output_processor@DV?$string_output_adapter@D@__crt_stdio_output@@V?$standard_base@DV?$string_output_adapter@D@__crt_stdio_output@@@2@@__crt_stdio_output@@AEAA_NXZ 0000000180006dd0 f i libucrt:output.obj
 0001:00005e44       ?state_case_normal_tchar@?$output_processor@DV?$stream_output_adapter@D@__crt_stdio_output@@V?$standard_base@DV?$stream_output_adapter@D@__crt_stdio_output@@@2@@__crt_stdio_output@@AEAA_ND@Z 0000000180006e44 f i libucrt:output.obj
 0001:00005ed8       ?state_case_normal_tchar@?$output_processor@DV?$string_output_adapter@D@__crt_stdio_output@@V?$standard_base@DV?$string_output_adapter@D@__crt_stdio_output@@@2@@__crt_stdio_output@@AEAA_ND@Z 0000000180006ed8 f i libucrt:output.obj
 0001:00005f70       ?state_case_size@?$output_processor@DV?$stream_output_adapter@D@__crt_stdio_output@@V?$standard_base@DV?$stream_output_adapter@D@__crt_stdio_output@@@2@@__crt_stdio_output@@AEAA_NXZ 0000000180006f70 f i libucrt:output.obj
 0001:000060ec       ?state_case_size@?$output_processor@DV?$string_output_adapter@D@__crt_stdio_output@@V?$standard_base@DV?$string_output_adapter@D@__crt_stdio_output@@@2@@__crt_stdio_output@@AEAA_NXZ 00000001800070ec f i libucrt:output.obj
 0001:00006268       ?state_case_type@?$output_processor@DV?$stream_output_adapter@D@__crt_stdio_output@@V?$standard_base@DV?$stream_output_adapter@D@__crt_stdio_output@@@2@@__crt_stdio_output@@AEAA_NXZ 0000000180007268 f i libucrt:output.obj
 0001:000064e4       ?state_case_type@?$output_processor@DV?$string_output_adapter@D@__crt_stdio_output@@V?$standard_base@DV?$string_output_adapter@D@__crt_stdio_output@@@2@@__crt_stdio_output@@AEAA_NXZ 00000001800074e4 f i libucrt:output.obj
 0001:00006760       ?type_case_Z@?$output_processor@DV?$stream_output_adapter@D@__crt_stdio_output@@V?$standard_base@DV?$stream_output_adapter@D@__crt_stdio_output@@@2@@__crt_stdio_output@@AEAA_NXZ 0000000180007760 f i libucrt:output.obj
 0001:00006760       ?type_case_Z@?$output_processor@DV?$string_output_adapter@D@__crt_stdio_output@@V?$standard_base@DV?$string_output_adapter@D@__crt_stdio_output@@@2@@__crt_stdio_output@@AEAA_NXZ 0000000180007760 f i libucrt:output.obj
 0001:000067e0       ?type_case_a@?$output_processor@DV?$string_output_adapter@D@__crt_stdio_output@@V?$standard_base@DV?$string_output_adapter@D@__crt_stdio_output@@@2@@__crt_stdio_output@@AEAA_NXZ 00000001800077e0 f i libucrt:output.obj
 0001:000067e0       ?type_case_a@?$output_processor@DV?$stream_output_adapter@D@__crt_stdio_output@@V?$standard_base@DV?$stream_output_adapter@D@__crt_stdio_output@@@2@@__crt_stdio_output@@AEAA_NXZ 00000001800077e0 f i libucrt:output.obj
 0001:000069fc       ?type_case_c_tchar@?$output_processor@DV?$string_output_adapter@D@__crt_stdio_output@@V?$standard_base@DV?$string_output_adapter@D@__crt_stdio_output@@@2@@__crt_stdio_output@@AEAA_ND@Z 00000001800079fc f i libucrt:output.obj
 0001:000069fc       ?type_case_c_tchar@?$output_processor@DV?$stream_output_adapter@D@__crt_stdio_output@@V?$standard_base@DV?$stream_output_adapter@D@__crt_stdio_output@@@2@@__crt_stdio_output@@AEAA_ND@Z 00000001800079fc f i libucrt:output.obj
 0001:00006ab0       ?type_case_integer@?$output_processor@DV?$stream_output_adapter@D@__crt_stdio_output@@V?$standard_base@DV?$stream_output_adapter@D@__crt_stdio_output@@@2@@__crt_stdio_output@@AEAA_NI_N@Z 0000000180007ab0 f i libucrt:output.obj
 0001:00006ab0       ?type_case_integer@?$output_processor@DV?$string_output_adapter@D@__crt_stdio_output@@V?$standard_base@DV?$string_output_adapter@D@__crt_stdio_output@@@2@@__crt_stdio_output@@AEAA_NI_N@Z 0000000180007ab0 f i libucrt:output.obj
 0001:00006c50       ?type_case_n@?$output_processor@DV?$stream_output_adapter@D@__crt_stdio_output@@V?$standard_base@DV?$stream_output_adapter@D@__crt_stdio_output@@@2@@__crt_stdio_output@@AEAA_NXZ 0000000180007c50 f i libucrt:output.obj
 0001:00006c50       ?type_case_n@?$output_processor@DV?$string_output_adapter@D@__crt_stdio_output@@V?$standard_base@DV?$string_output_adapter@D@__crt_stdio_output@@@2@@__crt_stdio_output@@AEAA_NXZ 0000000180007c50 f i libucrt:output.obj
 0001:00006d2c       ?type_case_s@?$output_processor@DV?$string_output_adapter@D@__crt_stdio_output@@V?$standard_base@DV?$string_output_adapter@D@__crt_stdio_output@@@2@@__crt_stdio_output@@AEAA_NXZ 0000000180007d2c f i libucrt:output.obj
 0001:00006d2c       ?type_case_s@?$output_processor@DV?$stream_output_adapter@D@__crt_stdio_output@@V?$standard_base@DV?$stream_output_adapter@D@__crt_stdio_output@@@2@@__crt_stdio_output@@AEAA_NXZ 0000000180007d2c f i libucrt:output.obj
 0001:00006dbc       ?validate_stream_is_ansi_if_required@?$__acrt_stdio_char_traits@D@@SA_NQEAU_iobuf@@@Z 0000000180007dbc f i libucrt:output.obj
 0001:00006e48       ?write_stored_string_tchar@?$output_processor@DV?$stream_output_adapter@D@__crt_stdio_output@@V?$standard_base@DV?$stream_output_adapter@D@__crt_stdio_output@@@2@@__crt_stdio_output@@AEAA_ND@Z 0000000180007e48 f i libucrt:output.obj
 0001:00006f20       ?write_stored_string_tchar@?$output_processor@DV?$string_output_adapter@D@__crt_stdio_output@@V?$standard_base@DV?$string_output_adapter@D@__crt_stdio_output@@@2@@__crt_stdio_output@@AEAA_ND@Z 0000000180007f20 f i libucrt:output.obj
 0001:00006ff8       ?write_string@?$stream_output_adapter@D@__crt_stdio_output@@QEBAXQEBDHQEAH1@Z 0000000180007ff8 f i libucrt:output.obj
 0001:000070f0       ?write_string@?$string_output_adapter@D@__crt_stdio_output@@QEBAXQEBDHQEAH1@Z 00000001800080f0 f i libucrt:output.obj
 0001:000071ac       __stdio_common_vfprintf    00000001800081ac f   libucrt:output.obj
 0001:00007238       __stdio_common_vsprintf    0000000180008238 f   libucrt:output.obj
 0001:0000746c       abort                      000000018000846c f   libucrt:abort.obj
 0001:000074c4       __acrt_stdio_flush_nolock  00000001800084c4 f   libucrt:fflush.obj
 0001:0000753c       _fflush_nolock             000000018000853c f   libucrt:fflush.obj
 0001:00007588       _flushall                  0000000180008588 f   libucrt:fflush.obj
 0001:00007690       strncpy                    0000000180008690 f   libucrt:strncpy.obj
 0001:00007810       strncmp                    0000000180008810 f   libucrt:strncmp.obj
 0001:00007890       _seh_filter_dll            0000000180008890 f   libucrt:exception_filter.obj
 0001:000078a4       _seh_filter_exe            00000001800088a4 f   libucrt:exception_filter.obj
 0001:00007bf0       __acrt_allocate_buffer_for_argv 0000000180008bf0 f   libucrt:argv_parsing.obj
 0001:00007c54       _configure_narrow_argv     0000000180008c54 f   libucrt:argv_parsing.obj
 0001:00007fb0       __dcrt_uninitialize_environments_nolock 0000000180008fb0 f   libucrt:environment_initialization.obj
 0001:00007fe8       _initialize_narrow_environment 0000000180008fe8 f   libucrt:environment_initialization.obj
 0001:00007ff0       ??$?RV<lambda_b8c45f8f788dd370798f47cfe8ac3a86>@@AEAV<lambda_4e60a939b0d047cfe11ddc22648dfba9>@@V<lambda_332c3edc96d0294ec56c57d38c1cdfd5>@@@?$__crt_seh_guarded_call@H@@QEAAH$$QEAV<lambda_b8c45f8f788dd370798f47cfe8ac3a86>@@AEAV<lambda_4e60a939b0d047cfe11ddc22648dfba9>@@$$QEAV<lambda_332c3edc96d0294ec56c57d38c1cdfd5>@@@Z 0000000180008ff0 f i libucrt:onexit.obj
 0001:0000802c       ??$?RV<lambda_e24bbb7b643b32fcea6fa61b31d4c984>@@AEAV<lambda_275893d493268fdec8709772e3fcec0e>@@V<lambda_9d71df4d7cf3f480f8d633942495c3b0>@@@?$__crt_seh_guarded_call@H@@QEAAH$$QEAV<lambda_e24bbb7b643b32fcea6fa61b31d4c984>@@AEAV<lambda_275893d493268fdec8709772e3fcec0e>@@$$QEAV<lambda_9d71df4d7cf3f480f8d633942495c3b0>@@@Z 000000018000902c f i libucrt:onexit.obj
 0001:000083a8       _crt_atexit                00000001800093a8 f   libucrt:onexit.obj
 0001:000083b8       _execute_onexit_table      00000001800093b8 f   libucrt:onexit.obj
 0001:000083f4       _initialize_onexit_table   00000001800093f4 f   libucrt:onexit.obj
 0001:00008434       _register_onexit_function  0000000180009434 f   libucrt:onexit.obj
 0001:000084c4       __acrt_uninitialize_command_line 00000001800094c4 f   libucrt:argv_data.obj
 0001:000085b4       __acrt_initialize          00000001800095b4 f   libucrt:initialization.obj
 0001:000085c8       __acrt_thread_attach       00000001800095c8 f   libucrt:initialization.obj
 0001:000085dc       __acrt_thread_detach       00000001800095dc f   libucrt:initialization.obj
 0001:000085ec       __acrt_uninitialize        00000001800095ec f   libucrt:initialization.obj
 0001:00008600       __acrt_uninitialize_critical 0000000180009600 f   libucrt:initialization.obj
 0001:00008610       _initterm                  0000000180009610 f   libucrt:initterm.obj
 0001:00008688       _initterm_e                0000000180009688 f   libucrt:initterm.obj
 0001:000086d4       free                       00000001800096d4 f   libucrt:free.obj
 0001:000086dc       terminate                  00000001800096dc f   libucrt:terminate.obj
 0001:00008704       malloc                     0000000180009704 f   libucrt:malloc.obj
 0001:0000870c       strcpy_s                   000000018000970c f   libucrt:strcpy_s.obj
 0001:0000876c       _free_base                 000000018000976c f   libucrt:free_base.obj
 0001:000087ac       _malloc_base               00000001800097ac f   libucrt:malloc_base.obj
 0001:0000880c       _calloc_base               000000018000980c f   libucrt:calloc_base.obj
 0001:00008884       ??$is_overflow_condition@K@__crt_strtox@@YA_NIK@Z 0000000180009884 f i libucrt:atox.obj
 0001:000088b0       ??$parse_integer@KV?$c_string_character_source@D@__crt_strtox@@@__crt_strtox@@YAKQEAU__crt_locale_pointers@@V?$c_string_character_source@D@0@H_N@Z 00000001800098b0 f i libucrt:atox.obj
 0001:00008bc4       __acrt_initialize_locks    0000000180009bc4 f   libucrt:locks.obj
 0001:00008c0c       __acrt_lock                0000000180009c0c f   libucrt:locks.obj
 0001:00008c28       __acrt_uninitialize_locks  0000000180009c28 f   libucrt:locks.obj
 0001:00008c60       __acrt_unlock              0000000180009c60 f   libucrt:locks.obj
 0001:00008e1c       __acrt_FlsAlloc            0000000180009e1c f   libucrt:winapi_thunks.obj
 0001:00008e74       __acrt_FlsFree             0000000180009e74 f   libucrt:winapi_thunks.obj
 0001:00008ecc       __acrt_FlsGetValue         0000000180009ecc f   libucrt:winapi_thunks.obj
 0001:00008f24       __acrt_FlsSetValue         0000000180009f24 f   libucrt:winapi_thunks.obj
 0001:00008f8c       __acrt_InitializeCriticalSectionEx 0000000180009f8c f   libucrt:winapi_thunks.obj
 0001:00009004       __acrt_LCMapStringEx       000000018000a004 f   libucrt:winapi_thunks.obj
 0001:000090f4       __acrt_LocaleNameToLCID    000000018000a0f4 f   libucrt:winapi_thunks.obj
 0001:0000915c       __acrt_initialize_winapi_thunks 000000018000a15c f   libucrt:winapi_thunks.obj
 0001:00009194       __acrt_is_packaged_app     000000018000a194 f   libucrt:winapi_thunks.obj
 0001:0000921c       __acrt_uninitialize_winapi_thunks 000000018000a21c f   libucrt:winapi_thunks.obj
 0001:00009260       __acrt_call_reportfault    000000018000a260 f   libucrt:invalid_parameter.obj
 0001:000093bc       __acrt_initialize_invalid_parameter_handler 000000018000a3bc f   libucrt:invalid_parameter.obj
 0001:000093c4       _invalid_parameter         000000018000a3c4 f   libucrt:invalid_parameter.obj
 0001:0000946c       _invalid_parameter_noinfo  000000018000a46c f   libucrt:invalid_parameter.obj
 0001:0000948c       _invoke_watson             000000018000a48c f   libucrt:invalid_parameter.obj
 0001:000094d4       __acrt_errno_from_os_error 000000018000a4d4 f   libucrt:errno.obj
 0001:0000951c       __acrt_errno_map_os_error  000000018000a51c f   libucrt:errno.obj
 0001:0000956c       __doserrno                 000000018000a56c f   libucrt:errno.obj
 0001:0000958c       _errno                     000000018000a58c f   libucrt:errno.obj
 0001:000095ac       _fcloseall                 000000018000a5ac f   libucrt:closeall.obj
 0001:00009660       __acrt_stdio_free_buffer_nolock 000000018000a660 f   libucrt:_freebuf.obj
 0001:00009888       __acrt_initialize_lowio    000000018000a888 f   libucrt:ioinit.obj
 0001:000098c4       __acrt_uninitialize_lowio  000000018000a8c4 f   libucrt:ioinit.obj
 0001:00009904       isdigit                    000000018000a904 f i libucrt:_ctype.obj
 0001:000099c8       _tolower_l                 000000018000a9c8 f   libucrt:tolower_toupper.obj
 0001:00009b08       tolower                    000000018000ab08 f   libucrt:tolower_toupper.obj
 0001:00009b34       ??$make_c_string_character_source@DPEAPEAD@__crt_strtox@@YA?AV?$c_string_character_source@D@0@QEBDQEAPEAD@Z 000000018000ab34 f i libucrt:strtox.obj
 0001:00009b48       strtol                     000000018000ab48 f   libucrt:strtox.obj
 0001:00009b78       _mbtowc_l                  000000018000ab78 f   libucrt:mbtowc.obj
 0001:00009cc0       mbtowc                     000000018000acc0 f   libucrt:mbtowc.obj
 0001:00009cc8       _wctomb_s_l                000000018000acc8 f   libucrt:wctomb.obj
 0001:00009e4c       wctomb_s                   000000018000ae4c f   libucrt:wctomb.obj
 0001:00009e60       strnlen                    000000018000ae60 f   libucrt:strnlen.obj
 0001:00009fbc       wcsnlen                    000000018000afbc f   libucrt:strnlen.obj
 0001:0000a1ac       ??$?RV<lambda_46352004c1216016012b18bd6f87e700>@@AEAV<lambda_3bd07e1a1191394380780325891bf33f>@@V<lambda_334532d3f185bcaa59b5be82d7d22bff>@@@?$__crt_seh_guarded_call@X@@QEAAX$$QEAV<lambda_46352004c1216016012b18bd6f87e700>@@AEAV<lambda_3bd07e1a1191394380780325891bf33f>@@$$QEAV<lambda_334532d3f185bcaa59b5be82d7d22bff>@@@Z 000000018000b1ac f i libucrt:per_thread_data.obj
 0001:0000a20c       ??$?RV<lambda_5e887d1dcbef67a5eb4283622ba103bf>@@AEAV<lambda_4466841279450cc726390878d4a41900>@@V<lambda_341c25c0346d94847f1f3c463c57e077>@@@?$__crt_seh_guarded_call@X@@QEAAX$$QEAV<lambda_5e887d1dcbef67a5eb4283622ba103bf>@@AEAV<lambda_4466841279450cc726390878d4a41900>@@$$QEAV<lambda_341c25c0346d94847f1f3c463c57e077>@@@Z 000000018000b20c f i libucrt:per_thread_data.obj
 0001:0000a254       ??$?RV<lambda_72d1df2b273a38828b1ce30cbf4cdab5>@@AEAV<lambda_876a65b173b8412d3a47c70a915b0cf4>@@V<lambda_41932305e351933ebe8f8be3ed8bb5dc>@@@?$__crt_seh_guarded_call@X@@QEAAX$$QEAV<lambda_72d1df2b273a38828b1ce30cbf4cdab5>@@AEAV<lambda_876a65b173b8412d3a47c70a915b0cf4>@@$$QEAV<lambda_41932305e351933ebe8f8be3ed8bb5dc>@@@Z 000000018000b254 f i libucrt:per_thread_data.obj
 0001:0000a294       ??$?RV<lambda_fb3a7dec4e47f37f22dae91bb15c9095>@@AEAV<lambda_698284760c8add0bfb0756c19673e34b>@@V<lambda_dfb8eca1e75fef3034a8fb18dd509707>@@@?$__crt_seh_guarded_call@X@@QEAAX$$QEAV<lambda_fb3a7dec4e47f37f22dae91bb15c9095>@@AEAV<lambda_698284760c8add0bfb0756c19673e34b>@@$$QEAV<lambda_dfb8eca1e75fef3034a8fb18dd509707>@@@Z 000000018000b294 f i libucrt:per_thread_data.obj
 0001:0000a524       __acrt_freeptd             000000018000b524 f   libucrt:per_thread_data.obj
 0001:0000a568       __acrt_getptd              000000018000b568 f   libucrt:per_thread_data.obj
 0001:0000a5fc       __acrt_getptd_noexit       000000018000b5fc f   libucrt:per_thread_data.obj
 0001:0000a69c       __acrt_initialize_ptd      000000018000b69c f   libucrt:per_thread_data.obj
 0001:0000a6d8       __acrt_uninitialize_ptd    000000018000b6d8 f   libucrt:per_thread_data.obj
 0001:0000a6fc       __acrt_update_locale_info  000000018000b6fc f   libucrt:locale_update.obj
 0001:0000a730       __acrt_update_multibyte_info 000000018000b730 f   libucrt:locale_update.obj
 0001:0000a764       ?__acrt_fp_classify@@YA?AW4__acrt_fp_class@@AEBN@Z 000000018000b764 f i libucrt:cvt.obj
 0001:0000b19c       __acrt_fp_format           000000018000c19c f   libucrt:cvt.obj
 0001:0000b3e0       _fileno                    000000018000c3e0 f   libucrt:fileno.obj
 0001:0000b408       _fputc_nolock              000000018000c408 f   libucrt:fputc.obj
 0001:0000b420       _get_printf_count_output   000000018000c420 f   libucrt:printf_count_output.obj
 0001:0000b438       __acrt_stdio_begin_temporary_buffering_nolock 000000018000c438 f   libucrt:_sftbuf.obj
 0001:0000b508       __acrt_stdio_end_temporary_buffering_nolock 000000018000c508 f   libucrt:_sftbuf.obj
 0001:0000b544       __acrt_set_locale_changed  000000018000c544 f   libucrt:wsetlocale.obj
 0001:0000b550       __acrt_uninitialize_locale 000000018000c550 f   libucrt:wsetlocale.obj
 0001:0000b598       ??$?RV<lambda_c36588078e9f5dfd39652860aa6b3aaf>@@AEAV<lambda_ec61778202f4f5fc7e7711acc23c3bca>@@V<lambda_dc9d2797ccde5d239b4a0efae8ebd7db>@@@?$__crt_seh_guarded_call@P6AXH@Z@@QEAAP6AXH@Z$$QEAV<lambda_c36588078e9f5dfd39652860aa6b3aaf>@@AEAV<lambda_ec61778202f4f5fc7e7711acc23c3bca>@@$$QEAV<lambda_dc9d2797ccde5d239b4a0efae8ebd7db>@@@Z 000000018000c598 f i libucrt:signal.obj
 0001:0000b5e0       __acrt_get_sigabrt_handler 000000018000c5e0 f   libucrt:signal.obj
 0001:0000b610       __acrt_initialize_signal_handlers 000000018000c610 f   libucrt:signal.obj
 0001:0000b630       raise                      000000018000c630 f   libucrt:signal.obj
 0001:0000b8cc       ??$?RV<lambda_b521505b218e5242e90febf6bfebc422>@@AEAV<lambda_6978c1fb23f02e42e1d9e99668cc68aa>@@V<lambda_314360699dd331753a4119843814e9a7>@@@?$__crt_seh_guarded_call@H@@QEAAH$$QEAV<lambda_b521505b218e5242e90febf6bfebc422>@@AEAV<lambda_6978c1fb23f02e42e1d9e99668cc68aa>@@$$QEAV<lambda_314360699dd331753a4119843814e9a7>@@@Z 000000018000c8cc f i libucrt:commit.obj
 0001:0000b958       _commit                    000000018000c958 f   libucrt:commit.obj
 0001:0000bf8c       _write                     000000018000cf8c f   libucrt:write.obj
 0001:0000c078       _write_nolock              000000018000d078 f   libucrt:write.obj
 0001:0000c838       ?expand_if_necessary@?$argument_list@D@?A0xca0879c4@@AEAAHXZ 000000018000d838 f i libucrt:argv_wildcards.obj
 0001:0000c900       __acrt_expand_narrow_argv_wildcards 000000018000d900 f   libucrt:argv_wildcards.obj
 0001:0000c908       ??$?RV<lambda_99476a1ad63dd22509b5d3e65b0ffc95>@@AEAV<lambda_ad1ced32f4ac17aa236e5ef05d6b3b7c>@@V<lambda_f7424dd8d45958661754dc4f2697e9c3>@@@?$__crt_seh_guarded_call@X@@QEAAX$$QEAV<lambda_99476a1ad63dd22509b5d3e65b0ffc95>@@AEAV<lambda_ad1ced32f4ac17aa236e5ef05d6b3b7c>@@$$QEAV<lambda_f7424dd8d45958661754dc4f2697e9c3>@@@Z 000000018000d908 f i libucrt:mbctype.obj
 0001:0000d004       __acrt_initialize_multibyte 000000018000e004 f   libucrt:mbctype.obj
 0001:0000d02c       __acrt_update_thread_multibyte_data 000000018000e02c f   libucrt:mbctype.obj
 0001:0000d0ec       _setmbcp_nolock            000000018000e0ec f   libucrt:mbctype.obj
 0001:0000d40c       _ismbblead                 000000018000e40c f   libucrt:ismbbyte.obj
 0001:0000d420       __acrt_initialize_command_line 000000018000e420 f   libucrt:argv_data.obj
 0001:0000d448       __dcrt_get_narrow_environment_from_os 000000018000e448 f   libucrt:get_environment_from_os.obj
 0001:0000d54c       _recalloc                  000000018000e54c f   libucrt:recalloc.obj
 0001:0000d554       _recalloc_base             000000018000e554 f   libucrt:recalloc.obj
 0001:0000d5ec       __acrt_initialize_heap     000000018000e5ec f   libucrt:heap_handle.obj
 0001:0000d608       __acrt_uninitialize_heap   000000018000e608 f   libucrt:heap_handle.obj
 0001:0000d614       __acrt_execute_initializers 000000018000e614 f   libucrt:shared_initialization.obj
 0001:0000d6a8       __acrt_execute_uninitializers 000000018000e6a8 f   libucrt:shared_initialization.obj
 0001:0000d6f8       __acrt_initialize_new_handler 000000018000e6f8 f   libucrt:new_handler.obj
 0001:0000d700       _callnewh                  000000018000e700 f   libucrt:new_handler.obj
 0001:0000d740       _query_new_handler         000000018000e740 f   libucrt:new_handler.obj
 0001:0000d774       __acrt_has_user_matherr    000000018000e774 f   libucrt:matherr.obj
 0001:0000d794       __acrt_initialize_user_matherr 000000018000e794 f   libucrt:matherr.obj
 0001:0000d79c       __acrt_invoke_user_matherr 000000018000e79c f   libucrt:matherr.obj
 0001:0000d7e4       _query_new_mode            000000018000e7e4 f   libucrt:new_mode.obj
 0001:0000d7ec       __pctype_func              000000018000e7ec f   libucrt:ctype.obj
 0001:0000d81c       _isctype_l                 000000018000e81c f   libucrt:isctype.obj
 0001:0000d9f4       __acrt_DownlevelLocaleNameToLCID 000000018000e9f4 f   libucrt:lcidtoname_downlevel.obj
 0001:0000da28       _fclose_nolock             000000018000ea28 f   libucrt:fclose.obj
 0001:0000daac       fclose                     000000018000eaac f   libucrt:fclose.obj
 0001:0000db18       __acrt_lowio_create_handle_array 000000018000eb18 f   libucrt:osfinfo.obj
 0001:0000dbb0       __acrt_lowio_destroy_handle_array 000000018000ebb0 f   libucrt:osfinfo.obj
 0001:0000dc00       __acrt_lowio_ensure_fh_exists 000000018000ec00 f   libucrt:osfinfo.obj
 0001:0000dcb8       __acrt_lowio_lock_fh       000000018000ecb8 f   libucrt:osfinfo.obj
 0001:0000dcdc       __acrt_lowio_unlock_fh     000000018000ecdc f   libucrt:osfinfo.obj
 0001:0000dd00       _free_osfhnd               000000018000ed00 f   libucrt:osfinfo.obj
 0001:0000ddbc       _get_osfhandle             000000018000edbc f   libucrt:osfinfo.obj
 0001:0000de34       _isleadbyte_l              000000018000ee34 f i libucrt:_wctype.obj
 0001:0000e1d0       __acrt_LCMapStringA        000000018000f1d0 f   libucrt:lcmapstringa.obj
 0001:0000e268       __acrt_add_locale_ref      000000018000f268 f   libucrt:locale_refcounting.obj
 0001:0000e2f4       __acrt_free_locale         000000018000f2f4 f   libucrt:locale_refcounting.obj
 0001:0000e46c       __acrt_locale_add_lc_time_reference 000000018000f46c f   libucrt:locale_refcounting.obj
 0001:0000e494       __acrt_locale_free_lc_time_if_unreferenced 000000018000f494 f   libucrt:locale_refcounting.obj
 0001:0000e4cc       __acrt_locale_release_lc_time_reference 000000018000f4cc f   libucrt:locale_refcounting.obj
 0001:0000e4f4       __acrt_release_locale_ref  000000018000f4f4 f   libucrt:locale_refcounting.obj
 0001:0000e59c       __acrt_update_thread_locale_data 000000018000f59c f   libucrt:locale_refcounting.obj
 0001:0000e60c       _updatetlocinfoEx_nolock   000000018000f60c f   libucrt:locale_refcounting.obj
 0001:0000e674       __acrt_fp_strflt_to_string 000000018000f674 f   libucrt:_fptostr.obj
 0001:0000e740       ?divide@__crt_strtox@@YA_KAEAUbig_integer@1@AEBU21@@Z 000000018000f740 f i libucrt:cfout.obj
 0001:0000ec10       __acrt_fltout              000000018000fc10 f   libucrt:cfout.obj
 0001:00010108       __acrt_stdio_flush_and_write_narrow_nolock 0000000180011108 f   libucrt:_flsbuf.obj
 0001:000101f0       _isatty                    00000001800111f0 f   libucrt:isatty.obj
 0001:00010250       __acrt_locale_free_monetary 0000000180011250 f   libucrt:initmon.obj
 0001:0001035c       __acrt_locale_free_numeric 000000018001135c f   libucrt:initnum.obj
 0001:00010420       __acrt_locale_free_time    0000000180011420 f   libucrt:inittime.obj
 0001:00010528       __acrt_GetStringTypeA      0000000180011528 f   libucrt:getstringtypea.obj
 0001:00010868       _lseeki64                  0000000180011868 f   libucrt:lseek.obj
 0001:00010870       _lseeki64_nolock           0000000180011870 f   libucrt:lseek.obj
 0001:00010878       _putwch_nolock             0000000180011878 f   libucrt:putwch.obj
 0001:000109b0       qsort                      00000001800119b0 f   libucrt:qsort.obj
 0001:00010ce4       strncpy_s                  0000000180011ce4 f   libucrt:strncpy_s.obj
 0001:00010db8       strpbrk                    0000000180011db8 f   libucrt:strpbrk.obj
 0001:00010e58       _mbsdec                    0000000180011e58 f   libucrt:mbsdec.obj
 0001:00010e60       _mbsdec_l                  0000000180011e60 f   libucrt:mbsdec.obj
 0001:00010f10       _msize                     0000000180011f10 f   libucrt:msize.obj
 0001:00010f4c       _realloc_base              0000000180011f4c f   libucrt:realloc_base.obj
 0001:00010fd0       ??$?RV<lambda_bfedae4ebbf01fab1bb6dcc6a9e276e0>@@AEAV<lambda_2fe9b910cf3cbf4a0ab98a02ba45b3ec>@@V<lambda_237c231691f317818eb88cc1d5d642d6>@@@?$__crt_seh_guarded_call@H@@QEAAH$$QEAV<lambda_bfedae4ebbf01fab1bb6dcc6a9e276e0>@@AEAV<lambda_2fe9b910cf3cbf4a0ab98a02ba45b3ec>@@$$QEAV<lambda_237c231691f317818eb88cc1d5d642d6>@@@Z 0000000180011fd0 f i libucrt:close.obj
 0001:00011044       _close                     0000000180012044 f   libucrt:close.obj
 0001:000110e8       _close_nolock              00000001800120e8 f   libucrt:close.obj
 0001:000111a4       ?__acrt_stdio_free_stream@@YAXV__crt_stdio_stream@@@Z 00000001800121a4 f   libucrt:stream.obj
 0001:000111e8       _query_app_type            00000001800121e8 f   libucrt:report_runtime_error.obj
 0001:000111f0       __strncnt                  00000001800121f0 f   libucrt:strncnt.obj
 0001:00011208       fegetenv                   0000000180012208 f   libucrt:fegetenv.obj
 0001:00011228       fesetenv                   0000000180012228 f   libucrt:fesetenv.obj
 0001:00011274       feholdexcept               0000000180012274 f   libucrt:feholdexcept.obj
 0001:000112c4       ceil                       00000001800122c4 f   libucrt:ceil.obj
 0001:00011390       log10                      0000000180012390 f   libucrt:log10.obj
 0001:0001193c       __acrt_stdio_allocate_buffer_nolock 000000018001293c f   libucrt:_getbuf.obj
 0001:000119a0       __dcrt_lowio_initialize_console_output 00000001800129a0 f   libucrt:initcon.obj
 0001:000119dc       __dcrt_terminate_console_output 00000001800129dc f   libucrt:initcon.obj
 0001:000119fc       _getfpcontrolword          00000001800129fc f   libucrt:_fenvutils.obj
 0001:00011a14       _getfpstatusword           0000000180012a14 f   libucrt:_fenvutils.obj
 0001:00011a28       _setfpcontrolword          0000000180012a28 f   libucrt:_fenvutils.obj
 0001:00011a34       _setfpstatusword           0000000180012a34 f   libucrt:_fenvutils.obj
 0001:00011a84       _clearfp                   0000000180012a84 f   libucrt:ieee.obj
 0001:00011ad8       _controlfp                 0000000180012ad8 f   libucrt:ieee.obj
 0001:00011ae4       _statusfp                  0000000180012ae4 f   libucrt:ieee.obj
 0001:00011ee8       _handle_error              0000000180012ee8 f   libucrt:libm_error.obj
 0001:00012010       _handle_nan                0000000180013010 f   libucrt:libm_error.obj
 0001:00012030       __acrt_initialize_fma3     0000000180013030 f   libucrt:fma3_available.obj
 0001:000120a0       _log10_special             00000001800130a0 f   libucrt:log_special.obj
 0001:00012170       _get_fpsr                  0000000180013170 f   libucrt:fpsr.obj
 0001:00012180       _set_fpsr                  0000000180013180 f   libucrt:fpsr.obj
 0001:0001218a       _fclrf                     000000018001318a f   libucrt:fpsr.obj
 0001:0001219e       _frnd                      000000018001319e f   libucrt:fpsr.obj
 0001:000121c0       _raise_exc                 00000001800131c0 f   libucrt:fpexcept.obj
 0001:000121e8       _raise_exc_ex              00000001800131e8 f   libucrt:fpexcept.obj
 0001:000124f0       _set_errno_from_matherr    00000001800134f0 f   libucrt:fpexcept.obj
 0001:00012520       _clrfp                     0000000180013520 f   libucrt:fpctrl.obj
 0001:00012540       _ctrlfp                    0000000180013540 f   libucrt:fpctrl.obj
 0001:000125bc       _set_statfp                00000001800135bc f   libucrt:fpctrl.obj
 0001:000125dc       _statfp                    00000001800135dc f   libucrt:fpctrl.obj
 0001:000125ee       IsProcessorFeaturePresent  00000001800135ee f   kernel32:KERNEL32.dll
 0001:000125f4       RtlUnwindEx                00000001800135f4 f   kernel32:KERNEL32.dll
 0001:00012600       _FindPESection             0000000180013600 f   LIBCMT:pesect.obj
 0001:00012650       _IsNonwritableInCurrentImage 0000000180013650 f   LIBCMT:pesect.obj
 0001:000126a0       _ValidateImageBase         00000001800136a0 f   LIBCMT:pesect.obj
 0001:000126d0       __GSHandlerCheck           00000001800136d0 f   LIBCMT:_gshandler_.obj
 0001:000126f0       __GSHandlerCheckCommon     00000001800136f0 f   LIBCMT:_gshandler_.obj
 0001:00012760       _alloca_probe              0000000180013760 f   LIBCMT:_chkstk_.obj
 0001:00012760       __chkstk                   0000000180013760 f   LIBCMT:_chkstk_.obj
 0001:000127b4       strrchr                    00000001800137b4 f   libvcruntime:strrchr.obj
 0001:00012910       memcmp                     0000000180013910 f   libvcruntime:memcmp.obj
 0001:000129f0       strcmp                     00000001800139f0 f   libucrt:strcmp.obj
 0001:00012a70       _guard_dispatch_icall_nop  0000000180013a70 f   LIBCMT:_guard_dispatch_.obj
 0002:00000000       __imp_VirtualProtect       0000000180014000     kernel32:KERNEL32.dll
 0002:00000008       __imp_GetCurrentProcess    0000000180014008     kernel32:KERNEL32.dll
 0002:00000010       __imp_VirtualAlloc         0000000180014010     kernel32:KERNEL32.dll
 0002:00000018       __imp_GetModuleHandleA     0000000180014018     kernel32:KERNEL32.dll
 0002:00000020       __imp_GetSystemInfo        0000000180014020     kernel32:KERNEL32.dll
 0002:00000028       __imp_GetProcAddress       0000000180014028     kernel32:KERNEL32.dll
 0002:00000030       __imp_GetModuleHandleW     0000000180014030     kernel32:KERNEL32.dll
 0002:00000038       __imp_FlushInstructionCache 0000000180014038     kernel32:KERNEL32.dll
 0002:00000040       __imp_VirtualQuery         0000000180014040     kernel32:KERNEL32.dll
 0002:00000048       __imp_CreateFileW          0000000180014048     kernel32:KERNEL32.dll
 0002:00000050       __imp_HeapReAlloc          0000000180014050     kernel32:KERNEL32.dll
 0002:00000058       __imp_HeapSize             0000000180014058     kernel32:KERNEL32.dll
 0002:00000060       __imp_WriteConsoleW        0000000180014060     kernel32:KERNEL32.dll
 0002:00000068       __imp_SetFilePointerEx     0000000180014068     kernel32:KERNEL32.dll
 0002:00000070       __imp_SetStdHandle         0000000180014070     kernel32:KERNEL32.dll
 0002:00000078       __imp_GetStringTypeW       0000000180014078     kernel32:KERNEL32.dll
 0002:00000080       __imp_CloseHandle          0000000180014080     kernel32:KERNEL32.dll
 0002:00000088       __imp_EnterCriticalSection 0000000180014088     kernel32:KERNEL32.dll
 0002:00000090       __imp_LeaveCriticalSection 0000000180014090     kernel32:KERNEL32.dll
 0002:00000098       __imp_DeleteCriticalSection 0000000180014098     kernel32:KERNEL32.dll
 0002:000000a0       __imp_SetEvent             00000001800140a0     kernel32:KERNEL32.dll
 0002:000000a8       __imp_ResetEvent           00000001800140a8     kernel32:KERNEL32.dll
 0002:000000b0       __imp_WaitForSingleObjectEx 00000001800140b0     kernel32:KERNEL32.dll
 0002:000000b8       __imp_CreateEventW         00000001800140b8     kernel32:KERNEL32.dll
 0002:000000c0       __imp_RtlCaptureContext    00000001800140c0     kernel32:KERNEL32.dll
 0002:000000c8       __imp_RtlLookupFunctionEntry 00000001800140c8     kernel32:KERNEL32.dll
 0002:000000d0       __imp_RtlVirtualUnwind     00000001800140d0     kernel32:KERNEL32.dll
 0002:000000d8       __imp_UnhandledExceptionFilter 00000001800140d8     kernel32:KERNEL32.dll
 0002:000000e0       __imp_SetUnhandledExceptionFilter 00000001800140e0     kernel32:KERNEL32.dll
 0002:000000e8       __imp_TerminateProcess     00000001800140e8     kernel32:KERNEL32.dll
 0002:000000f0       __imp_IsProcessorFeaturePresent 00000001800140f0     kernel32:KERNEL32.dll
 0002:000000f8       __imp_IsDebuggerPresent    00000001800140f8     kernel32:KERNEL32.dll
 0002:00000100       __imp_GetStartupInfoW      0000000180014100     kernel32:KERNEL32.dll
 0002:00000108       __imp_QueryPerformanceCounter 0000000180014108     kernel32:KERNEL32.dll
 0002:00000110       __imp_GetCurrentProcessId  0000000180014110     kernel32:KERNEL32.dll
 0002:00000118       __imp_GetCurrentThreadId   0000000180014118     kernel32:KERNEL32.dll
 0002:00000120       __imp_GetSystemTimeAsFileTime 0000000180014120     kernel32:KERNEL32.dll
 0002:00000128       __imp_InitializeSListHead  0000000180014128     kernel32:KERNEL32.dll
 0002:00000130       __imp_RtlPcToFileHeader    0000000180014130     kernel32:KERNEL32.dll
 0002:00000138       __imp_RaiseException       0000000180014138     kernel32:KERNEL32.dll
 0002:00000140       __imp_GetLastError         0000000180014140     kernel32:KERNEL32.dll
 0002:00000148       __imp_InitializeCriticalSectionAndSpinCount 0000000180014148     kernel32:KERNEL32.dll
 0002:00000150       __imp_TlsAlloc             0000000180014150     kernel32:KERNEL32.dll
 0002:00000158       __imp_TlsGetValue          0000000180014158     kernel32:KERNEL32.dll
 0002:00000160       __imp_TlsSetValue          0000000180014160     kernel32:KERNEL32.dll
 0002:00000168       __imp_TlsFree              0000000180014168     kernel32:KERNEL32.dll
 0002:00000170       __imp_FreeLibrary          0000000180014170     kernel32:KERNEL32.dll
 0002:00000178       __imp_LoadLibraryExW       0000000180014178     kernel32:KERNEL32.dll
 0002:00000180       __imp_RtlUnwindEx          0000000180014180     kernel32:KERNEL32.dll
 0002:00000188       __imp_InterlockedFlushSList 0000000180014188     kernel32:KERNEL32.dll
 0002:00000190       __imp_SetLastError         0000000180014190     kernel32:KERNEL32.dll
 0002:00000198       __imp_ExitProcess          0000000180014198     kernel32:KERNEL32.dll
 0002:000001a0       __imp_GetModuleHandleExW   00000001800141a0     kernel32:KERNEL32.dll
 0002:000001a8       __imp_GetModuleFileNameA   00000001800141a8     kernel32:KERNEL32.dll
 0002:000001b0       __imp_MultiByteToWideChar  00000001800141b0     kernel32:KERNEL32.dll
 0002:000001b8       __imp_WideCharToMultiByte  00000001800141b8     kernel32:KERNEL32.dll
 0002:000001c0       __imp_HeapFree             00000001800141c0     kernel32:KERNEL32.dll
 0002:000001c8       __imp_HeapAlloc            00000001800141c8     kernel32:KERNEL32.dll
 0002:000001d0       __imp_LCMapStringW         00000001800141d0     kernel32:KERNEL32.dll
 0002:000001d8       __imp_GetStdHandle         00000001800141d8     kernel32:KERNEL32.dll
 0002:000001e0       __imp_GetFileType          00000001800141e0     kernel32:KERNEL32.dll
 0002:000001e8       __imp_GetACP               00000001800141e8     kernel32:KERNEL32.dll
 0002:000001f0       __imp_FlushFileBuffers     00000001800141f0     kernel32:KERNEL32.dll
 0002:000001f8       __imp_WriteFile            00000001800141f8     kernel32:KERNEL32.dll
 0002:00000200       __imp_GetConsoleCP         0000000180014200     kernel32:KERNEL32.dll
 0002:00000208       __imp_GetConsoleMode       0000000180014208     kernel32:KERNEL32.dll
 0002:00000210       __imp_FindClose            0000000180014210     kernel32:KERNEL32.dll
 0002:00000218       __imp_FindFirstFileExA     0000000180014218     kernel32:KERNEL32.dll
 0002:00000220       __imp_FindNextFileA        0000000180014220     kernel32:KERNEL32.dll
 0002:00000228       __imp_IsValidCodePage      0000000180014228     kernel32:KERNEL32.dll
 0002:00000230       __imp_GetOEMCP             0000000180014230     kernel32:KERNEL32.dll
 0002:00000238       __imp_GetCPInfo            0000000180014238     kernel32:KERNEL32.dll
 0002:00000240       __imp_GetCommandLineA      0000000180014240     kernel32:KERNEL32.dll
 0002:00000248       __imp_GetCommandLineW      0000000180014248     kernel32:KERNEL32.dll
 0002:00000250       __imp_GetEnvironmentStringsW 0000000180014250     kernel32:KERNEL32.dll
 0002:00000258       __imp_FreeEnvironmentStringsW 0000000180014258     kernel32:KERNEL32.dll
 0002:00000260       __imp_GetProcessHeap       0000000180014260     kernel32:KERNEL32.dll
 0002:00000268       \177KERNEL32_NULL_THUNK_DATA 0000000180014268     kernel32:KERNEL32.dll
 0002:00000270       __imp_scalable_malloc      0000000180014270     tbbmalloc:tbbmalloc.dll
 0002:00000278       __imp___TBB_malloc_safer_realloc 0000000180014278     tbbmalloc:tbbmalloc.dll
 0002:00000280       __imp___TBB_malloc_safer_free 0000000180014280     tbbmalloc:tbbmalloc.dll
 0002:00000288       __imp___TBB_malloc_safer_msize 0000000180014288     tbbmalloc:tbbmalloc.dll
 0002:00000290       __imp_scalable_aligned_malloc 0000000180014290     tbbmalloc:tbbmalloc.dll
 0002:00000298       __imp___TBB_malloc_safer_aligned_msize 0000000180014298     tbbmalloc:tbbmalloc.dll
 0002:000002a0       __imp_scalable_calloc      00000001800142a0     tbbmalloc:tbbmalloc.dll
 0002:000002a8       __imp___TBB_malloc_safer_aligned_realloc 00000001800142a8     tbbmalloc:tbbmalloc.dll
 0002:000002b0       \177tbbmalloc_NULL_THUNK_DATA 00000001800142b0     tbbmalloc:tbbmalloc.dll
 0002:000002b8       __guard_check_icall_fptr   00000001800142b8     LIBCMT:guard_support.obj
 0002:000002c0       __guard_dispatch_icall_fptr 00000001800142c0     LIBCMT:guard_support.obj
 0002:000002c8       __xc_a                     00000001800142c8     LIBCMT:initializers.obj
 0002:000002d8       __xc_z                     00000001800142d8     LIBCMT:initializers.obj
 0002:000002e0       __xi_a                     00000001800142e0     LIBCMT:initializers.obj
 0002:000002f0       __acrt_stdio_initializer   00000001800142f0     libucrt:stdio_initializer.obj
 0002:000002f8       __acrt_multibyte_initializer 00000001800142f8     libucrt:multibyte_initializer.obj
 0002:00000300       __acrt_tran_fma3_initializer 0000000180014300     libucrt:fma3_initializer.obj
 0002:00000308       __xi_z                     0000000180014308     LIBCMT:initializers.obj
 0002:00000310       __xl_a                     0000000180014310     LIBCMT:tlssup.obj
 0002:00000318       __xl_z                     0000000180014318     LIBCMT:tlssup.obj
 0002:00000320       __xp_a                     0000000180014320     LIBCMT:initializers.obj
 0002:00000328       __acrt_locale_terminator   0000000180014328     libucrt:locale_initializer.obj
 0002:00000330       __dcrt_console_output_terminator 0000000180014330     libucrt:console_output_initializer.obj
 0002:00000338       __acrt_stdio_terminator    0000000180014338     libucrt:stdio_initializer.obj
 0002:00000340       __xp_z                     0000000180014340     LIBCMT:initializers.obj
 0002:00000348       __xt_a                     0000000180014348     LIBCMT:initializers.obj
 0002:00000350       __xt_z                     0000000180014350     LIBCMT:initializers.obj
 0002:00000368       ??_7type_info@@6B@         0000000180014368     LIBCMT:std_type_info_static.obj
 0002:00000370       ??_C@_1BK@MGMFAEKH@?$AAk?$AAe?$AAr?$AAn?$AAe?$AAl?$AA3?$AA2?$AA?4?$AAd?$AAl?$AAl?$AA?$AA@ 0000000180014370     LIBCMT:thread_safe_statics.obj
 0002:00000390       ??_C@_0BM@HLJJNPAH@InitializeConditionVariable?$AA@ 0000000180014390     LIBCMT:thread_safe_statics.obj
 0002:000003b0       ??_C@_0BJ@JEBJOJFJ@SleepConditionVariableCS?$AA@ 00000001800143b0     LIBCMT:thread_safe_statics.obj
 0002:000003d0       ??_C@_0BJ@PGPPEPCC@WakeAllConditionVariable?$AA@ 00000001800143d0     LIBCMT:thread_safe_statics.obj
 0002:00000400       _pRawDllMain               0000000180014400     LIBCMT:dll_dllmain.obj
 0002:00000400       _pDefaultRawDllMain        0000000180014400     LIBCMT:dll_dllmain.obj
 0002:00000408       _pDestructExceptionObject  0000000180014408     libvcruntime:frame.obj
 0002:00000418       ??_7exception@std@@6B@     0000000180014418     libvcruntime:frame.obj
 0002:00000448       ??_C@_1BC@DNHGCMLG@?$AAa?$AAd?$AAv?$AAa?$AAp?$AAi?$AA3?$AA2?$AA?$AA@ 0000000180014448     libvcruntime:winapi_downlevel.obj
 0002:00000460       ??_C@_1DM@KHCHBNEB@?$AAa?$AAp?$AAi?$AA?9?$AAm?$AAs?$AA?9?$AAw?$AAi?$AAn?$AA?9?$AAc?$AAo?$AAr?$AAe?$AA?9?$AAf?$AAi?$AAb?$AAe?$AAr?$AAs?$AA?9?$AAl?$AA1?$AA?9?$AA1?$AA?9?$AA1?$AA?$AA@ 0000000180014460     libvcruntime:winapi_downlevel.obj
 0002:000004a0       ??_C@_1DK@LPPGFMPP@?$AAa?$AAp?$AAi?$AA?9?$AAm?$AAs?$AA?9?$AAw?$AAi?$AAn?$AA?9?$AAc?$AAo?$AAr?$AAe?$AA?9?$AAs?$AAy?$AAn?$AAc?$AAh?$AA?9?$AAl?$AA1?$AA?9?$AA2?$AA?9?$AA0?$AA?$AA@ 00000001800144a0     libvcruntime:winapi_downlevel.obj
 0002:000004e0       ??_C@_1BC@GDMECMAK@?$AAk?$AAe?$AAr?$AAn?$AAe?$AAl?$AA3?$AA2?$AA?$AA@ 00000001800144e0     libvcruntime:winapi_downlevel.obj
 0002:00000500       ??_C@_08KNHFBNJ@FlsAlloc?$AA@ 0000000180014500     libvcruntime:winapi_downlevel.obj
 0002:00000518       ??_C@_07PEJMOBNF@FlsFree?$AA@ 0000000180014518     libvcruntime:winapi_downlevel.obj
 0002:00000528       ??_C@_0M@GDNOONDI@FlsGetValue?$AA@ 0000000180014528     libvcruntime:winapi_downlevel.obj
 0002:00000540       ??_C@_0M@JCPCPOEF@FlsSetValue?$AA@ 0000000180014540     libvcruntime:winapi_downlevel.obj
 0002:00000558       ??_C@_0BM@HCFOFFN@InitializeCriticalSectionEx?$AA@ 0000000180014558     libvcruntime:winapi_downlevel.obj
 0002:000008e0       ??_C@_08EHJDFFNH@__based?$CI?$AA@ 00000001800148e0     libvcruntime:undname.obj
 0002:000008f0       ??_C@_07KOLFKCDI@__cdecl?$AA@ 00000001800148f0     libvcruntime:undname.obj
 0002:000008f8       ??_C@_08GHMPAG@__pascal?$AA@ 00000001800148f8     libvcruntime:undname.obj
 0002:00000908       ??_C@_09IFJBGAPI@__stdcall?$AA@ 0000000180014908     libvcruntime:undname.obj
 0002:00000918       ??_C@_0L@NPHFGOKO@__thiscall?$AA@ 0000000180014918     libvcruntime:undname.obj
 0002:00000928       ??_C@_0L@JMKHOMEK@__fastcall?$AA@ 0000000180014928     libvcruntime:undname.obj
 0002:00000938       ??_C@_0N@BCKKPABJ@__vectorcall?$AA@ 0000000180014938     libvcruntime:undname.obj
 0002:00000948       ??_C@_09HIJEGCPM@__clrcall?$AA@ 0000000180014948     libvcruntime:undname.obj
 0002:00000954       ??_C@_06GHPCKEAG@__eabi?$AA@ 0000000180014954     libvcruntime:undname.obj
 0002:00000960       ??_C@_07JOMMBBKO@__ptr64?$AA@ 0000000180014960     libvcruntime:undname.obj
 0002:00000968       ??_C@_0L@PILCLIHE@__restrict?$AA@ 0000000180014968     libvcruntime:undname.obj
 0002:00000978       ??_C@_0M@GFIIJFMG@__unaligned?$AA@ 0000000180014978     libvcruntime:undname.obj
 0002:00000988       ??_C@_09DHDLOLLB@restrict?$CI?$AA@ 0000000180014988     libvcruntime:undname.obj
 0002:00000992       ??_C@_00CNPNBAHC@?$AA@     0000000180014992     libvcruntime:undname.obj
 0002:00000994       ??_C@_04NIHEBCM@?5new?$AA@ 0000000180014994     libvcruntime:undname.obj
 0002:000009a0       ??_C@_07FPCDHGMM@?5delete?$AA@ 00000001800149a0     libvcruntime:undname.obj
 0002:000009a8       ??_C@_01NEMOKFLO@?$DN?$AA@ 00000001800149a8     libvcruntime:undname.obj
 0002:000009ac       ??_C@_02GPIOPFAK@?$DO?$DO?$AA@ 00000001800149ac     libvcruntime:undname.obj
 0002:000009b0       ??_C@_02FODMEDOG@?$DM?$DM?$AA@ 00000001800149b0     libvcruntime:undname.obj
 0002:000009b4       ??_C@_01DCLJPIOD@?$CB?$AA@ 00000001800149b4     libvcruntime:undname.obj
 0002:000009b8       ??_C@_02EGOFBIJA@?$DN?$DN?$AA@ 00000001800149b8     libvcruntime:undname.obj
 0002:000009bc       ??_C@_02FDNJECIE@?$CB?$DN?$AA@ 00000001800149bc     libvcruntime:undname.obj
 0002:000009c0       ??_C@_02GPECMEKF@?$FL?$FN?$AA@ 00000001800149c0     libvcruntime:undname.obj
 0002:000009c8       ??_C@_08LHJFAFGD@operator?$AA@ 00000001800149c8     libvcruntime:undname.obj
 0002:000009d4       ??_C@_02HBOOOICD@?9?$DO?$AA@ 00000001800149d4     libvcruntime:undname.obj
 0002:000009d8       ??_C@_01NBENCBCI@?$CK?$AA@ 00000001800149d8     libvcruntime:undname.obj
 0002:000009dc       ??_C@_02ECNGHCIF@?$CL?$CL?$AA@ 00000001800149dc     libvcruntime:undname.obj
 0002:000009e0       ??_C@_02BAABKJLB@?9?9?$AA@ 00000001800149e0     libvcruntime:undname.obj
 0002:000009e4       ??_C@_01JOAMLHOP@?9?$AA@   00000001800149e4     libvcruntime:undname.obj
 0002:000009e8       ??_C@_01MIFGBAGJ@?$CL?$AA@ 00000001800149e8     libvcruntime:undname.obj
 0002:000009ec       ??_C@_01HNPIGOCE@?$CG?$AA@ 00000001800149ec     libvcruntime:undname.obj
 0002:000009f0       ??_C@_03MNHNFDLC@?9?$DO?$CK?$AA@ 00000001800149f0     libvcruntime:undname.obj
 0002:000009f4       ??_C@_01KMDKNFGN@?1?$AA@   00000001800149f4     libvcruntime:undname.obj
 0002:000009f8       ??_C@_01FGNFDNOH@?$CF?$AA@ 00000001800149f8     libvcruntime:undname.obj
 0002:000009fc       ??_C@_01MNNFJEPP@?$DM?$AA@ 00000001800149fc     libvcruntime:undname.obj
 0002:00000a00       ??_C@_02EHCHHCKH@?$DM?$DN?$AA@ 0000000180014a00     libvcruntime:undname.obj
 0002:00000a04       ??_C@_01PPODPGHN@?$DO?$AA@ 0000000180014a04     libvcruntime:undname.obj
 0002:00000a08       ??_C@_02EEKDKGMJ@?$DO?$DN?$AA@ 0000000180014a08     libvcruntime:undname.obj
 0002:00000a0c       ??_C@_01IHBHIGKO@?0?$AA@   0000000180014a0c     libvcruntime:undname.obj
 0002:00000a10       ??_C@_02HCKGKOFO@?$CI?$CJ?$AA@ 0000000180014a10     libvcruntime:undname.obj
 0002:00000a14       ??_C@_01PJKLJHI@?$HO?$AA@  0000000180014a14     libvcruntime:undname.obj
 0002:00000a18       ??_C@_01JKBOJNNK@?$FO?$AA@ 0000000180014a18     libvcruntime:undname.obj
 0002:00000a1c       ??_C@_01DNKMNLPK@?$HM?$AA@ 0000000180014a1c     libvcruntime:undname.obj
 0002:00000a20       ??_C@_02PPKAJPJL@?$CG?$CG?$AA@ 0000000180014a20     libvcruntime:undname.obj
 0002:00000a24       ??_C@_02NONPIBCD@?$HM?$HM?$AA@ 0000000180014a24     libvcruntime:undname.obj
 0002:00000a28       ??_C@_02FPIMKNGF@?$CK?$DN?$AA@ 0000000180014a28     libvcruntime:undname.obj
 0002:00000a2c       ??_C@_02FOEOMHFC@?$CL?$DN?$AA@ 0000000180014a2c     libvcruntime:undname.obj
 0002:00000a30       ??_C@_02FKMDLLOA@?9?$DN?$AA@ 0000000180014a30     libvcruntime:undname.obj
 0002:00000a34       ??_C@_02FJEHGPIO@?1?$DN?$AA@ 0000000180014a34     libvcruntime:undname.obj
 0002:00000a38       ??_C@_02FENAOKFI@?$CF?$DN?$AA@ 0000000180014a38     libvcruntime:undname.obj
 0002:00000a3c       ??_C@_03IKFCCPFF@?$DO?$DO?$DN?$AA@ 0000000180014a3c     libvcruntime:undname.obj
 0002:00000a40       ??_C@_03CDNPDDLA@?$DM?$DM?$DN?$AA@ 0000000180014a40     libvcruntime:undname.obj
 0002:00000a44       ??_C@_02FGJGFEAB@?$CG?$DN?$AA@ 0000000180014a44     libvcruntime:undname.obj
 0002:00000a48       ??_C@_02DHLNPPGH@?$HM?$DN?$AA@ 0000000180014a48     libvcruntime:undname.obj
 0002:00000a4c       ??_C@_02MHEGNOJ@?$FO?$DN?$AA@ 0000000180014a4c     libvcruntime:undname.obj
 0002:00000a50       ??_C@_09IFPLHPGF@?$GAvftable?8?$AA@ 0000000180014a50     libvcruntime:undname.obj
 0002:00000a60       ??_C@_09BLBHBJP@?$GAvbtable?8?$AA@ 0000000180014a60     libvcruntime:undname.obj
 0002:00000a70       ??_C@_07FEEIOKP@?$GAvcall?8?$AA@ 0000000180014a70     libvcruntime:undname.obj
 0002:00000a78       ??_C@_08LLFFHHDJ@?$GAtypeof?8?$AA@ 0000000180014a78     libvcruntime:undname.obj
 0002:00000a88       ??_C@_0BF@KDPPACIK@?$GAlocal?5static?5guard?8?$AA@ 0000000180014a88     libvcruntime:undname.obj
 0002:00000aa0       ??_C@_08OBABFOLI@?$GAstring?8?$AA@ 0000000180014aa0     libvcruntime:undname.obj
 0002:00000ab0       ??_C@_0BD@JDLKDPAB@?$GAvbase?5destructor?8?$AA@ 0000000180014ab0     libvcruntime:undname.obj
 0002:00000ac8       ??_C@_0BN@DEGPLNFK@?$GAvector?5deleting?5destructor?8?$AA@ 0000000180014ac8     libvcruntime:undname.obj
 0002:00000ae8       ??_C@_0BO@OBMKPJIG@?$GAdefault?5constructor?5closure?8?$AA@ 0000000180014ae8     libvcruntime:undname.obj
 0002:00000b08       ??_C@_0BN@IMDCHIKM@?$GAscalar?5deleting?5destructor?8?$AA@ 0000000180014b08     libvcruntime:undname.obj
 0002:00000b28       ??_C@_0BO@PFGOCPJJ@?$GAvector?5constructor?5iterator?8?$AA@ 0000000180014b28     libvcruntime:undname.obj
 0002:00000b48       ??_C@_0BN@LFPFMEDL@?$GAvector?5destructor?5iterator?8?$AA@ 0000000180014b48     libvcruntime:undname.obj
 0002:00000b68       ??_C@_0CE@IKBNEHA@?$GAvector?5vbase?5constructor?5iterat@ 0000000180014b68     libvcruntime:undname.obj
 0002:00000b90       ??_C@_0BL@NILFHHPC@?$GAvirtual?5displacement?5map?8?$AA@ 0000000180014b90     libvcruntime:undname.obj
 0002:00000bb0       ??_C@_0CB@JONCMFFK@?$GAeh?5vector?5constructor?5iterator?8@ 0000000180014bb0     libvcruntime:undname.obj
 0002:00000bd8       ??_C@_0CA@GCEOPDGL@?$GAeh?5vector?5destructor?5iterator?8?$AA@ 0000000180014bd8     libvcruntime:undname.obj
 0002:00000bf8       ??_C@_0CH@OOJPLCPH@?$GAeh?5vector?5vbase?5constructor?5ite@ 0000000180014bf8     libvcruntime:undname.obj
 0002:00000c20       ??_C@_0BL@LLKPOHJI@?$GAcopy?5constructor?5closure?8?$AA@ 0000000180014c20     libvcruntime:undname.obj
 0002:00000c40       ??_C@_0BA@KBCDOMBN@?$GAudt?5returning?8?$AA@ 0000000180014c40     libvcruntime:undname.obj
 0002:00000c50       ??_C@_03KLGMFNMG@?$GAEH?$AA@ 0000000180014c50     libvcruntime:undname.obj
 0002:00000c54       ??_C@_05KHLCHHI@?$GARTTI?$AA@ 0000000180014c54     libvcruntime:undname.obj
 0002:00000c60       ??_C@_0BA@KKLDJDLB@?$GAlocal?5vftable?8?$AA@ 0000000180014c60     libvcruntime:undname.obj
 0002:00000c70       ??_C@_0CE@IIHCMGGL@?$GAlocal?5vftable?5constructor?5closu@ 0000000180014c70     libvcruntime:undname.obj
 0002:00000c94       ??_C@_06FHBGPFGH@?5new?$FL?$FN?$AA@ 0000000180014c94     libvcruntime:undname.obj
 0002:00000ca0       ??_C@_09LBNFPBCA@?5delete?$FL?$FN?$AA@ 0000000180014ca0     libvcruntime:undname.obj
 0002:00000cb0       ??_C@_0P@HJKNJFNN@?$GAomni?5callsig?8?$AA@ 0000000180014cb0     libvcruntime:undname.obj
 0002:00000cc0       ??_C@_0BL@CNOONJFP@?$GAplacement?5delete?5closure?8?$AA@ 0000000180014cc0     libvcruntime:undname.obj
 0002:00000ce0       ??_C@_0BN@CKNJLHMB@?$GAplacement?5delete?$FL?$FN?5closure?8?$AA@ 0000000180014ce0     libvcruntime:undname.obj
 0002:00000d00       ??_C@_0CG@CFDHKGGD@?$GAmanaged?5vector?5constructor?5iter@ 0000000180014d00     libvcruntime:undname.obj
 0002:00000d28       ??_C@_0CF@IMGKMJNO@?$GAmanaged?5vector?5destructor?5itera@ 0000000180014d28     libvcruntime:undname.obj
 0002:00000d50       ??_C@_0CG@HLDDJMAG@?$GAeh?5vector?5copy?5constructor?5iter@ 0000000180014d50     libvcruntime:undname.obj
 0002:00000d78       ??_C@_0CM@FCBBDIGB@?$GAeh?5vector?5vbase?5copy?5constructo@ 0000000180014d78     libvcruntime:undname.obj
 0002:00000da8       ??_C@_0BL@CLIPGLGB@?$GAdynamic?5initializer?5for?5?8?$AA@ 0000000180014da8     libvcruntime:undname.obj
 0002:00000dc8       ??_C@_0CB@PDBIFEP@?$GAdynamic?5atexit?5destructor?5for?5?8@ 0000000180014dc8     libvcruntime:undname.obj
 0002:00000df0       ??_C@_0CD@CGAJBKEJ@?$GAvector?5copy?5constructor?5iterato@ 0000000180014df0     libvcruntime:undname.obj
 0002:00000e18       ??_C@_0CJ@GJELGAMM@?$GAvector?5vbase?5copy?5constructor?5i@ 0000000180014e18     libvcruntime:undname.obj
 0002:00000e48       ??_C@_0CL@FGIJHLCE@?$GAmanaged?5vector?5copy?5constructor@ 0000000180014e48     libvcruntime:undname.obj
 0002:00000e78       ??_C@_0BM@PMGGMLDN@?$GAlocal?5static?5thread?5guard?8?$AA@ 0000000180014e78     libvcruntime:undname.obj
 0002:00000e98       ??_C@_0N@BDNMDMOL@operator?5?$CC?$CC?5?$AA@ 0000000180014e98     libvcruntime:undname.obj
 0002:00000ea8       ??_C@_0BC@DAFEJGAK@?5Type?5Descriptor?8?$AA@ 0000000180014ea8     libvcruntime:undname.obj
 0002:00000ec0       ??_C@_0BM@LDKODKLH@?5Base?5Class?5Descriptor?5at?5?$CI?$AA@ 0000000180014ec0     libvcruntime:undname.obj
 0002:00000ee0       ??_C@_0BD@LGICGFMM@?5Base?5Class?5Array?8?$AA@ 0000000180014ee0     libvcruntime:undname.obj
 0002:00000ef8       ??_C@_0BN@MECKDCOJ@?5Class?5Hierarchy?5Descriptor?8?$AA@ 0000000180014ef8     libvcruntime:undname.obj
 0002:00000f18       ??_C@_0BK@CFCOFLF@?5Complete?5Object?5Locator?8?$AA@ 0000000180014f18     libvcruntime:undname.obj
 0002:00000f38       ??_C@_1BI@BGOHAHKC@?$AAm?$AAs?$AAc?$AAo?$AAr?$AAe?$AAe?$AA?4?$AAd?$AAl?$AAl?$AA?$AA@ 0000000180014f38     libucrt:exit.obj
 0002:00000f50       ??_C@_0P@MIGLKIOC@CorExitProcess?$AA@ 0000000180014f50     libucrt:exit.obj
 0002:00000f60       standard_lookup_table      0000000180014f60     libucrt:output.obj
 0002:00000fbc       ??_C@_06OJHGLDPL@?$CInull?$CJ?$AA@ 0000000180014fbc     libucrt:output.obj
 0002:00000fc8       ??_C@_1O@CEDCILHN@?$AA?$CI?$AAn?$AAu?$AAl?$AAl?$AA?$CJ?$AA?$AA@ 0000000180014fc8     libucrt:output.obj
 0002:00000fe0       __acrt_exception_action_table 0000000180014fe0     libucrt:exception_filter.obj
 0002:000010a0       __acrt_signal_action_table_count 00000001800150a0     libucrt:exception_filter.obj
 0002:000010a8       __acrt_signal_action_first_fpe_index 00000001800150a8     libucrt:exception_filter.obj
 0002:000010b0       __acrt_signal_action_fpe_count 00000001800150b0     libucrt:exception_filter.obj
 0002:00001250       ??_C@_1EG@CNNIPFIM@?$AAa?$AAp?$AAi?$AA?9?$AAm?$AAs?$AA?9?$AAw?$AAi?$AAn?$AA?9?$AAa?$AAp?$AAp?$AAm?$AAo?$AAd?$AAe?$AAl?$AA?9?$AAr?$AAu?$AAn?$AAt?$AAi?$AAm?$AAe?$AA?9?$AAl?$AA1?$AA?9?$AA1@ 0000000180015250     libucrt:winapi_thunks.obj
 0002:000012a0       ??_C@_1EA@JGEFHKEI@?$AAa?$AAp?$AAi?$AA?9?$AAm?$AAs?$AA?9?$AAw?$AAi?$AAn?$AA?9?$AAc?$AAo?$AAr?$AAe?$AA?9?$AAd?$AAa?$AAt?$AAe?$AAt?$AAi?$AAm?$AAe?$AA?9?$AAl?$AA1?$AA?9?$AA1?$AA?9?$AA1?$AA?$AA@ 00000001800152a0     libucrt:winapi_thunks.obj
 0002:000012e0       ??_C@_1DI@GCIAAENM@?$AAa?$AAp?$AAi?$AA?9?$AAm?$AAs?$AA?9?$AAw?$AAi?$AAn?$AA?9?$AAc?$AAo?$AAr?$AAe?$AA?9?$AAf?$AAi?$AAl?$AAe?$AA?9?$AAl?$AA2?$AA?9?$AA1?$AA?9?$AA1?$AA?$AA@ 00000001800152e0     libucrt:winapi_thunks.obj
 0002:00001320       ??_C@_1EI@MPIAOHOC@?$AAa?$AAp?$AAi?$AA?9?$AAm?$AAs?$AA?9?$AAw?$AAi?$AAn?$AA?9?$AAc?$AAo?$AAr?$AAe?$AA?9?$AAl?$AAo?$AAc?$AAa?$AAl?$AAi?$AAz?$AAa?$AAt?$AAi?$AAo?$AAn?$AA?9?$AAl?$AA1?$AA?9@ 0000000180015320     libucrt:winapi_thunks.obj
 0002:00001370       ??_C@_1FK@FPHCKFIE@?$AAa?$AAp?$AAi?$AA?9?$AAm?$AAs?$AA?9?$AAw?$AAi?$AAn?$AA?9?$AAc?$AAo?$AAr?$AAe?$AA?9?$AAl?$AAo?$AAc?$AAa?$AAl?$AAi?$AAz?$AAa?$AAt?$AAi?$AAo?$AAn?$AA?9?$AAo?$AAb?$AAs@ 0000000180015370     libucrt:winapi_thunks.obj
 0002:000013d0       ??_C@_1EM@DILCGIIO@?$AAa?$AAp?$AAi?$AA?9?$AAm?$AAs?$AA?9?$AAw?$AAi?$AAn?$AA?9?$AAc?$AAo?$AAr?$AAe?$AA?9?$AAp?$AAr?$AAo?$AAc?$AAe?$AAs?$AAs?$AAt?$AAh?$AAr?$AAe?$AAa?$AAd?$AAs?$AA?9?$AAl@ 00000001800153d0     libucrt:winapi_thunks.obj
 0002:00001420       ??_C@_1DM@LNCGDDPN@?$AAa?$AAp?$AAi?$AA?9?$AAm?$AAs?$AA?9?$AAw?$AAi?$AAn?$AA?9?$AAc?$AAo?$AAr?$AAe?$AA?9?$AAs?$AAt?$AAr?$AAi?$AAn?$AAg?$AA?9?$AAl?$AA1?$AA?9?$AA1?$AA?9?$AA0?$AA?$AA@ 0000000180015420     libucrt:winapi_thunks.obj
 0002:00001460       ??_C@_1DO@FPAPJEMD@?$AAa?$AAp?$AAi?$AA?9?$AAm?$AAs?$AA?9?$AAw?$AAi?$AAn?$AA?9?$AAc?$AAo?$AAr?$AAe?$AA?9?$AAs?$AAy?$AAs?$AAi?$AAn?$AAf?$AAo?$AA?9?$AAl?$AA1?$AA?9?$AA2?$AA?9?$AA1?$AA?$AA@ 0000000180015460     libucrt:winapi_thunks.obj
 0002:000014a0       ??_C@_1DK@NDHNAHIO@?$AAa?$AAp?$AAi?$AA?9?$AAm?$AAs?$AA?9?$AAw?$AAi?$AAn?$AA?9?$AAc?$AAo?$AAr?$AAe?$AA?9?$AAw?$AAi?$AAn?$AAr?$AAt?$AA?9?$AAl?$AA1?$AA?9?$AA1?$AA?9?$AA0?$AA?$AA@ 00000001800154a0     libucrt:winapi_thunks.obj
 0002:000014e0       ??_C@_1DM@KGHDGBCM@?$AAa?$AAp?$AAi?$AA?9?$AAm?$AAs?$AA?9?$AAw?$AAi?$AAn?$AA?9?$AAc?$AAo?$AAr?$AAe?$AA?9?$AAx?$AAs?$AAt?$AAa?$AAt?$AAe?$AA?9?$AAl?$AA2?$AA?9?$AA1?$AA?9?$AA0?$AA?$AA@ 00000001800154e0     libucrt:winapi_thunks.obj
 0002:00001520       ??_C@_1EO@IJIOEFOH@?$AAa?$AAp?$AAi?$AA?9?$AAm?$AAs?$AA?9?$AAw?$AAi?$AAn?$AA?9?$AAr?$AAt?$AAc?$AAo?$AAr?$AAe?$AA?9?$AAn?$AAt?$AAu?$AAs?$AAe?$AAr?$AA?9?$AAw?$AAi?$AAn?$AAd?$AAo?$AAw?$AA?9@ 0000000180015520     libucrt:winapi_thunks.obj
 0002:00001570       ??_C@_1FG@HHGEKANL@?$AAa?$AAp?$AAi?$AA?9?$AAm?$AAs?$AA?9?$AAw?$AAi?$AAn?$AA?9?$AAs?$AAe?$AAc?$AAu?$AAr?$AAi?$AAt?$AAy?$AA?9?$AAs?$AAy?$AAs?$AAt?$AAe?$AAm?$AAf?$AAu?$AAn?$AAc?$AAt?$AAi@ 0000000180015570     libucrt:winapi_thunks.obj
 0002:000015d0       ??_C@_1FG@NCKKOLKO@?$AAe?$AAx?$AAt?$AA?9?$AAm?$AAs?$AA?9?$AAw?$AAi?$AAn?$AA?9?$AAk?$AAe?$AAr?$AAn?$AAe?$AAl?$AA3?$AA2?$AA?9?$AAp?$AAa?$AAc?$AAk?$AAa?$AAg?$AAe?$AA?9?$AAc?$AAu?$AAr?$AAr@ 00000001800155d0     libucrt:winapi_thunks.obj
 0002:00001630       ??_C@_1EG@DBIOJECG@?$AAe?$AAx?$AAt?$AA?9?$AAm?$AAs?$AA?9?$AAw?$AAi?$AAn?$AA?9?$AAn?$AAt?$AAu?$AAs?$AAe?$AAr?$AA?9?$AAd?$AAi?$AAa?$AAl?$AAo?$AAg?$AAb?$AAo?$AAx?$AA?9?$AAl?$AA1?$AA?9?$AA1@ 0000000180015630     libucrt:winapi_thunks.obj
[...]
 0004:00000c9c       $pdata$??$common_expand_argv_wildcards@D@@YAHQEAPEADQEAPEAPEAD@Z 0000000180023c9c     libucrt:argv_wildcards.obj
 0004:00000ca8       $pdata$??$copy_and_add_argument_to_buffer@D@@YAHQEBD0_KAEAV?$argument_list@D@?A0xca0879c4@@@Z 0000000180023ca8     libucrt:argv_wildcards.obj
 0004:00000cb4       $pdata$??$expand_argument_wildcards@D@@YAHQEAD0AEAV?$argument_list@D@?A0xca0879c4@@@Z 0000000180023cb4     libucrt:argv_wildcards.obj
 0004:00000cc0       $pdata$?expand_if_necessary@?$argument_list@D@?A0xca0879c4@@AEAAHXZ 0000000180023cc0     libucrt:argv_wildcards.obj
 0004:00000ccc       $pdata$??$?RV<lambda_99476a1ad63dd22509b5d3e65b0ffc95>@@AEAV<lambda_ad1ced32f4ac17aa236e5ef05d6b3b7c>@@V<lambda_f7424dd8d45958661754dc4f2697e9c3>@@@?$__crt_seh_guarded_call@X@@QEAAX$$QEAV<lambda_99476a1ad63dd22509b5d3e65b0ffc95>@@AEAV<lambda_ad1ced32f4ac17aa236e5ef05d6b3b7c>@@$$QEAV<lambda_f7424dd8d45958661754dc4f2697e9c3>@@@Z 0000000180023ccc     libucrt:mbctype.obj
 0004:00000cd8       $pdata$??R<lambda_ad1ced32f4ac17aa236e5ef05d6b3b7c>@@QEBAXXZ 0000000180023cd8     libucrt:mbctype.obj
 0004:00000ce4       $pdata$?getSystemCP@@YAHH@Z 0000000180023ce4     libucrt:mbctype.obj
 0004:00000cf0       $pdata$?setSBCS@@YAXPEAU__crt_multibyte_data@@@Z 0000000180023cf0     libucrt:mbctype.obj
 0004:00000cfc       $pdata$?setSBUpLow@@YAXPEAU__crt_multibyte_data@@@Z 0000000180023cfc     libucrt:mbctype.obj
 0004:00000d08       $pdata$?setmbcp_internal@@YAHH_N@Z 0000000180023d08     libucrt:mbctype.obj
 0004:00000d14       $pdata$__acrt_initialize_multibyte 0000000180023d14     libucrt:mbctype.obj
 0004:00000d20       $pdata$__acrt_update_thread_multibyte_data 0000000180023d20     libucrt:mbctype.obj
 0004:00000d2c       $pdata$_setmbcp_nolock     0000000180023d2c     libucrt:mbctype.obj
 0004:00000d38       $pdata$?x_ismbbtype_l@@YAHPEAU__crt_locale_pointers@@IHH@Z 0000000180023d38     libucrt:ismbbyte.obj
 0004:00000d44       $pdata$__acrt_initialize_command_line 0000000180023d44     libucrt:argv_data.obj
 0004:00000d50       $pdata$__dcrt_get_narrow_environment_from_os 0000000180023d50     libucrt:get_environment_from_os.obj
 0004:00000d5c       $pdata$_recalloc_base      0000000180023d5c     libucrt:recalloc.obj
 0004:00000d68       $pdata$__acrt_initialize_heap 0000000180023d68     libucrt:heap_handle.obj
 0004:00000d74       $pdata$__acrt_execute_initializers 0000000180023d74     libucrt:shared_initialization.obj
 0004:00000d80       $pdata$__acrt_execute_uninitializers 0000000180023d80     libucrt:shared_initialization.obj
 0004:00000d8c       $pdata$_callnewh           0000000180023d8c     libucrt:new_handler.obj
 0004:00000d98       $pdata$_query_new_handler  0000000180023d98     libucrt:new_handler.obj
 0004:00000da4       $pdata$__acrt_invoke_user_matherr 0000000180023da4     libucrt:matherr.obj
 0004:00000db0       $pdata$__pctype_func       0000000180023db0     libucrt:ctype.obj
 0004:00000dbc       $pdata$_isctype_l          0000000180023dbc     libucrt:isctype.obj
 0004:00000dc8       $pdata$?GetTableIndexFromLocaleName@@YAHPEB_W@Z 0000000180023dc8     libucrt:lcidtoname_downlevel.obj
 0004:00000dd4       $pdata$__acrt_DownlevelLocaleNameToLCID 0000000180023dd4     libucrt:lcidtoname_downlevel.obj
 0004:00000de0       $pdata$_fclose_nolock      0000000180023de0     libucrt:fclose.obj
 0004:00000dec       $pdata$fclose              0000000180023dec     libucrt:fclose.obj
 0004:00000df8       $pdata$__acrt_lowio_create_handle_array 0000000180023df8     libucrt:osfinfo.obj
 0004:00000e04       $pdata$__acrt_lowio_destroy_handle_array 0000000180023e04     libucrt:osfinfo.obj
 0004:00000e10       $pdata$__acrt_lowio_ensure_fh_exists 0000000180023e10     libucrt:osfinfo.obj
 0004:00000e1c       $pdata$_free_osfhnd        0000000180023e1c     libucrt:osfinfo.obj
 0004:00000e28       $pdata$_get_osfhandle      0000000180023e28     libucrt:osfinfo.obj
 0004:00000e34       $pdata$_isleadbyte_l       0000000180023e34     libucrt:_wctype.obj
 0004:00000e40       $pdata$?__acrt_LCMapStringA_stat@@YAHPEAU__crt_locale_pointers@@PEB_WKPEBDHPEADHHH@Z 0000000180023e40     libucrt:lcmapstringa.obj
 0004:00000e4c       $pdata$__acrt_LCMapStringA 0000000180023e4c     libucrt:lcmapstringa.obj
 0004:00000e58       $pdata$__acrt_free_locale  0000000180023e58     libucrt:locale_refcounting.obj
 0004:00000e64       $pdata$__acrt_locale_free_lc_time_if_unreferenced 0000000180023e64     libucrt:locale_refcounting.obj
 0004:00000e70       $pdata$__acrt_release_locale_ref 0000000180023e70     libucrt:locale_refcounting.obj
 0004:00000e7c       $pdata$__acrt_update_thread_locale_data 0000000180023e7c     libucrt:locale_refcounting.obj
 0004:00000e88       $pdata$_updatetlocinfoEx_nolock 0000000180023e88     libucrt:locale_refcounting.obj
 0004:00000e94       $pdata$__acrt_fp_strflt_to_string 0000000180023e94     libucrt:_fptostr.obj
 0004:00000ea0       $pdata$?divide@__crt_strtox@@YA_KAEAUbig_integer@1@AEBU21@@Z 0000000180023ea0     libucrt:cfout.obj
 0004:00000eac       $pdata$5$?divide@__crt_strtox@@YA_KAEAUbig_integer@1@AEBU21@@Z 0000000180023eac     libucrt:cfout.obj
 0004:00000eb8       $pdata$6$?divide@__crt_strtox@@YA_KAEAUbig_integer@1@AEBU21@@Z 0000000180023eb8     libucrt:cfout.obj
 0004:00000ec4       $pdata$__acrt_fltout       0000000180023ec4     libucrt:cfout.obj
 0004:00000ed0       $pdata$memcpy_s            0000000180023ed0     libucrt:cfout.obj
 0004:00000edc       $pdata$??$write_buffer_nolock@D@@YA_NDV__crt_stdio_stream@@@Z 0000000180023edc     libucrt:_flsbuf.obj
 0004:00000ee8       $pdata$__acrt_stdio_flush_and_write_narrow_nolock 0000000180023ee8     libucrt:_flsbuf.obj
 0004:00000ef4       $pdata$_isatty             0000000180023ef4     libucrt:isatty.obj
 0004:00000f00       $pdata$__acrt_locale_free_monetary 0000000180023f00     libucrt:initmon.obj
 0004:00000f0c       $pdata$__acrt_locale_free_numeric 0000000180023f0c     libucrt:initnum.obj
 0004:00000f18       $pdata$?free_crt_array_internal@@YAXQEAPEBX_K@Z 0000000180023f18     libucrt:inittime.obj
 0004:00000f24       $pdata$__acrt_locale_free_time 0000000180023f24     libucrt:inittime.obj
 0004:00000f30       $pdata$__acrt_GetStringTypeA 0000000180023f30     libucrt:getstringtypea.obj
 0004:00000f3c       $pdata$??$common_lseek@_J@@YA_JH_JH@Z 0000000180023f3c     libucrt:lseek.obj
 0004:00000f48       $pdata$??$common_lseek_nolock@_J@@YA_JH_JH@Z 0000000180023f48     libucrt:lseek.obj
 0004:00000f54       $pdata$_putwch_nolock      0000000180023f54     libucrt:putwch.obj
 0004:00000f60       $pdata$?shortsort@@YAXPEAD0_KP6AHPEBX2@Z@Z 0000000180023f60     libucrt:qsort.obj
 0004:00000f6c       $pdata$2$?shortsort@@YAXPEAD0_KP6AHPEBX2@Z@Z 0000000180023f6c     libucrt:qsort.obj
 0004:00000f78       $pdata$3$?shortsort@@YAXPEAD0_KP6AHPEBX2@Z@Z 0000000180023f78     libucrt:qsort.obj
 0004:00000f84       $pdata$qsort               0000000180023f84     libucrt:qsort.obj
 0004:00000f90       $pdata$4$qsort             0000000180023f90     libucrt:qsort.obj
 0004:00000f9c       $pdata$5$qsort             0000000180023f9c     libucrt:qsort.obj
 0004:00000fa8       $pdata$strncpy_s           0000000180023fa8     libucrt:strncpy_s.obj
 0004:00000fb4       $pdata$strpbrk             0000000180023fb4     libucrt:strpbrk.obj
 0004:00000fc0       $pdata$_mbsdec_l           0000000180023fc0     libucrt:mbsdec.obj
 0004:00000fcc       $pdata$?initialize_multibyte@@YAHXZ 0000000180023fcc     libucrt:multibyte_initializer.obj
 0004:00000fd8       $pdata$_msize              0000000180023fd8     libucrt:msize.obj
 0004:00000fe4       $pdata$_realloc_base       0000000180023fe4     libucrt:realloc_base.obj
 0004:00000ff0       $pdata$??$?RV<lambda_bfedae4ebbf01fab1bb6dcc6a9e276e0>@@AEAV<lambda_2fe9b910cf3cbf4a0ab98a02ba45b3ec>@@V<lambda_237c231691f317818eb88cc1d5d642d6>@@@?$__crt_seh_guarded_call@H@@QEAAH$$QEAV<lambda_bfedae4ebbf01fab1bb6dcc6a9e276e0>@@AEAV<lambda_2fe9b910cf3cbf4a0ab98a02ba45b3ec>@@$$QEAV<lambda_237c231691f317818eb88cc1d5d642d6>@@@Z 0000000180023ff0     libucrt:close.obj
 0004:00000ffc       $pdata$_close              0000000180023ffc     libucrt:close.obj
 0004:00001008       $pdata$_close_nolock       0000000180024008     libucrt:close.obj
 0004:00001014       $pdata$fegetenv            0000000180024014     libucrt:fegetenv.obj
 0004:00001020       $pdata$fesetenv            0000000180024020     libucrt:fesetenv.obj
 0004:0000102c       $pdata$feholdexcept        000000018002402c     libucrt:feholdexcept.obj
 0004:00001044       $pdata$__acrt_stdio_allocate_buffer_nolock 0000000180024044     libucrt:_getbuf.obj
 0004:00001050       $pdata$__dcrt_lowio_initialize_console_output 0000000180024050     libucrt:initcon.obj
 0004:0000105c       $pdata$__dcrt_terminate_console_output 000000018002405c     libucrt:initcon.obj
 0004:00001068       $pdata$_getfpcontrolword   0000000180024068     libucrt:_fenvutils.obj
 0004:00001074       $pdata$_getfpstatusword    0000000180024074     libucrt:_fenvutils.obj
 0004:00001080       $pdata$_setfpstatusword    0000000180024080     libucrt:_fenvutils.obj
 0004:0000108c       $pdata$_clearfp            000000018002408c     libucrt:ieee.obj
 0004:00001098       $pdata$common_control87    0000000180024098     libucrt:ieee.obj
 0004:000010a4       $pdata$_call_matherr       00000001800240a4     libucrt:libm_error.obj
 0004:000010b0       $pdata$_exception_enabled  00000001800240b0     libucrt:libm_error.obj
 0004:000010bc       $pdata$_handle_error       00000001800240bc     libucrt:libm_error.obj
 0004:000010c8       $pdata$__acrt_initialize_fma3 00000001800240c8     libucrt:fma3_available.obj
 0004:000010d4       $pdata$_log10_special      00000001800240d4     libucrt:log_special.obj
 0004:000010e0       $pdata$_log_special_common 00000001800240e0     libucrt:log_special.obj
 0004:000010f8       $pdata$_raise_exc          00000001800240f8     libucrt:fpexcept.obj
 0004:00001104       $pdata$_raise_exc_ex       0000000180024104     libucrt:fpexcept.obj
 0004:00001110       $pdata$_set_errno_from_matherr 0000000180024110     libucrt:fpexcept.obj
 0004:0000111c       $pdata$_clrfp              000000018002411c     libucrt:fpctrl.obj
 0004:00001128       $pdata$_ctrlfp             0000000180024128     libucrt:fpctrl.obj
 0004:00001134       $pdata$_set_statfp         0000000180024134     libucrt:fpctrl.obj
 0004:00001140       $pdata$_statfp             0000000180024140     libucrt:fpctrl.obj
 0004:0000114c       $pdata$_IsNonwritableInCurrentImage 000000018002414c     LIBCMT:pesect.obj
 0004:00001158       $pdata$__GSHandlerCheck    0000000180024158     LIBCMT:_gshandler_.obj
 0004:00001164       $pdata$__GSHandlerCheckCommon 0000000180024164     LIBCMT:_gshandler_.obj
 0004:0000117c       $pdata$strrchr             000000018002417c     libvcruntime:strrchr.obj
 0004:000011ac       $pdata$__scrt_is_nonwritable_in_current_image$filt$0 00000001800241ac     LIBCMT:utility.obj
 0004:000011b8       $pdata$?fin$0@?0??dllmain_crt_process_attach@@YAHQEAUHINSTANCE__@@QEAX@Z@4HA 00000001800241b8     LIBCMT:dll_dllmain.obj
 0004:000011c4       $pdata$?fin$0@?0??dllmain_crt_process_detach@@YAH_N@Z@4HA 00000001800241c4     LIBCMT:dll_dllmain.obj
 0004:000011d0       $pdata$?filt$0@?0??dllmain_dispatch@@YAHQEAUHINSTANCE__@@KQEAX@Z@4HA 00000001800241d0     LIBCMT:dll_dllmain.obj
 0004:000011dc       $pdata$__DestructExceptionObject$filt$0 00000001800241dc     libvcruntime:frame.obj
 0004:000011e8       $pdata$?filt$0@?0??common_exit@@YAXHW4_crt_exit_cleanup_mode@@W4_crt_exit_return_mode@@@Z@4HA 00000001800241e8     libucrt:exit.obj
 0004:000011f4       $pdata$?fin$1@?0??common_exit@@YAXHW4_crt_exit_cleanup_mode@@W4_crt_exit_return_mode@@@Z@4HA 00000001800241f4     libucrt:exit.obj
 0004:00001200       $pdata$?fin$0@?0???$?RV<lambda_aa279a7bcb127014629d5b1d62c7325d>@@AEAV<lambda_0a64b6a4deda75c01876f29c44fc5eb3>@@V<lambda_3323e69fbefe9d1a11713e670d47cdfa>@@@?$__crt_seh_guarded_call@H@@QEAAH$$QEAV<lambda_aa279a7bcb127014629d5b1d62c7325d>@@AEAV<lambda_0a64b6a4deda75c01876f29c44fc5eb3>@@$$QEAV<lambda_3323e69fbefe9d1a11713e670d47cdfa>@@@Z@4HA 0000000180024200     libucrt:output.obj
 0004:0000120c       $pdata$common_flush_all$fin$0 000000018002420c     libucrt:fflush.obj
 0004:00001218       $pdata$common_flush_all$fin$1 0000000180024218     libucrt:fflush.obj
 0004:00001224       $pdata$?fin$0@?0???$?RV<lambda_c36588078e9f5dfd39652860aa6b3aaf>@@AEAV<lambda_ec61778202f4f5fc7e7711acc23c3bca>@@V<lambda_dc9d2797ccde5d239b4a0efae8ebd7db>@@@?$__crt_seh_guarded_call@P6AXH@Z@@QEAAP6AXH@Z$$QEAV<lambda_c36588078e9f5dfd39652860aa6b3aaf>@@AEAV<lambda_ec61778202f4f5fc7e7711acc23c3bca>@@$$QEAV<lambda_dc9d2797ccde5d239b4a0efae8ebd7db>@@@Z@4HA 0000000180024224     libucrt:signal.obj
 0004:00001224       $pdata$?fin$0@?0???$?RV<lambda_99476a1ad63dd22509b5d3e65b0ffc95>@@AEAV<lambda_ad1ced32f4ac17aa236e5ef05d6b3b7c>@@V<lambda_f7424dd8d45958661754dc4f2697e9c3>@@@?$__crt_seh_guarded_call@X@@QEAAX$$QEAV<lambda_99476a1ad63dd22509b5d3e65b0ffc95>@@AEAV<lambda_ad1ced32f4ac17aa236e5ef05d6b3b7c>@@$$QEAV<lambda_f7424dd8d45958661754dc4f2697e9c3>@@@Z@4HA 0000000180024224     libucrt:mbctype.obj
 0004:00001224       $pdata$?fin$0@?0???$?RV<lambda_5e887d1dcbef67a5eb4283622ba103bf>@@AEAV<lambda_4466841279450cc726390878d4a41900>@@V<lambda_341c25c0346d94847f1f3c463c57e077>@@@?$__crt_seh_guarded_call@X@@QEAAX$$QEAV<lambda_5e887d1dcbef67a5eb4283622ba103bf>@@AEAV<lambda_4466841279450cc726390878d4a41900>@@$$QEAV<lambda_341c25c0346d94847f1f3c463c57e077>@@@Z@4HA 0000000180024224     libucrt:per_thread_data.obj
 0004:00001224       $pdata$?fin$0@?0???$?RV<lambda_fb3a7dec4e47f37f22dae91bb15c9095>@@AEAV<lambda_698284760c8add0bfb0756c19673e34b>@@V<lambda_dfb8eca1e75fef3034a8fb18dd509707>@@@?$__crt_seh_guarded_call@X@@QEAAX$$QEAV<lambda_fb3a7dec4e47f37f22dae91bb15c9095>@@AEAV<lambda_698284760c8add0bfb0756c19673e34b>@@$$QEAV<lambda_dfb8eca1e75fef3034a8fb18dd509707>@@@Z@4HA 0000000180024224     libucrt:per_thread_data.obj
 0004:00001224       $pdata$?fin$0@?0???$?RV<lambda_b8c45f8f788dd370798f47cfe8ac3a86>@@AEAV<lambda_4e60a939b0d047cfe11ddc22648dfba9>@@V<lambda_332c3edc96d0294ec56c57d38c1cdfd5>@@@?$__crt_seh_guarded_call@H@@QEAAH$$QEAV<lambda_b8c45f8f788dd370798f47cfe8ac3a86>@@AEAV<lambda_4e60a939b0d047cfe11ddc22648dfba9>@@$$QEAV<lambda_332c3edc96d0294ec56c57d38c1cdfd5>@@@Z@4HA 0000000180024224     libucrt:onexit.obj
 0004:00001224       $pdata$?fin$0@?0???$?RV<lambda_72d1df2b273a38828b1ce30cbf4cdab5>@@AEAV<lambda_876a65b173b8412d3a47c70a915b0cf4>@@V<lambda_41932305e351933ebe8f8be3ed8bb5dc>@@@?$__crt_seh_guarded_call@X@@QEAAX$$QEAV<lambda_72d1df2b273a38828b1ce30cbf4cdab5>@@AEAV<lambda_876a65b173b8412d3a47c70a915b0cf4>@@$$QEAV<lambda_41932305e351933ebe8f8be3ed8bb5dc>@@@Z@4HA 0000000180024224     libucrt:per_thread_data.obj
 0004:00001224       $pdata$?fin$0@?0???$?RV<lambda_46352004c1216016012b18bd6f87e700>@@AEAV<lambda_3bd07e1a1191394380780325891bf33f>@@V<lambda_334532d3f185bcaa59b5be82d7d22bff>@@@?$__crt_seh_guarded_call@X@@QEAAX$$QEAV<lambda_46352004c1216016012b18bd6f87e700>@@AEAV<lambda_3bd07e1a1191394380780325891bf33f>@@$$QEAV<lambda_334532d3f185bcaa59b5be82d7d22bff>@@@Z@4HA 0000000180024224     libucrt:per_thread_data.obj
 0004:00001230       $pdata$?fin$0@?0???$?RV<lambda_e24bbb7b643b32fcea6fa61b31d4c984>@@AEAV<lambda_275893d493268fdec8709772e3fcec0e>@@V<lambda_9d71df4d7cf3f480f8d633942495c3b0>@@@?$__crt_seh_guarded_call@H@@QEAAH$$QEAV<lambda_e24bbb7b643b32fcea6fa61b31d4c984>@@AEAV<lambda_275893d493268fdec8709772e3fcec0e>@@$$QEAV<lambda_9d71df4d7cf3f480f8d633942495c3b0>@@@Z@4HA 0000000180024230     libucrt:onexit.obj
 0004:0000123c       $pdata$_fcloseall$fin$0    000000018002423c     libucrt:closeall.obj
 0004:00001248       $pdata$__acrt_uninitialize_locale$fin$0 0000000180024248     libucrt:wsetlocale.obj
 0004:00001248       $pdata$__acrt_update_thread_locale_data$fin$0 0000000180024248     libucrt:locale_refcounting.obj
 0004:00001254       $pdata$raise$fin$0         0000000180024254     libucrt:signal.obj
 0004:00001260       $pdata$?fin$0@?0???$?RV<lambda_bfedae4ebbf01fab1bb6dcc6a9e276e0>@@AEAV<lambda_2fe9b910cf3cbf4a0ab98a02ba45b3ec>@@V<lambda_237c231691f317818eb88cc1d5d642d6>@@@?$__crt_seh_guarded_call@H@@QEAAH$$QEAV<lambda_bfedae4ebbf01fab1bb6dcc6a9e276e0>@@AEAV<lambda_2fe9b910cf3cbf4a0ab98a02ba45b3ec>@@$$QEAV<lambda_237c231691f317818eb88cc1d5d642d6>@@@Z@4HA 0000000180024260     libucrt:close.obj
 0004:00001260       $pdata$?fin$0@?0???$?RV<lambda_b521505b218e5242e90febf6bfebc422>@@AEAV<lambda_6978c1fb23f02e42e1d9e99668cc68aa>@@V<lambda_314360699dd331753a4119843814e9a7>@@@?$__crt_seh_guarded_call@H@@QEAAH$$QEAV<lambda_b521505b218e5242e90febf6bfebc422>@@AEAV<lambda_6978c1fb23f02e42e1d9e99668cc68aa>@@$$QEAV<lambda_314360699dd331753a4119843814e9a7>@@@Z@4HA 0000000180024260     libucrt:commit.obj
 0004:0000126c       $pdata$?fin$0@?0???$common_lseek@_J@@YA_JH_JH@Z@4HA 000000018002426c     libucrt:lseek.obj
 0004:0000126c       $pdata$_write$fin$0        000000018002426c     libucrt:write.obj
 0004:00001278       $pdata$__acrt_update_thread_multibyte_data$fin$0 0000000180024278     libucrt:mbctype.obj
 0004:00001284       $pdata$_query_new_handler$fin$0 0000000180024284     libucrt:new_handler.obj
 0004:00001290       $pdata$fclose$fin$0        0000000180024290     libucrt:fclose.obj
 0004:0000129c       $pdata$__acrt_lowio_ensure_fh_exists$fin$0 000000018002429c     libucrt:osfinfo.obj
 0004:0000129c       $pdata$__acrt_initialize_lowio$fin$0 000000018002429c     libucrt:ioinit.obj
 0004:000012a8       $pdata$common_control87$filt$0 00000001800242a8     libucrt:ieee.obj
 0004:000012a8       $pdata$_ctrlfp$filt$0      00000001800242a8     libucrt:fpctrl.obj
 0004:000012b4       $pdata$_IsNonwritableInCurrentImage$filt$0 00000001800242b4     LIBCMT:pesect.obj
 0005:00000000       __guard_fids__             0000000180025000     libucrt:initialization.obj
 0005:00000060       __guard_fids__             0000000180025060     libucrt:stdio_initializer.obj
 0005:00000064       __guard_fids__             0000000180025064     libucrt:stdio_initializer.obj
 0005:00000068       __guard_fids___acrt_initialize_ptd 0000000180025068     libucrt:per_thread_data.obj
 0005:0000006c       __guard_fids_??$expand_argument_wildcards@D@@YAHQEAD0AEAV?$argument_list@D@?A0xca0879c4@@@Z 000000018002506c     libucrt:argv_wildcards.obj
 0005:00000070       __guard_fids__             0000000180025070     libucrt:locale_initializer.obj
 0005:00000074       __guard_fids__             0000000180025074     libucrt:multibyte_initializer.obj
 0005:00000078       __guard_fids__             0000000180025078     libucrt:console_output_initializer.obj
 0005:0000007c       __guard_fids__             000000018002507c     libucrt:fma3_initializer.obj
 0005:00000080       __guard_fids__             0000000180025080     LIBCMT:std_type_info_static.obj
 0005:00000084       __guard_fids__             0000000180025084     LIBCMT:thread_safe_statics.obj
 0005:00000088       __guard_fids_?__scrt_initialize_thread_safe_statics@@YAHXZ 0000000180025088     LIBCMT:thread_safe_statics.obj
 0005:0000008c       __guard_fids_?dllmain_crt_process_attach@@YAHQEAUHINSTANCE__@@QEAX@Z 000000018002508c     LIBCMT:dll_dllmain.obj
 0005:00000094       __guard_fids_?dllmain_dispatch@@YAHQEAUHINSTANCE__@@KQEAX@Z 0000000180025094     LIBCMT:dll_dllmain.obj
 0005:00000098       __guard_fids__             0000000180025098     LIBCMT:guard_support.obj
 0005:0000009c       __guard_fids__             000000018002509c     libvcruntime:frame.obj
 0005:000000a0       __guard_fids__             00000001800250a0     libvcruntime:frame.obj
 0005:000000a8       __guard_fids___vcrt_initialize_ptd 00000001800250a8     libvcruntime:per_thread_data.obj
 0007:000000a0       $R000000                   00000001800270a0     tbbmalloc.res
 0007:00000460       $R0003C0                   0000000180027460     tbbmalloc.res
